Archive member included because of file (symbol)

c:/altera/13.1/nios2eds/bin/gnu/h-i686-mingw32/bin/../lib/gcc/nios2-elf/4.7.3/mno-hw-mul\libgcc.a(_fixunsdfsi.o)
                              obj/default/driver/uart.o (__fixunsdfsi)
c:/altera/13.1/nios2eds/bin/gnu/h-i686-mingw32/bin/../lib/gcc/nios2-elf/4.7.3/mno-hw-mul\libgcc.a(_addsub_df.o)
                              obj/default/driver/uart.o (__adddf3)
c:/altera/13.1/nios2eds/bin/gnu/h-i686-mingw32/bin/../lib/gcc/nios2-elf/4.7.3/mno-hw-mul\libgcc.a(_ge_df.o)
                              c:/altera/13.1/nios2eds/bin/gnu/h-i686-mingw32/bin/../lib/gcc/nios2-elf/4.7.3/mno-hw-mul\libgcc.a(_fixunsdfsi.o) (__gedf2)
c:/altera/13.1/nios2eds/bin/gnu/h-i686-mingw32/bin/../lib/gcc/nios2-elf/4.7.3/mno-hw-mul\libgcc.a(_df_to_si.o)
                              c:/altera/13.1/nios2eds/bin/gnu/h-i686-mingw32/bin/../lib/gcc/nios2-elf/4.7.3/mno-hw-mul\libgcc.a(_fixunsdfsi.o) (__fixdfsi)
c:/altera/13.1/nios2eds/bin/gnu/h-i686-mingw32/bin/../lib/gcc/nios2-elf/4.7.3/mno-hw-mul\libgcc.a(_thenan_df.o)
                              c:/altera/13.1/nios2eds/bin/gnu/h-i686-mingw32/bin/../lib/gcc/nios2-elf/4.7.3/mno-hw-mul\libgcc.a(_addsub_df.o) (__thenan_df)
c:/altera/13.1/nios2eds/bin/gnu/h-i686-mingw32/bin/../lib/gcc/nios2-elf/4.7.3/mno-hw-mul\libgcc.a(_usi_to_df.o)
                              obj/default/driver/uart.o (__floatunsidf)
c:/altera/13.1/nios2eds/bin/gnu/h-i686-mingw32/bin/../lib/gcc/nios2-elf/4.7.3/mno-hw-mul\libgcc.a(lib2-divmod.o)
                              obj/default/driver/uart.o (__udivsi3)
c:/altera/13.1/nios2eds/bin/gnu/h-i686-mingw32/bin/../lib/gcc/nios2-elf/4.7.3/mno-hw-mul\libgcc.a(lib2-mul.o)
                              obj/default/menuComponent/editNum10.o (__mulsi3)
c:/altera/13.1/nios2eds/bin/gnu/h-i686-mingw32/bin/../lib/gcc/nios2-elf/4.7.3/mno-hw-mul\libgcc.a(_clzsi2.o)
                              c:/altera/13.1/nios2eds/bin/gnu/h-i686-mingw32/bin/../lib/gcc/nios2-elf/4.7.3/mno-hw-mul\libgcc.a(_usi_to_df.o) (__clzsi2)
c:/altera/13.1/nios2eds/bin/gnu/h-i686-mingw32/bin/../lib/gcc/nios2-elf/4.7.3/mno-hw-mul\libgcc.a(_pack_df.o)
                              c:/altera/13.1/nios2eds/bin/gnu/h-i686-mingw32/bin/../lib/gcc/nios2-elf/4.7.3/mno-hw-mul\libgcc.a(_addsub_df.o) (__pack_d)
c:/altera/13.1/nios2eds/bin/gnu/h-i686-mingw32/bin/../lib/gcc/nios2-elf/4.7.3/mno-hw-mul\libgcc.a(_unpack_df.o)
                              c:/altera/13.1/nios2eds/bin/gnu/h-i686-mingw32/bin/../lib/gcc/nios2-elf/4.7.3/mno-hw-mul\libgcc.a(_addsub_df.o) (__unpack_d)
c:/altera/13.1/nios2eds/bin/gnu/h-i686-mingw32/bin/../lib/gcc/nios2-elf/4.7.3/mno-hw-mul\libgcc.a(_fpcmp_parts_df.o)
                              c:/altera/13.1/nios2eds/bin/gnu/h-i686-mingw32/bin/../lib/gcc/nios2-elf/4.7.3/mno-hw-mul\libgcc.a(_ge_df.o) (__fpcmp_parts_d)
c:/altera/13.1/nios2eds/bin/gnu/h-i686-mingw32/bin/../lib/gcc/nios2-elf/4.7.3/mno-hw-mul\libgcc.a(_lshrdi3.o)
                              c:/altera/13.1/nios2eds/bin/gnu/h-i686-mingw32/bin/../lib/gcc/nios2-elf/4.7.3/mno-hw-mul\libgcc.a(_pack_df.o) (__lshrdi3)
c:/altera/13.1/nios2eds/bin/gnu/h-i686-mingw32/bin/../lib/gcc/nios2-elf/4.7.3/mno-hw-mul\libgcc.a(_ashldi3.o)
                              c:/altera/13.1/nios2eds/bin/gnu/h-i686-mingw32/bin/../lib/gcc/nios2-elf/4.7.3/mno-hw-mul\libgcc.a(_pack_df.o) (__ashldi3)
c:/altera/13.1/nios2eds/bin/gnu/h-i686-mingw32/bin/../lib/gcc/nios2-elf/4.7.3/mno-hw-mul\libgcc.a(_clz.o)
                              c:/altera/13.1/nios2eds/bin/gnu/h-i686-mingw32/bin/../lib/gcc/nios2-elf/4.7.3/mno-hw-mul\libgcc.a(_clzsi2.o) (__clz_tab)
c:/altera/13.1/nios2eds/bin/gnu/h-i686-mingw32/bin/../lib/gcc/nios2-elf/4.7.3/../../../../../H-i686-mingw32/nios2-elf/lib/mno-hw-mul\libc.a(lib_a-printf.o)
                              obj/default/driver/FRAM.o (printf)
c:/altera/13.1/nios2eds/bin/gnu/h-i686-mingw32/bin/../lib/gcc/nios2-elf/4.7.3/../../../../../H-i686-mingw32/nios2-elf/lib/mno-hw-mul\libc.a(lib_a-puts.o)
                              obj/default/main/TopMenu.o (puts)
c:/altera/13.1/nios2eds/bin/gnu/h-i686-mingw32/bin/../lib/gcc/nios2-elf/4.7.3/../../../../../H-i686-mingw32/nios2-elf/lib/mno-hw-mul\libc.a(lib_a-strlen.o)
                              c:/altera/13.1/nios2eds/bin/gnu/h-i686-mingw32/bin/../lib/gcc/nios2-elf/4.7.3/../../../../../H-i686-mingw32/nios2-elf/lib/mno-hw-mul\libc.a(lib_a-puts.o) (strlen)
c:/altera/13.1/nios2eds/bin/gnu/h-i686-mingw32/bin/../lib/gcc/nios2-elf/4.7.3/../../../../../H-i686-mingw32/nios2-elf/lib/mno-hw-mul\libc.a(lib_a-vfprintf.o)
                              c:/altera/13.1/nios2eds/bin/gnu/h-i686-mingw32/bin/../lib/gcc/nios2-elf/4.7.3/../../../../../H-i686-mingw32/nios2-elf/lib/mno-hw-mul\libc.a(lib_a-printf.o) (___vfprintf_internal_r)
c:/altera/13.1/nios2eds/bin/gnu/h-i686-mingw32/bin/../lib/gcc/nios2-elf/4.7.3/../../../../../H-i686-mingw32/nios2-elf/lib/mno-hw-mul\libc.a(lib_a-wsetup.o)
[...]
Memory Configuration

Name             Origin             Length             Attributes
sdram_BEFORE_EXCEPTION 0x02000000         0x00000020
sdram            0x02000020         0x01ffffe0
reset            0x04001000         0x00000020
epcs             0x04001020         0x000007e0
*default*        0x00000000         0xffffffff

Linker script and memory map

LOAD ../Controller_sw_bsp//obj/HAL/src/crt0.o
LOAD obj/default/driver/Counter.o
LOAD obj/default/driver/DisDriver.o
LOAD obj/default/driver/FRAM.o
LOAD obj/default/driver/KPLED.o
LOAD obj/default/driver/comInterface.o
LOAD obj/default/driver/coverPage.o
LOAD obj/default/driver/delay.o
LOAD obj/default/driver/loadWriteData.o
LOAD obj/default/driver/powerFailure.o
LOAD obj/default/driver/uart.o
LOAD obj/default/main/TopMenu.o
LOAD obj/default/main/main.o
LOAD obj/default/menuComponent/FireMenu.o
LOAD obj/default/menuComponent/HeaterWarmingUp.o
LOAD obj/default/menuComponent/ParameterMenu.o
LOAD obj/default/menuComponent/RemoteMenu.o
LOAD obj/default/menuComponent/SaveLoadMenu.o
LOAD obj/default/menuComponent/ShotCountersMenu.o
LOAD obj/default/menuComponent/ShutdownMenu.o
LOAD obj/default/menuComponent/StartupMenu.o
LOAD obj/default/menuComponent/editNum10.o
LOAD obj/default/menuComponent/editNum2.o
LOAD obj/default/menuComponent/editNum5.o
LOAD obj/default/menuComponent/enterPWD.o
LOAD obj/default/menuComponent/errorCheck.o
LOAD obj/default/menuComponent/pwdPage.o
LOAD obj/default/menuComponent/repPage.o
LOAD obj/default/menuComponent/shotPage.o
LOAD obj/default/menuComponent/timingPage.o
LOAD c:/altera/13.1/nios2eds/bin/gnu/h-i686-mingw32/bin/../lib/gcc/nios2-elf/4.7.3/../../../../../H-i686-mingw32/nios2-elf/lib/mno-hw-mul\libstdc++.a
LOAD c:/altera/13.1/nios2eds/bin/gnu/h-i686-mingw32/bin/../lib/gcc/nios2-elf/4.7.3/../../../../../H-i686-mingw32/nios2-elf/lib/mno-hw-mul\libm.a
LOAD c:/altera/13.1/nios2eds/bin/gnu/h-i686-mingw32/bin/../lib/gcc/nios2-elf/4.7.3/mno-hw-mul\libgcc.a
START GROUP
LOAD c:/altera/13.1/nios2eds/bin/gnu/h-i686-mingw32/bin/../lib/gcc/nios2-elf/4.7.3/../../../../../H-i686-mingw32/nios2-elf/lib/mno-hw-mul\libc.a
LOAD c:/altera/13.1/nios2eds/bin/gnu/h-i686-mingw32/bin/../lib/gcc/nios2-elf/4.7.3/mno-hw-mul\libgcc.a
LOAD ../Controller_sw_bsp/\libhal_bsp.a
END GROUP
LOAD c:/altera/13.1/nios2eds/bin/gnu/h-i686-mingw32/bin/../lib/gcc/nios2-elf/4.7.3/mno-hw-mul\libgcc.a
                0x02000000                __alt_mem_sdram = 0x2000000
                0x04001000                __alt_mem_epcs = 0x4001000

.entry          0x04001000        0x0
 *(.entry)
 .entry         0x04001000        0x0 ../Controller_sw_bsp//obj/HAL/src/crt0.o
                0x04001000                __reset

.exceptions     0x02000020      0x198
                0x02000020                PROVIDE (__ram_exceptions_start, ABSOLUTE (.))
                0x02000020                . = ALIGN (0x20)
 *(.irq)
 *(.exceptions.entry.label)
 .exceptions.entry.label
                0x02000020        0x0 ../Controller_sw_bsp/\libhal_bsp.a(alt_irq_entry.o)
                0x02000020                alt_irq_entry
 .exceptions.entry.label
                0x02000020        0x0 ../Controller_sw_bsp/\libhal_bsp.a(alt_exception_entry.o)
                0x02000020                alt_exception
 *(.exceptions.entry.user)
 *(.exceptions.entry.ecc_fatal)
 *(.exceptions.entry)
 .exceptions.entry
                0x02000020       0x54 ../Controller_sw_bsp/\libhal_bsp.a(alt_exception_entry.o)
 *(.exceptions.irqtest.user)
 *(.exceptions.irqtest)
 .exceptions.irqtest
                0x02000074       0x10 ../Controller_sw_bsp/\libhal_bsp.a(alt_irq_entry.o)
 *(.exceptions.irqhandler.user)
 *(.exceptions.irqhandler)
 .exceptions.irqhandler
                0x02000084        0x4 ../Controller_sw_bsp/\libhal_bsp.a(alt_irq_entry.o)
 *(.exceptions.irqreturn.user)
 *(.exceptions.irqreturn)
 .exceptions.irqreturn
                0x02000088        0x4 ../Controller_sw_bsp/\libhal_bsp.a(alt_irq_entry.o)
 *(.exceptions.notirq.label)
 .exceptions.notirq.label
                0x0200008c        0x0 ../Controller_sw_bsp/\libhal_bsp.a(alt_irq_entry.o)
 *(.exceptions.notirq.user)
 *(.exceptions.notirq)
 .exceptions.notirq
                0x0200008c        0x8 ../Controller_sw_bsp/\libhal_bsp.a(alt_exception_entry.o)
 *(.exceptions.soft.user)
 *(.exceptions.soft)
 *(.exceptions.unknown.user)
 *(.exceptions.unknown)
 .exceptions.unknown
                0x02000094        0x4 ../Controller_sw_bsp/\libhal_bsp.a(alt_exception_entry.o)
 *(.exceptions.exit.label)
 .exceptions.exit.label
                0x02000098        0x0 ../Controller_sw_bsp/\libhal_bsp.a(alt_irq_entry.o)
 .exceptions.exit.label
                0x02000098        0x0 ../Controller_sw_bsp/\libhal_bsp.a(alt_exception_entry.o)
 *(.exceptions.exit.user)
 *(.exceptions.exit)
 .exceptions.exit
                0x02000098       0x54 ../Controller_sw_bsp/\libhal_bsp.a(alt_exception_entry.o)
 *(.exceptions)
 .exceptions    0x020000ec       0xcc ../Controller_sw_bsp/\libhal_bsp.a(alt_irq_handler.o)
                0x020000ec                alt_irq_handler
                0x020001b8                PROVIDE (__ram_exceptions_end, ABSOLUTE (.))
                0x02000020                PROVIDE (__flash_exceptions_start, LOADADDR (.exceptions))

.text           0x020001b8    0x15ef4
                0x020001b8                PROVIDE (stext, ABSOLUTE (.))
 *(.interp)
 *(.hash)
 *(.dynsym)
 *(.dynstr)
 *(.gnu.version)
 *(.gnu.version_d)
 *(.gnu.version_r)
 *(.rel.init)
 *(.rela.init)
 *(.rel.text .rel.text.* .rel.gnu.linkonce.t.*)
 *(.rela.text .rela.text.* .rela.gnu.linkonce.t.*)
 *(.rel.fini)
 *(.rela.fini)
 *(.rel.rodata .rel.rodata.* .rel.gnu.linkonce.r.*)
 *(.rela.rodata .rela.rodata.* .rela.gnu.linkonce.r.*)
 *(.rel.data .rel.data.* .rel.gnu.linkonce.d.*)
 *(.rela.data .rela.data.* .rela.gnu.linkonce.d.*)
 *(.rel.tdata .rel.tdata.* .rel.gnu.linkonce.td.*)
 *(.rela.tdata .rela.tdata.* .rela.gnu.linkonce.td.*)
 *(.rel.tbss .rel.tbss.* .rel.gnu.linkonce.tb.*)
 *(.rela.tbss .rela.tbss.* .rela.gnu.linkonce.tb.*)
 *(.rel.ctors)
 *(.rela.ctors)
 *(.rel.dtors)
 *(.rela.dtors)
 *(.rel.got)
 *(.rela.got)
 *(.rel.sdata .rel.sdata.* .rel.gnu.linkonce.s.*)
 *(.rela.sdata .rela.sdata.* .rela.gnu.linkonce.s.*)
 *(.rel.sbss .rel.sbss.* .rel.gnu.linkonce.sb.*)
 *(.rela.sbss .rela.sbss.* .rela.gnu.linkonce.sb.*)
 *(.rel.sdata2 .rel.sdata2.* .rel.gnu.linkonce.s2.*)
 *(.rela.sdata2 .rela.sdata2.* .rela.gnu.linkonce.s2.*)
 *(.rel.sbss2 .rel.sbss2.* .rel.gnu.linkonce.sb2.*)
 *(.rela.sbss2 .rela.sbss2.* .rela.gnu.linkonce.sb2.*)
 *(.rel.bss .rel.bss.* .rel.gnu.linkonce.b.*)
 *(.rela.bss .rela.bss.* .rela.gnu.linkonce.b.*)
 *(.rel.plt)
 *(.rela.plt)
 *(.rel.dyn)
 *(.init)
 *(.plt)
 *(.text .stub .text.* .gnu.linkonce.t.*)
 .text          0x020001b8       0x38 ../Controller_sw_bsp//obj/HAL/src/crt0.o
                0x020001b8                _start
 .text          0x020001f0      0x1b0 obj/default/driver/Counter.o
                0x020001f0                CounterInit
                0x0200026c                getCounter0Val
                0x0200029c                getCounter1Val
                0x020002cc                SaveCounterToFRAM
                0x02000328                resetCounter1
 .text          0x020003a0      0x380 obj/default/driver/DisDriver.o
                0x020003a0                DisWrData
                0x02000418                DisWrInst
                0x0200048c                DisInit
                0x020004fc                DisShowCur
                0x02000540                DisCurPos
                0x02000600                DisWrStr
                0x02000678                DisClear
                0x020006ac                DisClearRow
                0x020006f4                DisOff
 .text          0x02000720      0x6e4 obj/default/driver/FRAM.o
                0x02000720                FRAM_SendByte
                0x02000938                FRAM_ReadByte
                0x02000b5c                FRAM_Write32Bits
                0x02000c88                FRAM_Read32Bits
                0x02000d90                FRAM_test
 .text          0x02000e04      0x5d0 obj/default/driver/KPLED.o
                0x02000e04                KPLED_getStatus
                0x02000e24                KPLED_setStatus
                0x02000e88                KPLED_All_Bright
                0x02000ee4                KPLED_All_Dim
                0x02000f40                KPLED_All_Off
                0x02000f9c                KPLED_Numbers
                0x02001020                KPLED_RightArrow
                0x020010ac                KPLED_LeftArrow
                0x02001134                KPLED_Menu
                0x020011bc                KPLED_Edit
                0x02001244                KPLED_Enter
                0x020012cc                KPLED_Enable
                0x02001354                KPLED_Fire
 .text          0x020013d4      0x504 obj/default/driver/comInterface.o
                0x020013d4                UartInit
                0x02001408                WriteRAM32Bits
                0x020014e0                ReadRAM32Bits
                0x020016ac                WriteEEPROM8Bits
                0x02001724                WriteEEPROM32Bits
                0x020017f8                Fire
                0x02001840                Stop
                0x02001888                ResetRAMFromEEPROM
 .text          0x020018d8       0xdc obj/default/driver/coverPage.o
                0x020018d8                showCoverPage
 .text          0x020019b4       0x60 obj/default/driver/delay.o
                0x020019b4                delay
 .text          0x02001a14      0x300 obj/default/driver/loadWriteData.o
                0x02001a14                loadData
                0x02001a40                LoadRAMRepRate
                0x02001a6c                LoadRAMShots
                0x02001a98                LoadRAMStartTime
                0x02001ad8                LoadRAMEndTime
                0x02001b18                LoadCounter0Init
                0x02001b44                LoadCounter1Init
                0x02001b70                WriteRAMRepRate
                0x02001ba4                WriteRAMShots
                0x02001bd8                WriteRAMStartTime
                0x02001c24                WriteRAMEndTime
                0x02001c70                reloadRegisters
 .text          0x02001d14      0x1a0 obj/default/driver/powerFailure.o
                0x02001e54                PowerFailure_Init
 .text          0x02001eb4      0x25c obj/default/driver/uart.o
 .text          0x02002110      0x484 obj/default/main/TopMenu.o
                0x02002110                initController
                0x02002268                refreshTopMenuEntry
                0x02002354                enterTopMenuPage
                0x02002408                TopMenu
 .text          0x02002594       0x2c obj/default/main/main.o
                0x02002594                main
 .text          0x020025c0      0xe88 obj/default/menuComponent/FireMenu.o
                0x020025c0                entryFireMenu
                0x02002678                PreFiringErrChk
                0x020028e0                showFiringInformation
                0x02002998                PreionFaultHandler
                0x02002a24                PauseSequence
                0x02002d88                StopFiring
                0x02002e54                StartFiring
                0x020031e4                enterFireMenu
                0x02003394                ShowInterlockMessage
 .text          0x02003448      0x1c4 obj/default/menuComponent/HeaterWarmingUp.o
                0x02003448                printTime
                0x020034d0                checkHeater
 .text          0x0200360c      0x338 obj/default/menuComponent/ParameterMenu.o
                0x0200360c                entryParameterMenu
                0x020036e0                refreshParameterMenuEntry
                0x02003748                editParameter
                0x020037b0                enterParameterMenu
 .text          0x02003944      0x310 obj/default/menuComponent/RemoteMenu.o
                0x02003944                StartRemoteCtrl
                0x02003a6c                entryRemoteMenu
                0x02003b24                enterRemoteMenu
 .text          0x02003c54      0x728 obj/default/menuComponent/SaveLoadMenu.o
                0x02003c54                entrySaveLoadMenu
                0x02003d0c                SaveToEEPROM
                0x02003e18                refreshSaveLoadMenuPage
                0x02003f50                enterSaveLoadMenuPage
                0x020041f4                enterSaveLoadMenu
 .text          0x0200437c      0x570 obj/default/menuComponent/ShotCountersMenu.o
                0x0200437c                entryShotCountersMenu
                0x0200442c                refreshShotCountersMenuPage
                0x020045bc                editShotCountersMenuPage
                0x02004764                enterShotCountersMenu
 .text          0x020048ec      0x6ec obj/default/menuComponent/ShutdownMenu.o
                0x020048ec                getShutdownInst
                0x02004a64                entryShutdownMenu
                0x02004b1c                confirmShutdown
                0x02004c70                refreshShutdownMenuPage
                0x02004d8c                enterShutdownMenu
 .text          0x02004fd8      0x5a4 obj/default/menuComponent/StartupMenu.o
                0x02004fd8                getStartupInst
                0x020051c8                startupAction
                0x02005260                entryStartupMenu
                0x02005318                refreshStartupMenuPage
                0x02005434                enterStartupMenu
 .text          0x0200557c      0xe6c obj/default/menuComponent/editNum10.o
                0x0200557c                Num10toStr10
                0x020057cc                Str10toDis10
                0x020058d0                Num10Check
                0x02005be0                Dis10toNum10
                0x02005e60                refreshButtonBarNum10
                0x02005f2c                editNum10
 .text          0x020063e8      0x534 obj/default/menuComponent/editNum2.o
                0x020063e8                Num2toStr2
                0x0200647c                Str2toNum2
                0x02006508                refreshButtonBarNum2
                0x020065d4                editNum2
 .text          0x0200691c      0x694 obj/default/menuComponent/editNum5.o
                0x0200691c                Num5toStr5
                0x02006a58                Str5toNum5
                0x02006b9c                refreshButtonBarNum5
                0x02006c68                editNum5
 .text          0x02006fb0      0x634 obj/default/menuComponent/enterPWD.o
                0x02006fb0                checkPWD
                0x020070b0                refreshButtonBarPWD
                0x0200717c                enterPWD
 .text          0x020075e4      0xa0c obj/default/menuComponent/errorCheck.o
                0x020075e4                getErrFlag
                0x02007684                chkEditedParameter
                0x020076f8                chkSingleTiming
                0x02007d08                refreshErrFlags
                0x02007dec                chkAllTiming
                0x02007e8c                chkLeftTiming
                0x02007f38                chkRightTiming
 .text          0x02007ff0       0xcc obj/default/menuComponent/pwdPage.o
                0x02007ff0                enterPWDPage
 .text          0x020080bc      0x1ac obj/default/menuComponent/repPage.o
                0x020080bc                entryParameterRepRate
                0x02008198                editParameterRepRate
 .text          0x02008268      0x18c obj/default/menuComponent/shotPage.o
                0x02008268                entryParameterNumOfShots
                0x02008348                editParameterNumOfShot
 .text          0x020083f4      0x408 obj/default/menuComponent/timingPage.o
                0x020083f4                convertChnlTitle
                0x020084dc                entryParameterTiming
                0x02008714                editParamterTiming
 .text          0x020087fc       0x84 c:/altera/13.1/nios2eds/bin/gnu/h-i686-mingw32/bin/../lib/gcc/nios2-elf/4.7.3/mno-hw-mul\libgcc.a(_fixunsdfsi.o)
                0x020087fc                __fixunsdfsi
 .text          0x02008880      0x408 c:/altera/13.1/nios2eds/bin/gnu/h-i686-mingw32/bin/../lib/gcc/nios2-elf/4.7.3/mno-hw-mul\libgcc.a(_addsub_df.o)
                0x02008bd4                __adddf3
                0x02008c28                __subdf3
 .text          0x02008c88       0x64 c:/altera/13.1/nios2eds/bin/gnu/h-i686-mingw32/bin/../lib/gcc/nios2-elf/4.7.3/mno-hw-mul\libgcc.a(_ge_df.o)
                0x02008c88                __gedf2
 .text          0x02008cec       0xd4 c:/altera/13.1/nios2eds/bin/gnu/h-i686-mingw32/bin/../lib/gcc/nios2-elf/4.7.3/mno-hw-mul\libgcc.a(_df_to_si.o)
                0x02008cec                __fixdfsi
 .text          0x02008dc0        0x0 c:/altera/13.1/nios2eds/bin/gnu/h-i686-mingw32/bin/../lib/gcc/nios2-elf/4.7.3/mno-hw-mul\libgcc.a(_thenan_df.o)
 .text          0x02008dc0      0x11c c:/altera/13.1/nios2eds/bin/gnu/h-i686-mingw32/bin/../lib/gcc/nios2-elf/4.7.3/mno-hw-mul\libgcc.a(_usi_to_df.o)
                0x02008dc0                __floatunsidf
 .text          0x02008edc      0x130 c:/altera/13.1/nios2eds/bin/gnu/h-i686-mingw32/bin/../lib/gcc/nios2-elf/4.7.3/mno-hw-mul\libgcc.a(lib2-divmod.o)
                0x02008f50                __divsi3
                0x02008fa0                __modsi3
                0x02008ffc                __udivsi3
                0x02009004                __umodsi3
 .text          0x0200900c       0x28 c:/altera/13.1/nios2eds/bin/gnu/h-i686-mingw32/bin/../lib/gcc/nios2-elf/4.7.3/mno-hw-mul\libgcc.a(lib2-mul.o)
                0x0200900c                __mulsi3
 .text          0x02009034       0xac c:/altera/13.1/nios2eds/bin/gnu/h-i686-mingw32/bin/../lib/gcc/nios2-elf/4.7.3/mno-hw-mul\libgcc.a(_clzsi2.o)
                0x02009034                __clzsi2
 .text          0x020090e0      0x224 c:/altera/13.1/nios2eds/bin/gnu/h-i686-mingw32/bin/../lib/gcc/nios2-elf/4.7.3/mno-hw-mul\libgcc.a(_pack_df.o)
                0x020090e0                __pack_d
 .text          0x02009304      0x104 c:/altera/13.1/nios2eds/bin/gnu/h-i686-mingw32/bin/../lib/gcc/nios2-elf/4.7.3/mno-hw-mul\libgcc.a(_unpack_df.o)
                0x02009304                __unpack_d
 .text          0x02009408       0xd0 c:/altera/13.1/nios2eds/bin/gnu/h-i686-mingw32/bin/../lib/gcc/nios2-elf/4.7.3/mno-hw-mul\libgcc.a(_fpcmp_parts_df.o)
                0x02009408                __fpcmp_parts_d
 .text          0x020094d8       0x44 c:/altera/13.1/nios2eds/bin/gnu/h-i686-mingw32/bin/../lib/gcc/nios2-elf/4.7.3/mno-hw-mul\libgcc.a(_lshrdi3.o)
                0x020094d8                __lshrdi3
 .text          0x0200951c       0x44 c:/altera/13.1/nios2eds/bin/gnu/h-i686-mingw32/bin/../lib/gcc/nios2-elf/4.7.3/mno-hw-mul\libgcc.a(_ashldi3.o)
                0x0200951c                __ashldi3
 .text          0x02009560        0x0 c:/altera/13.1/nios2eds/bin/gnu/h-i686-mingw32/bin/../lib/gcc/nios2-elf/4.7.3/mno-hw-mul\libgcc.a(_clz.o)
 .text          0x02009560       0x68 c:/altera/13.1/nios2eds/bin/gnu/h-i686-mingw32/bin/../lib/gcc/nios2-elf/4.7.3/../../../../../H-i686-mingw32/nios2-elf/lib/mno-hw-mul\libc.a(lib_a-printf.o)
                0x02009560                _printf_r
                0x0200958c                printf
 .text          0x020095c8       0x98 c:/altera/13.1/nios2eds/bin/gnu/h-i686-mingw32/bin/../lib/gcc/nios2-elf/4.7.3/../../../../../H-i686-mingw32/nios2-elf/lib/mno-hw-mul\libc.a(lib_a-puts.o)
                0x020095c8                _puts_r
                0x0200964c                puts
 .text          0x02009660       0x8c c:/altera/13.1/nios2eds/bin/gnu/h-i686-mingw32/bin/../lib/gcc/nios2-elf/4.7.3/../../../../../H-i686-mingw32/nios2-elf/lib/mno-hw-mul\libc.a(lib_a-strlen.o)
                0x02009660                strlen
 .text          0x020096ec     0x1ed4 c:/altera/13.1/nios2eds/bin/gnu/h-i686-mingw32/bin/../lib/gcc/nios2-elf/4.7.3/../../../../../H-i686-mingw32/nios2-elf/lib/mno-hw-mul\libc.a(lib_a-vfprintf.o)
                0x02009720                ___vfprintf_internal_r
                0x0200b59c                __vfprintf_internal
 .text          0x0200b5c0      0x174 c:/altera/13.1/nios2eds/bin/gnu/h-i686-mingw32/bin/../lib/gcc/nios2-elf/4.7.3/../../../../../H-i686-mingw32/nios2-elf/lib/mno-hw-mul\libc.a(lib_a-wsetup.o)
                0x0200b5c0                __swsetup_r
 .text          0x0200b734     0x1858 c:/altera/13.1/nios2eds/bin/gnu/h-i686-mingw32/bin/../lib/gcc/nios2-elf/4.7.3/../../../../../H-i686-mingw32/nios2-elf/lib/mno-hw-mul\libc.a(lib_a-dtoa.o)
                0x0200b970                _dtoa_r
 .text          0x0200cf8c      0x218 c:/altera/13.1/nios2eds/bin/gnu/h-i686-mingw32/bin/../lib/gcc/nios2-elf/4.7.3/../../../../../H-i686-mingw32/nios2-elf/lib/mno-hw-mul\libc.a(lib_a-fflush.o)
                0x0200cf8c                _fflush_r
                0x0200d174                fflush
 .text          0x0200d1a4      0x2ec c:/altera/13.1/nios2eds/bin/gnu/h-i686-mingw32/bin/../lib/gcc/nios2-elf/4.7.3/../../../../../H-i686-mingw32/nios2-elf/lib/mno-hw-mul\libc.a(lib_a-findfp.o)
                0x0200d1b4                _cleanup_r
                0x0200d1c0                __sfmoreglue
                0x0200d238                _cleanup
                0x0200d248                __sinit
                0x0200d354                __sfp
                0x0200d450                __sfp_lock_acquire
                0x0200d454                __sfp_lock_release
                0x0200d458                __sinit_lock_acquire
                0x0200d45c                __sinit_lock_release
                0x0200d460                __fp_lock_all
                0x0200d478                __fp_unlock_all
 .text          0x0200d490      0x40c c:/altera/13.1/nios2eds/bin/gnu/h-i686-mingw32/bin/../lib/gcc/nios2-elf/4.7.3/../../../../../H-i686-mingw32/nios2-elf/lib/mno-hw-mul\libc.a(lib_a-freer.o)
                0x0200d490                _malloc_trim_r
                0x0200d5cc                _free_r
 .text          0x0200d89c      0x4e4 c:/altera/13.1/nios2eds/bin/gnu/h-i686-mingw32/bin/../lib/gcc/nios2-elf/4.7.3/../../../../../H-i686-mingw32/nios2-elf/lib/mno-hw-mul\libc.a(lib_a-fvwrite.o)
                0x0200d89c                __sfvwrite_r
 .text          0x0200dd80      0x160 c:/altera/13.1/nios2eds/bin/gnu/h-i686-mingw32/bin/../lib/gcc/nios2-elf/4.7.3/../../../../../H-i686-mingw32/nios2-elf/lib/mno-hw-mul\libc.a(lib_a-fwalk.o)
                0x0200dd80                _fwalk
                0x0200de28                _fwalk_reent
 .text          0x0200dee0        0x0 c:/altera/13.1/nios2eds/bin/gnu/h-i686-mingw32/bin/../lib/gcc/nios2-elf/4.7.3/../../../../../H-i686-mingw32/nios2-elf/lib/mno-hw-mul\libc.a(lib_a-impure.o)
 .text          0x0200dee0       0xdc c:/altera/13.1/nios2eds/bin/gnu/h-i686-mingw32/bin/../lib/gcc/nios2-elf/4.7.3/../../../../../H-i686-mingw32/nios2-elf/lib/mno-hw-mul\libc.a(lib_a-locale.o)
                0x0200dee0                _setlocale_r
                0x0200df7c                __locale_charset
                0x0200df88                _localeconv_r
                0x0200df94                setlocale
                0x0200dfb0                localeconv
 .text          0x0200dfbc      0x1a8 c:/altera/13.1/nios2eds/bin/gnu/h-i686-mingw32/bin/../lib/gcc/nios2-elf/4.7.3/../../../../../H-i686-mingw32/nios2-elf/lib/mno-hw-mul\libc.a(lib_a-makebuf.o)
                0x0200dfbc                __smakebuf_r
 .text          0x0200e164      0x784 c:/altera/13.1/nios2eds/bin/gnu/h-i686-mingw32/bin/../lib/gcc/nios2-elf/4.7.3/../../../../../H-i686-mingw32/nios2-elf/lib/mno-hw-mul\libc.a(lib_a-mallocr.o)
                0x0200e164                _malloc_r
 .text          0x0200e8e8       0xf8 c:/altera/13.1/nios2eds/bin/gnu/h-i686-mingw32/bin/../lib/gcc/nios2-elf/4.7.3/../../../../../H-i686-mingw32/nios2-elf/lib/mno-hw-mul\libc.a(lib_a-memchr.o)
                0x0200e8e8                memchr
 .text          0x0200e9e0      0x140 c:/altera/13.1/nios2eds/bin/gnu/h-i686-mingw32/bin/../lib/gcc/nios2-elf/4.7.3/../../../../../H-i686-mingw32/nios2-elf/lib/mno-hw-mul\libc.a(lib_a-memcpy.o)
                0x0200e9e0                memcpy
 .text          0x0200eb20      0x18c c:/altera/13.1/nios2eds/bin/gnu/h-i686-mingw32/bin/../lib/gcc/nios2-elf/4.7.3/../../../../../H-i686-mingw32/nios2-elf/lib/mno-hw-mul\libc.a(lib_a-memmove.o)
                0x0200eb20                memmove
 .text          0x0200ecac       0xdc c:/altera/13.1/nios2eds/bin/gnu/h-i686-mingw32/bin/../lib/gcc/nios2-elf/4.7.3/../../../../../H-i686-mingw32/nios2-elf/lib/mno-hw-mul\libc.a(lib_a-memset.o)
                0x0200ecac                memset
 .text          0x0200ed88     0x1050 c:/altera/13.1/nios2eds/bin/gnu/h-i686-mingw32/bin/../lib/gcc/nios2-elf/4.7.3/../../../../../H-i686-mingw32/nios2-elf/lib/mno-hw-mul\libc.a(lib_a-mprec.o)
                0x0200ed88                _Balloc
                0x0200ee30                _Bfree
                0x0200ee58                __multadd
                0x0200ef9c                __s2b
                0x0200f0a0                __hi0bits
                0x0200f108                __lo0bits
                0x0200f1b8                __i2b
                0x0200f1f4                __multiply
                0x0200f44c                __pow5mult
                0x0200f578                __lshift
                0x0200f6d4                __mcmp
                0x0200f72c                __mdiff
                0x0200f8d4                __ulp
                0x0200f934                __b2d
                0x0200fa7c                __d2b
                0x0200fbc0                __ratio
                0x0200fc64                _mprec_log10
                0x0200fcd8                __copybits
                0x0200fd54                __any_on
 .text          0x0200fdd8      0x5fc c:/altera/13.1/nios2eds/bin/gnu/h-i686-mingw32/bin/../lib/gcc/nios2-elf/4.7.3/../../../../../H-i686-mingw32/nios2-elf/lib/mno-hw-mul\libc.a(lib_a-reallocr.o)
                0x0200fdd8                _realloc_r
 .text          0x020103d4       0x38 c:/altera/13.1/nios2eds/bin/gnu/h-i686-mingw32/bin/../lib/gcc/nios2-elf/4.7.3/../../../../../H-i686-mingw32/nios2-elf/lib/mno-hw-mul\libc.a(lib_a-s_isinfd.o)
                0x020103d4                __isinfd
 .text          0x0201040c       0x2c c:/altera/13.1/nios2eds/bin/gnu/h-i686-mingw32/bin/../lib/gcc/nios2-elf/4.7.3/../../../../../H-i686-mingw32/nios2-elf/lib/mno-hw-mul\libc.a(lib_a-s_isnand.o)
                0x0201040c                __isnand
 .text          0x02010438       0x64 c:/altera/13.1/nios2eds/bin/gnu/h-i686-mingw32/bin/../lib/gcc/nios2-elf/4.7.3/../../../../../H-i686-mingw32/nios2-elf/lib/mno-hw-mul\libc.a(lib_a-sbrkr.o)
                0x02010438                _sbrk_r
 .text          0x0201049c      0x140 c:/altera/13.1/nios2eds/bin/gnu/h-i686-mingw32/bin/../lib/gcc/nios2-elf/4.7.3/../../../../../H-i686-mingw32/nios2-elf/lib/mno-hw-mul\libc.a(lib_a-stdio.o)
                0x0201049c                __sread
                0x020104f0                __swrite
                0x02010578                __sseek
                0x020105d4                __sclose
 .text          0x020105dc       0xa4 c:/altera/13.1/nios2eds/bin/gnu/h-i686-mingw32/bin/../lib/gcc/nios2-elf/4.7.3/../../../../../H-i686-mingw32/nios2-elf/lib/mno-hw-mul\libc.a(lib_a-strcmp.o)
                0x020105dc                strcmp
 .text          0x02010680       0x6c c:/altera/13.1/nios2eds/bin/gnu/h-i686-mingw32/bin/../lib/gcc/nios2-elf/4.7.3/../../../../../H-i686-mingw32/nios2-elf/lib/mno-hw-mul\libc.a(lib_a-writer.o)
                0x02010680                _write_r
 .text          0x020106ec       0xcc c:/altera/13.1/nios2eds/bin/gnu/h-i686-mingw32/bin/../lib/gcc/nios2-elf/4.7.3/../../../../../H-i686-mingw32/nios2-elf/lib/mno-hw-mul\libc.a(lib_a-callocr.o)
                0x020106ec                _calloc_r
 .text          0x020107b8       0x64 c:/altera/13.1/nios2eds/bin/gnu/h-i686-mingw32/bin/../lib/gcc/nios2-elf/4.7.3/../../../../../H-i686-mingw32/nios2-elf/lib/mno-hw-mul\libc.a(lib_a-closer.o)
                0x020107b8                _close_r
 .text          0x0201081c      0x150 c:/altera/13.1/nios2eds/bin/gnu/h-i686-mingw32/bin/../lib/gcc/nios2-elf/4.7.3/../../../../../H-i686-mingw32/nios2-elf/lib/mno-hw-mul\libc.a(lib_a-fclose.o)
                0x0201081c                _fclose_r
                0x02010958                fclose
 .text          0x0201096c       0x68 c:/altera/13.1/nios2eds/bin/gnu/h-i686-mingw32/bin/../lib/gcc/nios2-elf/4.7.3/../../../../../H-i686-mingw32/nios2-elf/lib/mno-hw-mul\libc.a(lib_a-fstatr.o)
                0x0201096c                _fstat_r
 .text          0x020109d4        0x0 c:/altera/13.1/nios2eds/bin/gnu/h-i686-mingw32/bin/../lib/gcc/nios2-elf/4.7.3/../../../../../H-i686-mingw32/nios2-elf/lib/mno-hw-mul\libc.a(lib_a-int_errno.o)
 .text          0x020109d4       0x64 c:/altera/13.1/nios2eds/bin/gnu/h-i686-mingw32/bin/../lib/gcc/nios2-elf/4.7.3/../../../../../H-i686-mingw32/nios2-elf/lib/mno-hw-mul\libc.a(lib_a-isattyr.o)
                0x020109d4                _isatty_r
 .text          0x02010a38       0x6c c:/altera/13.1/nios2eds/bin/gnu/h-i686-mingw32/bin/../lib/gcc/nios2-elf/4.7.3/../../../../../H-i686-mingw32/nios2-elf/lib/mno-hw-mul\libc.a(lib_a-lseekr.o)
                0x02010a38                _lseek_r
 .text          0x02010aa4       0x6c c:/altera/13.1/nios2eds/bin/gnu/h-i686-mingw32/bin/../lib/gcc/nios2-elf/4.7.3/../../../../../H-i686-mingw32/nios2-elf/lib/mno-hw-mul\libc.a(lib_a-readr.o)
                0x02010aa4                _read_r
 .text          0x02010b10      0x650 c:/altera/13.1/nios2eds/bin/gnu/h-i686-mingw32/bin/../lib/gcc/nios2-elf/4.7.3/mno-hw-mul\libgcc.a(_udivdi3.o)
                0x02010b10                __udivdi3
 .text          0x02011160      0x628 c:/altera/13.1/nios2eds/bin/gnu/h-i686-mingw32/bin/../lib/gcc/nios2-elf/4.7.3/mno-hw-mul\libgcc.a(_umoddi3.o)
                0x02011160                __umoddi3
 .text          0x02011788      0x2e4 c:/altera/13.1/nios2eds/bin/gnu/h-i686-mingw32/bin/../lib/gcc/nios2-elf/4.7.3/mno-hw-mul\libgcc.a(_mul_df.o)
                0x02011788                __muldf3
 .text          0x02011a6c      0x1b4 c:/altera/13.1/nios2eds/bin/gnu/h-i686-mingw32/bin/../lib/gcc/nios2-elf/4.7.3/mno-hw-mul\libgcc.a(_div_df.o)
                0x02011a6c                __divdf3
 .text          0x02011c20       0x5c c:/altera/13.1/nios2eds/bin/gnu/h-i686-mingw32/bin/../lib/gcc/nios2-elf/4.7.3/mno-hw-mul\libgcc.a(_eq_df.o)
                0x02011c20                __eqdf2
 .text          0x02011c7c       0x5c c:/altera/13.1/nios2eds/bin/gnu/h-i686-mingw32/bin/../lib/gcc/nios2-elf/4.7.3/mno-hw-mul\libgcc.a(_ne_df.o)
                0x02011c7c                __nedf2
 .text          0x02011cd8       0x64 c:/altera/13.1/nios2eds/bin/gnu/h-i686-mingw32/bin/../lib/gcc/nios2-elf/4.7.3/mno-hw-mul\libgcc.a(_gt_df.o)
                0x02011cd8                __gtdf2
 .text          0x02011d3c       0x5c c:/altera/13.1/nios2eds/bin/gnu/h-i686-mingw32/bin/../lib/gcc/nios2-elf/4.7.3/mno-hw-mul\libgcc.a(_lt_df.o)
                0x02011d3c                __ltdf2
 .text          0x02011d98       0xd4 c:/altera/13.1/nios2eds/bin/gnu/h-i686-mingw32/bin/../lib/gcc/nios2-elf/4.7.3/mno-hw-mul\libgcc.a(_si_to_df.o)
                0x02011d98                __floatsidf
 .text          0x02011e6c      0x110 c:/altera/13.1/nios2eds/bin/gnu/h-i686-mingw32/bin/../lib/gcc/nios2-elf/4.7.3/mno-hw-mul\libgcc.a(_muldi3.o)
                0x02011e6c                __muldi3
 .text          0x02011f7c      0x11c ../Controller_sw_bsp/\libhal_bsp.a(alt_close.o)
                0x02011fcc                close
 .text          0x02012098       0x2c ../Controller_sw_bsp/\libhal_bsp.a(alt_dev.o)
 .text          0x020120c4        0x0 ../Controller_sw_bsp/\libhal_bsp.a(alt_errno.o)
 .text          0x020120c4      0x100 ../Controller_sw_bsp/\libhal_bsp.a(alt_fstat.o)
                0x02012114                fstat
 .text          0x020121c4      0x1d8 ../Controller_sw_bsp/\libhal_bsp.a(alt_iic.o)
                0x020121c4                alt_ic_isr_register
                0x02012214                alt_ic_irq_enable
                0x020122b0                alt_ic_irq_disable
                0x02012350                alt_ic_irq_enabled
 .text          0x0201239c       0xf0 ../Controller_sw_bsp/\libhal_bsp.a(alt_iic_isr_register.o)
                0x0201239c                alt_iic_isr_register
 .text          0x0201248c        0x0 ../Controller_sw_bsp/\libhal_bsp.a(alt_irq_entry.o)
 .text          0x0201248c        0x0 ../Controller_sw_bsp/\libhal_bsp.a(alt_irq_handler.o)
 .text          0x0201248c        0x0 ../Controller_sw_bsp/\libhal_bsp.a(alt_irq_vars.o)
 .text          0x0201248c       0xf4 ../Controller_sw_bsp/\libhal_bsp.a(alt_isatty.o)
                0x020124dc                isatty
 .text          0x02012580      0x124 ../Controller_sw_bsp/\libhal_bsp.a(alt_lseek.o)
                0x020125d0                lseek
 .text          0x020126a4       0x78 ../Controller_sw_bsp/\libhal_bsp.a(alt_main.o)
                0x020126a4                alt_main
 .text          0x0201271c       0x40 ../Controller_sw_bsp/\libhal_bsp.a(alt_malloc_lock.o)
                0x0201271c                __malloc_lock
                0x0201273c                __malloc_unlock
 .text          0x0201275c      0x144 ../Controller_sw_bsp/\libhal_bsp.a(alt_read.o)
                0x020127ac                read
 .text          0x020128a0       0x80 ../Controller_sw_bsp/\libhal_bsp.a(alt_release_fd.o)
                0x020128a0                alt_release_fd
 .text          0x02012920       0xb0 ../Controller_sw_bsp/\libhal_bsp.a(alt_sbrk.o)
                0x02012920                sbrk
 .text          0x020129d0      0x140 ../Controller_sw_bsp/\libhal_bsp.a(alt_write.o)
                0x02012a20                write
 .text          0x02012b10       0xe0 ../Controller_sw_bsp/\libhal_bsp.a(alt_sys_init.o)
                0x02012b48                alt_irq_init
                0x02012b7c                alt_sys_init
 .text          0x02012bf0      0x990 ../Controller_sw_bsp/\libhal_bsp.a(altera_avalon_epcs_flash_controller.o)
                0x02012c28                alt_epcs_flash_init
                0x02012ff0                alt_epcs_flash_write
                0x02013250                alt_epcs_flash_get_info
                0x02013370                alt_epcs_flash_erase_block
                0x020133e4                alt_epcs_flash_write_block
                0x020134e8                alt_epcs_flash_read
 .text          0x02013580      0x164 ../Controller_sw_bsp/\libhal_bsp.a(altera_avalon_jtag_uart_fd.o)
                0x02013580                altera_avalon_jtag_uart_read_fd
                0x020135e0                altera_avalon_jtag_uart_write_fd
                0x02013640                altera_avalon_jtag_uart_close_fd
                0x02013690                altera_avalon_jtag_uart_ioctl_fd
 .text          0x020136e4      0x3d0 ../Controller_sw_bsp/\libhal_bsp.a(altera_avalon_jtag_uart_init.o)
                0x020136e4                altera_avalon_jtag_uart_init
                0x02013a4c                altera_avalon_jtag_uart_close
 .text          0x02013ab4       0xf4 ../Controller_sw_bsp/\libhal_bsp.a(altera_avalon_jtag_uart_ioctl.o)
                0x02013ab4                altera_avalon_jtag_uart_ioctl
 .text          0x02013ba8      0x218 ../Controller_sw_bsp/\libhal_bsp.a(altera_avalon_jtag_uart_read.o)
                0x02013ba8                altera_avalon_jtag_uart_read
 .text          0x02013dc0      0x224 ../Controller_sw_bsp/\libhal_bsp.a(altera_avalon_jtag_uart_write.o)
                0x02013dc0                altera_avalon_jtag_uart_write
 .text          0x02013fe4      0x110 ../Controller_sw_bsp/\libhal_bsp.a(altera_avalon_uart_fd.o)
                0x02013fe4                altera_avalon_uart_read_fd
                0x02014044                altera_avalon_uart_write_fd
                0x020140a4                altera_avalon_uart_close_fd
 .text          0x020140f4      0x3a8 ../Controller_sw_bsp/\libhal_bsp.a(altera_avalon_uart_init.o)
                0x020140f4                altera_avalon_uart_init
                0x02014448                altera_avalon_uart_close
 .text          0x0201449c      0x254 ../Controller_sw_bsp/\libhal_bsp.a(altera_avalon_uart_read.o)
                0x020144ec                altera_avalon_uart_read
 .text          0x020146f0      0x1f8 ../Controller_sw_bsp/\libhal_bsp.a(altera_avalon_uart_write.o)
                0x02014740                altera_avalon_uart_write
 .text          0x020148e8      0x624 ../Controller_sw_bsp/\libhal_bsp.a(epcs_commands.o)
                0x020148e8                epcs_read_status_register
                0x020149b4                epcs_sector_erase
                0x02014aac                epcs_read_buffer
                0x02014ba0                epcs_write_enable
                0x02014bf0                epcs_write_status_register
                0x02014c58                epcs_write_buffer
                0x02014d74                epcs_read_electronic_signature
                0x02014ddc                epcs_read_device_id
                0x02014e5c                epcs_enter_4_bytes_mode
                0x02014eb4                epcs_exit_4_bytes_mode
 .text          0x02014f0c      0x140 ../Controller_sw_bsp/\libhal_bsp.a(alt_alarm_start.o)
                0x02014f0c                alt_alarm_start
 .text          0x0201504c       0xf0 ../Controller_sw_bsp/\libhal_bsp.a(alt_dev_llist_insert.o)
                0x0201509c                alt_dev_llist_insert
 .text          0x0201513c       0x5c ../Controller_sw_bsp/\libhal_bsp.a(alt_do_ctors.o)
                0x0201513c                _do_ctors
 .text          0x02015198       0x5c ../Controller_sw_bsp/\libhal_bsp.a(alt_do_dtors.o)
                0x02015198                _do_dtors
 .text          0x020151f4        0x0 ../Controller_sw_bsp/\libhal_bsp.a(alt_exception_entry.o)
 .text          0x020151f4       0xb8 ../Controller_sw_bsp/\libhal_bsp.a(alt_flash_dev.o)
                0x020151f4                alt_flash_open_dev
                0x0201525c                alt_flash_close_dev
 .text          0x020152ac      0x158 ../Controller_sw_bsp/\libhal_bsp.a(alt_io_redirect.o)
                0x0201538c                alt_io_redirect
 .text          0x02015404      0x298 ../Controller_sw_bsp/\libhal_bsp.a(alt_open.o)
                0x02015544                open
 .text          0x0201569c      0x19c ../Controller_sw_bsp/\libhal_bsp.a(alt_tick.o)
                0x0201569c                alt_alarm_stop
                0x02015734                alt_tick
 .text          0x02015838       0x20 ../Controller_sw_bsp/\libhal_bsp.a(altera_nios2_qsys_irq.o)
                0x02015838                altera_nios2_qsys_irq_init
 .text          0x02015858      0x208 ../Controller_sw_bsp/\libhal_bsp.a(altera_avalon_spi.o)
                0x02015858                alt_avalon_spi_command
 .text          0x02015a60       0x90 ../Controller_sw_bsp/\libhal_bsp.a(alt_find_dev.o)
                0x02015a60                alt_find_dev
 .text          0x02015af0      0x114 ../Controller_sw_bsp/\libhal_bsp.a(alt_find_file.o)
                0x02015af0                alt_find_file
 .text          0x02015c04       0xd4 ../Controller_sw_bsp/\libhal_bsp.a(alt_get_fd.o)
                0x02015c04                alt_get_fd
 .text          0x02015cd8       0x14 c:/altera/13.1/nios2eds/bin/gnu/h-i686-mingw32/bin/../lib/gcc/nios2-elf/4.7.3/../../../../../H-i686-mingw32/nios2-elf/lib/mno-hw-mul\libc.a(lib_a-atexit.o)
                0x02015cd8                atexit
 .text          0x02015cec       0x38 c:/altera/13.1/nios2eds/bin/gnu/h-i686-mingw32/bin/../lib/gcc/nios2-elf/4.7.3/../../../../../H-i686-mingw32/nios2-elf/lib/mno-hw-mul\libc.a(lib_a-exit.o)
                0x02015cec                exit
 .text          0x02015d24       0x7c c:/altera/13.1/nios2eds/bin/gnu/h-i686-mingw32/bin/../lib/gcc/nios2-elf/4.7.3/../../../../../H-i686-mingw32/nios2-elf/lib/mno-hw-mul\libc.a(lib_a-memcmp.o)
                0x02015d24                memcmp
 .text          0x02015da0      0x130 c:/altera/13.1/nios2eds/bin/gnu/h-i686-mingw32/bin/../lib/gcc/nios2-elf/4.7.3/../../../../../H-i686-mingw32/nios2-elf/lib/mno-hw-mul\libc.a(lib_a-__atexit.o)
                0x02015da0                __register_exitproc
 .text          0x02015ed0      0x1a0 c:/altera/13.1/nios2eds/bin/gnu/h-i686-mingw32/bin/../lib/gcc/nios2-elf/4.7.3/../../../../../H-i686-mingw32/nios2-elf/lib/mno-hw-mul\libc.a(lib_a-__call_atexit.o)
                0x02015ed0                __call_exitprocs
 .text          0x02016070       0x3c ../Controller_sw_bsp/\libhal_bsp.a(alt_exit.o)
                0x02016070                _exit
 *(.gnu.warning.*)
 *(.fini)
                0x020160ac                PROVIDE (__etext, ABSOLUTE (.))
                0x020160ac                PROVIDE (_etext, ABSOLUTE (.))
                0x020160ac                PROVIDE (etext, ABSOLUTE (.))
 *(.eh_frame_hdr)
                0x020160ac                . = ALIGN (0x4)
                0x020160ac                PROVIDE (__preinit_array_start, ABSOLUTE (.))
 *(.preinit_array)
                0x020160ac                PROVIDE (__preinit_array_end, ABSOLUTE (.))
                0x020160ac                PROVIDE (__init_array_start, ABSOLUTE (.))
 *(.init_array)
                0x020160ac                PROVIDE (__init_array_end, ABSOLUTE (.))
                0x020160ac                PROVIDE (__fini_array_start, ABSOLUTE (.))
 *(.fini_array)
                0x020160ac                PROVIDE (__fini_array_end, ABSOLUTE (.))
 *(.eh_frame)
 *(.gcc_except_table .gcc_except_table.*)
 *(.dynamic)
                0x020160ac                PROVIDE (__CTOR_LIST__, ABSOLUTE (.))
 *(.ctors)
 *(SORT(.ctors.*))
                0x020160ac                PROVIDE (__CTOR_END__, ABSOLUTE (.))
                0x020160ac                PROVIDE (__DTOR_LIST__, ABSOLUTE (.))
 *(.dtors)
 *(SORT(.dtors.*))
                0x020160ac                PROVIDE (__DTOR_END__, ABSOLUTE (.))
 *(.jcr)
                0x020160ac                . = ALIGN (0x4)

.rodata         0x020160ac     0x1148
                0x020160ac                PROVIDE (__ram_rodata_start, ABSOLUTE (.))
                0x020160ac                . = ALIGN (0x4)
 *(.rodata .rodata.* .gnu.linkonce.r.*)
 .rodata        0x020160ac       0x18 obj/default/driver/DisDriver.o
 .rodata        0x020160c4        0x4 obj/default/driver/FRAM.o
 .rodata        0x020160c8       0x50 obj/default/driver/comInterface.o
 .rodata        0x02016118       0x2c obj/default/driver/coverPage.o
 .rodata        0x02016144       0x30 obj/default/driver/powerFailure.o
 .rodata        0x02016174       0x3c obj/default/main/TopMenu.o
 .rodata        0x020161b0      0x1f0 obj/default/menuComponent/FireMenu.o
 .rodata        0x020163a0       0x40 obj/default/menuComponent/HeaterWarmingUp.o
 .rodata        0x020163e0       0x40 obj/default/menuComponent/ParameterMenu.o
 .rodata        0x02016420       0xb8 obj/default/menuComponent/RemoteMenu.o
 .rodata        0x020164d8      0x144 obj/default/menuComponent/SaveLoadMenu.o
 .rodata        0x0201661c      0x138 obj/default/menuComponent/ShotCountersMenu.o
 .rodata        0x02016754      0x1e0 obj/default/menuComponent/ShutdownMenu.o
 .rodata        0x02016934      0x1d0 obj/default/menuComponent/StartupMenu.o
 .rodata        0x02016b04       0xa0 obj/default/menuComponent/editNum10.o
 .rodata        0x02016ba4       0x68 obj/default/menuComponent/editNum2.o
 .rodata        0x02016c0c       0x6c obj/default/menuComponent/editNum5.o
 .rodata        0x02016c78       0x84 obj/default/menuComponent/enterPWD.o
 .rodata        0x02016cfc       0x30 obj/default/menuComponent/pwdPage.o
 .rodata        0x02016d2c       0x7c obj/default/menuComponent/repPage.o
 .rodata        0x02016da8       0x68 obj/default/menuComponent/shotPage.o
 .rodata        0x02016e10       0xac obj/default/menuComponent/timingPage.o
 .rodata        0x02016ebc       0x14 c:/altera/13.1/nios2eds/bin/gnu/h-i686-mingw32/bin/../lib/gcc/nios2-elf/4.7.3/mno-hw-mul\libgcc.a(_thenan_df.o)
                0x02016ebc                __thenan_df
 .rodata        0x02016ed0      0x100 c:/altera/13.1/nios2eds/bin/gnu/h-i686-mingw32/bin/../lib/gcc/nios2-elf/4.7.3/mno-hw-mul\libgcc.a(_clz.o)
                0x02016ed0                __clz_tab
 .rodata.str1.4
                0x02016fd0        0x2 c:/altera/13.1/nios2eds/bin/gnu/h-i686-mingw32/bin/../lib/gcc/nios2-elf/4.7.3/../../../../../H-i686-mingw32/nios2-elf/lib/mno-hw-mul\libc.a(lib_a-puts.o)
                                  0x4 (size before relaxing)
 *fill*         0x02016fd2        0x2 
 .rodata.str1.4
                0x02016fd4       0x42 c:/altera/13.1/nios2eds/bin/gnu/h-i686-mingw32/bin/../lib/gcc/nios2-elf/4.7.3/../../../../../H-i686-mingw32/nios2-elf/lib/mno-hw-mul\libc.a(lib_a-vfprintf.o)
                                 0x44 (size before relaxing)
 .rodata        0x02017016       0x20 c:/altera/13.1/nios2eds/bin/gnu/h-i686-mingw32/bin/../lib/gcc/nios2-elf/4.7.3/../../../../../H-i686-mingw32/nios2-elf/lib/mno-hw-mul\libc.a(lib_a-vfprintf.o)
 *fill*         0x02017036        0x2 
 .rodata.str1.4
                0x02017038       0x10 c:/altera/13.1/nios2eds/bin/gnu/h-i686-mingw32/bin/../lib/gcc/nios2-elf/4.7.3/../../../../../H-i686-mingw32/nios2-elf/lib/mno-hw-mul\libc.a(lib_a-dtoa.o)
                                 0x14 (size before relaxing)
 .rodata.str1.4
                0x02017048        0x2 c:/altera/13.1/nios2eds/bin/gnu/h-i686-mingw32/bin/../lib/gcc/nios2-elf/4.7.3/../../../../../H-i686-mingw32/nios2-elf/lib/mno-hw-mul\libc.a(lib_a-impure.o)
                                  0x4 (size before relaxing)
 *fill*         0x0201704a        0x2 
 .rodata.str1.4
                0x0201704c       0x10 c:/altera/13.1/nios2eds/bin/gnu/h-i686-mingw32/bin/../lib/gcc/nios2-elf/4.7.3/../../../../../H-i686-mingw32/nios2-elf/lib/mno-hw-mul\libc.a(lib_a-locale.o)
                                 0x18 (size before relaxing)
 .rodata        0x0201705c       0x30 c:/altera/13.1/nios2eds/bin/gnu/h-i686-mingw32/bin/../lib/gcc/nios2-elf/4.7.3/../../../../../H-i686-mingw32/nios2-elf/lib/mno-hw-mul\libc.a(lib_a-locale.o)
 .rodata        0x0201708c      0x124 c:/altera/13.1/nios2eds/bin/gnu/h-i686-mingw32/bin/../lib/gcc/nios2-elf/4.7.3/../../../../../H-i686-mingw32/nios2-elf/lib/mno-hw-mul\libc.a(lib_a-mprec.o)
                0x0201708c                __mprec_tinytens
                0x020170b4                __mprec_bigtens
                0x020170dc                __mprec_tens
 .rodata        0x020171b0        0xc ../Controller_sw_bsp/\libhal_bsp.a(alt_dev.o)
 .rodata        0x020171bc       0x10 ../Controller_sw_bsp/\libhal_bsp.a(alt_main.o)
 .rodata        0x020171cc       0x28 ../Controller_sw_bsp/\libhal_bsp.a(alt_sys_init.o)
 *(.rodata1)
                0x020171f4                . = ALIGN (0x4)
                0x020171f4                PROVIDE (__ram_rodata_end, ABSOLUTE (.))
                0x020160ac                PROVIDE (__flash_rodata_start, LOADADDR (.rodata))

.rwdata         0x020171f4     0x1ce0
                0x020171f4                PROVIDE (__ram_rwdata_start, ABSOLUTE (.))
                0x020171f4                . = ALIGN (0x4)
 *(.got.plt)
 *(.got)
 *(.data1)
 *(.data .data.* .gnu.linkonce.d.*)
 .data          0x020171f4        0x0 ../Controller_sw_bsp//obj/HAL/src/crt0.o
 .data          0x020171f4        0x0 obj/default/driver/Counter.o
 .data          0x020171f4        0x0 obj/default/driver/DisDriver.o
 .data          0x020171f4        0x0 obj/default/driver/FRAM.o
 .data          0x020171f4        0x0 obj/default/driver/KPLED.o
 .data          0x020171f4        0x0 obj/default/driver/comInterface.o
 .data          0x020171f4        0x0 obj/default/driver/coverPage.o
 .data          0x020171f4        0x0 obj/default/driver/delay.o
 .data          0x020171f4        0x0 obj/default/driver/loadWriteData.o
 .data          0x020171f4        0x0 obj/default/driver/powerFailure.o
 .data          0x020171f4       0xe0 obj/default/driver/uart.o
                0x020171f4                uart
 .data          0x020172d4        0x0 obj/default/main/TopMenu.o
 .data          0x020172d4        0x0 obj/default/main/main.o
 .data          0x020172d4       0x14 obj/default/menuComponent/FireMenu.o
                0x020172d4                interlockNames
 .data          0x020172e8        0x0 obj/default/menuComponent/HeaterWarmingUp.o
 .data          0x020172e8        0x0 obj/default/menuComponent/ParameterMenu.o
 .data          0x020172e8        0x0 obj/default/menuComponent/RemoteMenu.o
 .data          0x020172e8        0x0 obj/default/menuComponent/SaveLoadMenu.o
 .data          0x020172e8        0x0 obj/default/menuComponent/ShotCountersMenu.o
 .data          0x020172e8        0x0 obj/default/menuComponent/ShutdownMenu.o
 .data          0x020172e8        0x0 obj/default/menuComponent/StartupMenu.o
 .data          0x020172e8        0x0 obj/default/menuComponent/editNum10.o
 .data          0x020172e8        0x0 obj/default/menuComponent/editNum2.o
 .data          0x020172e8        0x0 obj/default/menuComponent/editNum5.o
 .data          0x020172e8        0x0 obj/default/menuComponent/enterPWD.o
 .data          0x020172e8        0x0 obj/default/menuComponent/errorCheck.o
 .data          0x020172e8        0x0 obj/default/menuComponent/pwdPage.o
 .data          0x020172e8        0x0 obj/default/menuComponent/repPage.o
 .data          0x020172e8        0x0 obj/default/menuComponent/shotPage.o
 .data          0x020172e8        0x0 obj/default/menuComponent/timingPage.o
 .data          0x020172e8        0x0 c:/altera/13.1/nios2eds/bin/gnu/h-i686-mingw32/bin/../lib/gcc/nios2-elf/4.7.3/mno-hw-mul\libgcc.a(_fixunsdfsi.o)
 .data          0x020172e8        0x0 c:/altera/13.1/nios2eds/bin/gnu/h-i686-mingw32/bin/../lib/gcc/nios2-elf/4.7.3/mno-hw-mul\libgcc.a(_addsub_df.o)
 .data          0x020172e8        0x0 c:/altera/13.1/nios2eds/bin/gnu/h-i686-mingw32/bin/../lib/gcc/nios2-elf/4.7.3/mno-hw-mul\libgcc.a(_ge_df.o)
 .data          0x020172e8        0x0 c:/altera/13.1/nios2eds/bin/gnu/h-i686-mingw32/bin/../lib/gcc/nios2-elf/4.7.3/mno-hw-mul\libgcc.a(_df_to_si.o)
 .data          0x020172e8        0x0 c:/altera/13.1/nios2eds/bin/gnu/h-i686-mingw32/bin/../lib/gcc/nios2-elf/4.7.3/mno-hw-mul\libgcc.a(_thenan_df.o)
 .data          0x020172e8        0x0 c:/altera/13.1/nios2eds/bin/gnu/h-i686-mingw32/bin/../lib/gcc/nios2-elf/4.7.3/mno-hw-mul\libgcc.a(_usi_to_df.o)
 .data          0x020172e8        0x0 c:/altera/13.1/nios2eds/bin/gnu/h-i686-mingw32/bin/../lib/gcc/nios2-elf/4.7.3/mno-hw-mul\libgcc.a(lib2-divmod.o)
 .data          0x020172e8        0x0 c:/altera/13.1/nios2eds/bin/gnu/h-i686-mingw32/bin/../lib/gcc/nios2-elf/4.7.3/mno-hw-mul\libgcc.a(lib2-mul.o)
 .data          0x020172e8        0x0 c:/altera/13.1/nios2eds/bin/gnu/h-i686-mingw32/bin/../lib/gcc/nios2-elf/4.7.3/mno-hw-mul\libgcc.a(_clzsi2.o)
 .data          0x020172e8        0x0 c:/altera/13.1/nios2eds/bin/gnu/h-i686-mingw32/bin/../lib/gcc/nios2-elf/4.7.3/mno-hw-mul\libgcc.a(_pack_df.o)
 .data          0x020172e8        0x0 c:/altera/13.1/nios2eds/bin/gnu/h-i686-mingw32/bin/../lib/gcc/nios2-elf/4.7.3/mno-hw-mul\libgcc.a(_unpack_df.o)
 .data          0x020172e8        0x0 c:/altera/13.1/nios2eds/bin/gnu/h-i686-mingw32/bin/../lib/gcc/nios2-elf/4.7.3/mno-hw-mul\libgcc.a(_fpcmp_parts_df.o)
 .data          0x020172e8        0x0 c:/altera/13.1/nios2eds/bin/gnu/h-i686-mingw32/bin/../lib/gcc/nios2-elf/4.7.3/mno-hw-mul\libgcc.a(_lshrdi3.o)
 .data          0x020172e8        0x0 c:/altera/13.1/nios2eds/bin/gnu/h-i686-mingw32/bin/../lib/gcc/nios2-elf/4.7.3/mno-hw-mul\libgcc.a(_ashldi3.o)
 .data          0x020172e8        0x0 c:/altera/13.1/nios2eds/bin/gnu/h-i686-mingw32/bin/../lib/gcc/nios2-elf/4.7.3/mno-hw-mul\libgcc.a(_clz.o)
 .data          0x020172e8        0x0 c:/altera/13.1/nios2eds/bin/gnu/h-i686-mingw32/bin/../lib/gcc/nios2-elf/4.7.3/../../../../../H-i686-mingw32/nios2-elf/lib/mno-hw-mul\libc.a(lib_a-printf.o)
 .data          0x020172e8        0x0 c:/altera/13.1/nios2eds/bin/gnu/h-i686-mingw32/bin/../lib/gcc/nios2-elf/4.7.3/../../../../../H-i686-mingw32/nios2-elf/lib/mno-hw-mul\libc.a(lib_a-puts.o)
 .data          0x020172e8        0x0 c:/altera/13.1/nios2eds/bin/gnu/h-i686-mingw32/bin/../lib/gcc/nios2-elf/4.7.3/../../../../../H-i686-mingw32/nios2-elf/lib/mno-hw-mul\libc.a(lib_a-strlen.o)
 .data          0x020172e8        0x0 c:/altera/13.1/nios2eds/bin/gnu/h-i686-mingw32/bin/../lib/gcc/nios2-elf/4.7.3/../../../../../H-i686-mingw32/nios2-elf/lib/mno-hw-mul\libc.a(lib_a-vfprintf.o)
 .data          0x020172e8        0x0 c:/altera/13.1/nios2eds/bin/gnu/h-i686-mingw32/bin/../lib/gcc/nios2-elf/4.7.3/../../../../../H-i686-mingw32/nios2-elf/lib/mno-hw-mul\libc.a(lib_a-wsetup.o)
 .data          0x020172e8        0x0 c:/altera/13.1/nios2eds/bin/gnu/h-i686-mingw32/bin/../lib/gcc/nios2-elf/4.7.3/../../../../../H-i686-mingw32/nios2-elf/lib/mno-hw-mul\libc.a(lib_a-dtoa.o)
 .data          0x020172e8        0x0 c:/altera/13.1/nios2eds/bin/gnu/h-i686-mingw32/bin/../lib/gcc/nios2-elf/4.7.3/../../../../../H-i686-mingw32/nios2-elf/lib/mno-hw-mul\libc.a(lib_a-fflush.o)
 .data          0x020172e8        0x0 c:/altera/13.1/nios2eds/bin/gnu/h-i686-mingw32/bin/../lib/gcc/nios2-elf/4.7.3/../../../../../H-i686-mingw32/nios2-elf/lib/mno-hw-mul\libc.a(lib_a-findfp.o)
 .data          0x020172e8        0x0 c:/altera/13.1/nios2eds/bin/gnu/h-i686-mingw32/bin/../lib/gcc/nios2-elf/4.7.3/../../../../../H-i686-mingw32/nios2-elf/lib/mno-hw-mul\libc.a(lib_a-freer.o)
 .data          0x020172e8        0x0 c:/altera/13.1/nios2eds/bin/gnu/h-i686-mingw32/bin/../lib/gcc/nios2-elf/4.7.3/../../../../../H-i686-mingw32/nios2-elf/lib/mno-hw-mul\libc.a(lib_a-fvwrite.o)
 .data          0x020172e8        0x0 c:/altera/13.1/nios2eds/bin/gnu/h-i686-mingw32/bin/../lib/gcc/nios2-elf/4.7.3/../../../../../H-i686-mingw32/nios2-elf/lib/mno-hw-mul\libc.a(lib_a-fwalk.o)
 .data          0x020172e8      0x400 c:/altera/13.1/nios2eds/bin/gnu/h-i686-mingw32/bin/../lib/gcc/nios2-elf/4.7.3/../../../../../H-i686-mingw32/nios2-elf/lib/mno-hw-mul\libc.a(lib_a-impure.o)
 .data          0x020176e8        0xc c:/altera/13.1/nios2eds/bin/gnu/h-i686-mingw32/bin/../lib/gcc/nios2-elf/4.7.3/../../../../../H-i686-mingw32/nios2-elf/lib/mno-hw-mul\libc.a(lib_a-locale.o)
                0x020176e8                __lc_ctype
 .data          0x020176f4        0x0 c:/altera/13.1/nios2eds/bin/gnu/h-i686-mingw32/bin/../lib/gcc/nios2-elf/4.7.3/../../../../../H-i686-mingw32/nios2-elf/lib/mno-hw-mul\libc.a(lib_a-makebuf.o)
 .data          0x020176f4      0x408 c:/altera/13.1/nios2eds/bin/gnu/h-i686-mingw32/bin/../lib/gcc/nios2-elf/4.7.3/../../../../../H-i686-mingw32/nios2-elf/lib/mno-hw-mul\libc.a(lib_a-mallocr.o)
                0x020176f4                __malloc_av_
 .data          0x02017afc        0x0 c:/altera/13.1/nios2eds/bin/gnu/h-i686-mingw32/bin/../lib/gcc/nios2-elf/4.7.3/../../../../../H-i686-mingw32/nios2-elf/lib/mno-hw-mul\libc.a(lib_a-memchr.o)
 .data          0x02017afc        0x0 c:/altera/13.1/nios2eds/bin/gnu/h-i686-mingw32/bin/../lib/gcc/nios2-elf/4.7.3/../../../../../H-i686-mingw32/nios2-elf/lib/mno-hw-mul\libc.a(lib_a-memcpy.o)
 .data          0x02017afc        0x0 c:/altera/13.1/nios2eds/bin/gnu/h-i686-mingw32/bin/../lib/gcc/nios2-elf/4.7.3/../../../../../H-i686-mingw32/nios2-elf/lib/mno-hw-mul\libc.a(lib_a-memmove.o)
 .data          0x02017afc        0x0 c:/altera/13.1/nios2eds/bin/gnu/h-i686-mingw32/bin/../lib/gcc/nios2-elf/4.7.3/../../../../../H-i686-mingw32/nios2-elf/lib/mno-hw-mul\libc.a(lib_a-memset.o)
 .data          0x02017afc        0x0 c:/altera/13.1/nios2eds/bin/gnu/h-i686-mingw32/bin/../lib/gcc/nios2-elf/4.7.3/../../../../../H-i686-mingw32/nios2-elf/lib/mno-hw-mul\libc.a(lib_a-mprec.o)
 .data          0x02017afc        0x0 c:/altera/13.1/nios2eds/bin/gnu/h-i686-mingw32/bin/../lib/gcc/nios2-elf/4.7.3/../../../../../H-i686-mingw32/nios2-elf/lib/mno-hw-mul\libc.a(lib_a-reallocr.o)
 .data          0x02017afc        0x0 c:/altera/13.1/nios2eds/bin/gnu/h-i686-mingw32/bin/../lib/gcc/nios2-elf/4.7.3/../../../../../H-i686-mingw32/nios2-elf/lib/mno-hw-mul\libc.a(lib_a-s_isinfd.o)
 .data          0x02017afc        0x0 c:/altera/13.1/nios2eds/bin/gnu/h-i686-mingw32/bin/../lib/gcc/nios2-elf/4.7.3/../../../../../H-i686-mingw32/nios2-elf/lib/mno-hw-mul\libc.a(lib_a-s_isnand.o)
 .data          0x02017afc        0x0 c:/altera/13.1/nios2eds/bin/gnu/h-i686-mingw32/bin/../lib/gcc/nios2-elf/4.7.3/../../../../../H-i686-mingw32/nios2-elf/lib/mno-hw-mul\libc.a(lib_a-sbrkr.o)
 .data          0x02017afc        0x0 c:/altera/13.1/nios2eds/bin/gnu/h-i686-mingw32/bin/../lib/gcc/nios2-elf/4.7.3/../../../../../H-i686-mingw32/nios2-elf/lib/mno-hw-mul\libc.a(lib_a-stdio.o)
 .data          0x02017afc        0x0 c:/altera/13.1/nios2eds/bin/gnu/h-i686-mingw32/bin/../lib/gcc/nios2-elf/4.7.3/../../../../../H-i686-mingw32/nios2-elf/lib/mno-hw-mul\libc.a(lib_a-strcmp.o)
 .data          0x02017afc        0x0 c:/altera/13.1/nios2eds/bin/gnu/h-i686-mingw32/bin/../lib/gcc/nios2-elf/4.7.3/../../../../../H-i686-mingw32/nios2-elf/lib/mno-hw-mul\libc.a(lib_a-writer.o)
 .data          0x02017afc        0x0 c:/altera/13.1/nios2eds/bin/gnu/h-i686-mingw32/bin/../lib/gcc/nios2-elf/4.7.3/../../../../../H-i686-mingw32/nios2-elf/lib/mno-hw-mul\libc.a(lib_a-callocr.o)
 .data          0x02017afc        0x0 c:/altera/13.1/nios2eds/bin/gnu/h-i686-mingw32/bin/../lib/gcc/nios2-elf/4.7.3/../../../../../H-i686-mingw32/nios2-elf/lib/mno-hw-mul\libc.a(lib_a-closer.o)
 .data          0x02017afc        0x0 c:/altera/13.1/nios2eds/bin/gnu/h-i686-mingw32/bin/../lib/gcc/nios2-elf/4.7.3/../../../../../H-i686-mingw32/nios2-elf/lib/mno-hw-mul\libc.a(lib_a-fclose.o)
 .data          0x02017afc        0x0 c:/altera/13.1/nios2eds/bin/gnu/h-i686-mingw32/bin/../lib/gcc/nios2-elf/4.7.3/../../../../../H-i686-mingw32/nios2-elf/lib/mno-hw-mul\libc.a(lib_a-fstatr.o)
 .data          0x02017afc        0x0 c:/altera/13.1/nios2eds/bin/gnu/h-i686-mingw32/bin/../lib/gcc/nios2-elf/4.7.3/../../../../../H-i686-mingw32/nios2-elf/lib/mno-hw-mul\libc.a(lib_a-int_errno.o)
 .data          0x02017afc        0x0 c:/altera/13.1/nios2eds/bin/gnu/h-i686-mingw32/bin/../lib/gcc/nios2-elf/4.7.3/../../../../../H-i686-mingw32/nios2-elf/lib/mno-hw-mul\libc.a(lib_a-isattyr.o)
 .data          0x02017afc        0x0 c:/altera/13.1/nios2eds/bin/gnu/h-i686-mingw32/bin/../lib/gcc/nios2-elf/4.7.3/../../../../../H-i686-mingw32/nios2-elf/lib/mno-hw-mul\libc.a(lib_a-lseekr.o)
 .data          0x02017afc        0x0 c:/altera/13.1/nios2eds/bin/gnu/h-i686-mingw32/bin/../lib/gcc/nios2-elf/4.7.3/../../../../../H-i686-mingw32/nios2-elf/lib/mno-hw-mul\libc.a(lib_a-readr.o)
 .data          0x02017afc        0x0 c:/altera/13.1/nios2eds/bin/gnu/h-i686-mingw32/bin/../lib/gcc/nios2-elf/4.7.3/mno-hw-mul\libgcc.a(_udivdi3.o)
 .data          0x02017afc        0x0 c:/altera/13.1/nios2eds/bin/gnu/h-i686-mingw32/bin/../lib/gcc/nios2-elf/4.7.3/mno-hw-mul\libgcc.a(_umoddi3.o)
 .data          0x02017afc        0x0 c:/altera/13.1/nios2eds/bin/gnu/h-i686-mingw32/bin/../lib/gcc/nios2-elf/4.7.3/mno-hw-mul\libgcc.a(_mul_df.o)
 .data          0x02017afc        0x0 c:/altera/13.1/nios2eds/bin/gnu/h-i686-mingw32/bin/../lib/gcc/nios2-elf/4.7.3/mno-hw-mul\libgcc.a(_div_df.o)
 .data          0x02017afc        0x0 c:/altera/13.1/nios2eds/bin/gnu/h-i686-mingw32/bin/../lib/gcc/nios2-elf/4.7.3/mno-hw-mul\libgcc.a(_eq_df.o)
 .data          0x02017afc        0x0 c:/altera/13.1/nios2eds/bin/gnu/h-i686-mingw32/bin/../lib/gcc/nios2-elf/4.7.3/mno-hw-mul\libgcc.a(_ne_df.o)
 .data          0x02017afc        0x0 c:/altera/13.1/nios2eds/bin/gnu/h-i686-mingw32/bin/../lib/gcc/nios2-elf/4.7.3/mno-hw-mul\libgcc.a(_gt_df.o)
 .data          0x02017afc        0x0 c:/altera/13.1/nios2eds/bin/gnu/h-i686-mingw32/bin/../lib/gcc/nios2-elf/4.7.3/mno-hw-mul\libgcc.a(_lt_df.o)
 .data          0x02017afc        0x0 c:/altera/13.1/nios2eds/bin/gnu/h-i686-mingw32/bin/../lib/gcc/nios2-elf/4.7.3/mno-hw-mul\libgcc.a(_si_to_df.o)
 .data          0x02017afc        0x0 c:/altera/13.1/nios2eds/bin/gnu/h-i686-mingw32/bin/../lib/gcc/nios2-elf/4.7.3/mno-hw-mul\libgcc.a(_muldi3.o)
 .data          0x02017afc        0x0 ../Controller_sw_bsp/\libhal_bsp.a(alt_close.o)
 .data          0x02017afc      0x1a8 ../Controller_sw_bsp/\libhal_bsp.a(alt_dev.o)
                0x02017afc                alt_dev_null
                0x02017b24                alt_fd_list
 .data          0x02017ca4        0x0 ../Controller_sw_bsp/\libhal_bsp.a(alt_errno.o)
 .data          0x02017ca4        0x0 ../Controller_sw_bsp/\libhal_bsp.a(alt_fstat.o)
 .data          0x02017ca4        0x0 ../Controller_sw_bsp/\libhal_bsp.a(alt_iic.o)
 .data          0x02017ca4        0x0 ../Controller_sw_bsp/\libhal_bsp.a(alt_iic_isr_register.o)
 .data          0x02017ca4        0x0 ../Controller_sw_bsp/\libhal_bsp.a(alt_irq_entry.o)
 .data          0x02017ca4        0x0 ../Controller_sw_bsp/\libhal_bsp.a(alt_irq_handler.o)
 .data          0x02017ca4        0x0 ../Controller_sw_bsp/\libhal_bsp.a(alt_irq_vars.o)
 .data          0x02017ca4        0x0 ../Controller_sw_bsp/\libhal_bsp.a(alt_isatty.o)
 .data          0x02017ca4        0x0 ../Controller_sw_bsp/\libhal_bsp.a(alt_lseek.o)
 .data          0x02017ca4        0x0 ../Controller_sw_bsp/\libhal_bsp.a(alt_main.o)
 .data          0x02017ca4        0x0 ../Controller_sw_bsp/\libhal_bsp.a(alt_malloc_lock.o)
 .data          0x02017ca4        0x0 ../Controller_sw_bsp/\libhal_bsp.a(alt_read.o)
 .data          0x02017ca4        0x0 ../Controller_sw_bsp/\libhal_bsp.a(alt_release_fd.o)
 .data          0x02017ca4        0x0 ../Controller_sw_bsp/\libhal_bsp.a(alt_sbrk.o)
 .data          0x02017ca4        0x0 ../Controller_sw_bsp/\libhal_bsp.a(alt_write.o)
 .data          0x02017ca4     0x11ec ../Controller_sw_bsp/\libhal_bsp.a(alt_sys_init.o)
 .data          0x02018e90        0x0 ../Controller_sw_bsp/\libhal_bsp.a(altera_avalon_epcs_flash_controller.o)
 .data          0x02018e90        0x0 ../Controller_sw_bsp/\libhal_bsp.a(altera_avalon_jtag_uart_fd.o)
 .data          0x02018e90        0x0 ../Controller_sw_bsp/\libhal_bsp.a(altera_avalon_jtag_uart_init.o)
 .data          0x02018e90        0x0 ../Controller_sw_bsp/\libhal_bsp.a(altera_avalon_jtag_uart_ioctl.o)
 .data          0x02018e90        0x0 ../Controller_sw_bsp/\libhal_bsp.a(altera_avalon_jtag_uart_read.o)
 .data          0x02018e90        0x0 ../Controller_sw_bsp/\libhal_bsp.a(altera_avalon_jtag_uart_write.o)
 .data          0x02018e90        0x0 ../Controller_sw_bsp/\libhal_bsp.a(altera_avalon_uart_fd.o)
 .data          0x02018e90        0x0 ../Controller_sw_bsp/\libhal_bsp.a(altera_avalon_uart_init.o)
 .data          0x02018e90        0x0 ../Controller_sw_bsp/\libhal_bsp.a(altera_avalon_uart_read.o)
 .data          0x02018e90        0x0 ../Controller_sw_bsp/\libhal_bsp.a(altera_avalon_uart_write.o)
 .data          0x02018e90        0x0 ../Controller_sw_bsp/\libhal_bsp.a(epcs_commands.o)
 .data          0x02018e90        0x0 ../Controller_sw_bsp/\libhal_bsp.a(alt_alarm_start.o)
 .data          0x02018e90        0x0 ../Controller_sw_bsp/\libhal_bsp.a(alt_dev_llist_insert.o)
 .data          0x02018e90        0x0 ../Controller_sw_bsp/\libhal_bsp.a(alt_do_ctors.o)
 .data          0x02018e90        0x0 ../Controller_sw_bsp/\libhal_bsp.a(alt_do_dtors.o)
 .data          0x02018e90        0x0 ../Controller_sw_bsp/\libhal_bsp.a(alt_exception_entry.o)
 .data          0x02018e90        0x0 ../Controller_sw_bsp/\libhal_bsp.a(alt_flash_dev.o)
 .data          0x02018e90        0x0 ../Controller_sw_bsp/\libhal_bsp.a(alt_io_redirect.o)
 .data          0x02018e90        0x0 ../Controller_sw_bsp/\libhal_bsp.a(alt_open.o)
 .data          0x02018e90        0x0 ../Controller_sw_bsp/\libhal_bsp.a(alt_tick.o)
 .data          0x02018e90        0x0 ../Controller_sw_bsp/\libhal_bsp.a(altera_nios2_qsys_irq.o)
 .data          0x02018e90        0x0 ../Controller_sw_bsp/\libhal_bsp.a(altera_avalon_spi.o)
 .data          0x02018e90        0x0 ../Controller_sw_bsp/\libhal_bsp.a(alt_find_dev.o)
 .data          0x02018e90        0x0 ../Controller_sw_bsp/\libhal_bsp.a(alt_find_file.o)
 .data          0x02018e90        0x0 ../Controller_sw_bsp/\libhal_bsp.a(alt_get_fd.o)
 .data          0x02018e90        0x0 c:/altera/13.1/nios2eds/bin/gnu/h-i686-mingw32/bin/../lib/gcc/nios2-elf/4.7.3/../../../../../H-i686-mingw32/nios2-elf/lib/mno-hw-mul\libc.a(lib_a-atexit.o)
 .data          0x02018e90        0x0 c:/altera/13.1/nios2eds/bin/gnu/h-i686-mingw32/bin/../lib/gcc/nios2-elf/4.7.3/../../../../../H-i686-mingw32/nios2-elf/lib/mno-hw-mul\libc.a(lib_a-exit.o)
 .data          0x02018e90        0x0 c:/altera/13.1/nios2eds/bin/gnu/h-i686-mingw32/bin/../lib/gcc/nios2-elf/4.7.3/../../../../../H-i686-mingw32/nios2-elf/lib/mno-hw-mul\libc.a(lib_a-memcmp.o)
 .data          0x02018e90        0x0 c:/altera/13.1/nios2eds/bin/gnu/h-i686-mingw32/bin/../lib/gcc/nios2-elf/4.7.3/../../../../../H-i686-mingw32/nios2-elf/lib/mno-hw-mul\libc.a(lib_a-__atexit.o)
 .data          0x02018e90        0x0 c:/altera/13.1/nios2eds/bin/gnu/h-i686-mingw32/bin/../lib/gcc/nios2-elf/4.7.3/../../../../../H-i686-mingw32/nios2-elf/lib/mno-hw-mul\libc.a(lib_a-__call_atexit.o)
 .data          0x02018e90        0x0 ../Controller_sw_bsp/\libhal_bsp.a(alt_exit.o)
                0x02020e90                _gp = ABSOLUTE ((. + 0x8000))
                0x02020e90                PROVIDE (gp, _gp)
 *(.rwdata .rwdata.*)
 *(.sdata .sdata.* .gnu.linkonce.s.*)
 .sdata         0x02018e90        0x8 c:/altera/13.1/nios2eds/bin/gnu/h-i686-mingw32/bin/../lib/gcc/nios2-elf/4.7.3/../../../../../H-i686-mingw32/nios2-elf/lib/mno-hw-mul\libc.a(lib_a-impure.o)
                0x02018e90                _global_impure_ptr
                0x02018e94                _impure_ptr
 .sdata         0x02018e98        0x4 c:/altera/13.1/nios2eds/bin/gnu/h-i686-mingw32/bin/../lib/gcc/nios2-elf/4.7.3/../../../../../H-i686-mingw32/nios2-elf/lib/mno-hw-mul\libc.a(lib_a-locale.o)
                0x02018e98                __mb_cur_max
 .sdata         0x02018e9c        0x8 c:/altera/13.1/nios2eds/bin/gnu/h-i686-mingw32/bin/../lib/gcc/nios2-elf/4.7.3/../../../../../H-i686-mingw32/nios2-elf/lib/mno-hw-mul\libc.a(lib_a-mallocr.o)
                0x02018e9c                __malloc_sbrk_base
                0x02018ea0                __malloc_trim_threshold
 .sdata         0x02018ea4       0x14 ../Controller_sw_bsp/\libhal_bsp.a(alt_dev.o)
                0x02018ea4                alt_fs_list
                0x02018eac                alt_dev_list
                0x02018eb4                alt_max_fd
 .sdata         0x02018eb8        0x4 ../Controller_sw_bsp/\libhal_bsp.a(alt_errno.o)
                0x02018eb8                alt_errno
 .sdata         0x02018ebc        0x4 ../Controller_sw_bsp/\libhal_bsp.a(alt_irq_vars.o)
                0x02018ebc                alt_priority_mask
 .sdata         0x02018ec0        0x4 ../Controller_sw_bsp/\libhal_bsp.a(alt_sbrk.o)
 .sdata         0x02018ec4        0x8 ../Controller_sw_bsp/\libhal_bsp.a(alt_flash_dev.o)
                0x02018ec4                alt_flash_dev_list
 .sdata         0x02018ecc        0x8 ../Controller_sw_bsp/\libhal_bsp.a(alt_tick.o)
                0x02018ecc                alt_alarm_list
 *(.sdata2 .sdata2.* .gnu.linkonce.s2.*)
                0x02018ed4                . = ALIGN (0x4)
                0x02018ed4                _edata = ABSOLUTE (.)
                0x02018ed4                PROVIDE (edata, ABSOLUTE (.))
                0x02018ed4                PROVIDE (__ram_rwdata_end, ABSOLUTE (.))
                0x020171f4                PROVIDE (__flash_rwdata_start, LOADADDR (.rwdata))

.bss            0x02018ed4      0x304
                0x02018ed4                __bss_start = ABSOLUTE (.)
                0x02018ed4                PROVIDE (__sbss_start, ABSOLUTE (.))
                0x02018ed4                PROVIDE (___sbss_start, ABSOLUTE (.))
 *(.dynsbss)
 *(.sbss .sbss.* .gnu.linkonce.sb.*)
 .sbss          0x02018ed4        0x2 obj/default/driver/KPLED.o
 *fill*         0x02018ed6        0x2 
 .sbss          0x02018ed8        0xc c:/altera/13.1/nios2eds/bin/gnu/h-i686-mingw32/bin/../lib/gcc/nios2-elf/4.7.3/../../../../../H-i686-mingw32/nios2-elf/lib/mno-hw-mul\libc.a(lib_a-locale.o)
                0x02018ed8                _PathLocale
                0x02018edc                __mlocale_changed
                0x02018ee0                __nlocale_changed
 .sbss          0x02018ee4        0xc c:/altera/13.1/nios2eds/bin/gnu/h-i686-mingw32/bin/../lib/gcc/nios2-elf/4.7.3/../../../../../H-i686-mingw32/nios2-elf/lib/mno-hw-mul\libc.a(lib_a-mallocr.o)
                0x02018ee4                __malloc_max_total_mem
                0x02018ee8                __malloc_max_sbrked_mem
                0x02018eec                __malloc_top_pad
 .sbss          0x02018ef0        0x4 c:/altera/13.1/nios2eds/bin/gnu/h-i686-mingw32/bin/../lib/gcc/nios2-elf/4.7.3/../../../../../H-i686-mingw32/nios2-elf/lib/mno-hw-mul\libc.a(lib_a-int_errno.o)
                0x02018ef0                errno
 .sbss          0x02018ef4        0x4 ../Controller_sw_bsp/\libhal_bsp.a(alt_irq_vars.o)
                0x02018ef4                alt_irq_active
 .sbss          0x02018ef8        0xc ../Controller_sw_bsp/\libhal_bsp.a(alt_main.o)
                0x02018ef8                alt_argc
                0x02018efc                alt_argv
                0x02018f00                alt_envp
 .sbss          0x02018f04        0x8 ../Controller_sw_bsp/\libhal_bsp.a(alt_tick.o)
                0x02018f04                _alt_tick_rate
                0x02018f08                _alt_nticks
 *(.sbss2 .sbss2.* .gnu.linkonce.sb2.*)
 *(.scommon)
                0x02018f0c                PROVIDE (__sbss_end, ABSOLUTE (.))
                0x02018f0c                PROVIDE (___sbss_end, ABSOLUTE (.))
 *(.dynbss)
 *(.bss .bss.* .gnu.linkonce.b.*)
 .bss           0x02018f0c        0x0 ../Controller_sw_bsp//obj/HAL/src/crt0.o
 .bss           0x02018f0c        0x0 obj/default/driver/Counter.o
 .bss           0x02018f0c        0x0 obj/default/driver/DisDriver.o
 .bss           0x02018f0c        0x0 obj/default/driver/FRAM.o
 .bss           0x02018f0c        0x0 obj/default/driver/KPLED.o
 .bss           0x02018f0c        0x0 obj/default/driver/comInterface.o
 .bss           0x02018f0c        0x0 obj/default/driver/coverPage.o
 .bss           0x02018f0c        0x0 obj/default/driver/delay.o
 .bss           0x02018f0c        0x0 obj/default/driver/loadWriteData.o
 .bss           0x02018f0c        0x0 obj/default/driver/powerFailure.o
 .bss           0x02018f0c        0x0 obj/default/driver/uart.o
 .bss           0x02018f0c        0x0 obj/default/main/TopMenu.o
 .bss           0x02018f0c        0x0 obj/default/main/main.o
 .bss           0x02018f0c        0x0 obj/default/menuComponent/FireMenu.o
 .bss           0x02018f0c        0x0 obj/default/menuComponent/HeaterWarmingUp.o
 .bss           0x02018f0c        0x0 obj/default/menuComponent/ParameterMenu.o
 .bss           0x02018f0c        0x0 obj/default/menuComponent/RemoteMenu.o
 .bss           0x02018f0c        0x0 obj/default/menuComponent/SaveLoadMenu.o
 .bss           0x02018f0c        0x0 obj/default/menuComponent/ShotCountersMenu.o
 .bss           0x02018f0c        0x0 obj/default/menuComponent/ShutdownMenu.o
 .bss           0x02018f0c        0x0 obj/default/menuComponent/StartupMenu.o
 .bss           0x02018f0c        0x0 obj/default/menuComponent/editNum10.o
 .bss           0x02018f0c        0x0 obj/default/menuComponent/editNum2.o
 .bss           0x02018f0c        0x0 obj/default/menuComponent/editNum5.o
 .bss           0x02018f0c        0x0 obj/default/menuComponent/enterPWD.o
 .bss           0x02018f0c       0x12 obj/default/menuComponent/errorCheck.o
 .bss           0x02018f1e        0x0 obj/default/menuComponent/pwdPage.o
 .bss           0x02018f1e        0x0 obj/default/menuComponent/repPage.o
 .bss           0x02018f1e        0x0 obj/default/menuComponent/shotPage.o
 .bss           0x02018f1e        0x0 obj/default/menuComponent/timingPage.o
 .bss           0x02018f1e        0x0 c:/altera/13.1/nios2eds/bin/gnu/h-i686-mingw32/bin/../lib/gcc/nios2-elf/4.7.3/mno-hw-mul\libgcc.a(_fixunsdfsi.o)
 .bss           0x02018f1e        0x0 c:/altera/13.1/nios2eds/bin/gnu/h-i686-mingw32/bin/../lib/gcc/nios2-elf/4.7.3/mno-hw-mul\libgcc.a(_addsub_df.o)
 .bss           0x02018f1e        0x0 c:/altera/13.1/nios2eds/bin/gnu/h-i686-mingw32/bin/../lib/gcc/nios2-elf/4.7.3/mno-hw-mul\libgcc.a(_ge_df.o)
 .bss           0x02018f1e        0x0 c:/altera/13.1/nios2eds/bin/gnu/h-i686-mingw32/bin/../lib/gcc/nios2-elf/4.7.3/mno-hw-mul\libgcc.a(_df_to_si.o)
 .bss           0x02018f1e        0x0 c:/altera/13.1/nios2eds/bin/gnu/h-i686-mingw32/bin/../lib/gcc/nios2-elf/4.7.3/mno-hw-mul\libgcc.a(_thenan_df.o)
 .bss           0x02018f1e        0x0 c:/altera/13.1/nios2eds/bin/gnu/h-i686-mingw32/bin/../lib/gcc/nios2-elf/4.7.3/mno-hw-mul\libgcc.a(_usi_to_df.o)
 .bss           0x02018f1e        0x0 c:/altera/13.1/nios2eds/bin/gnu/h-i686-mingw32/bin/../lib/gcc/nios2-elf/4.7.3/mno-hw-mul\libgcc.a(lib2-divmod.o)
 .bss           0x02018f1e        0x0 c:/altera/13.1/nios2eds/bin/gnu/h-i686-mingw32/bin/../lib/gcc/nios2-elf/4.7.3/mno-hw-mul\libgcc.a(lib2-mul.o)
 .bss           0x02018f1e        0x0 c:/altera/13.1/nios2eds/bin/gnu/h-i686-mingw32/bin/../lib/gcc/nios2-elf/4.7.3/mno-hw-mul\libgcc.a(_clzsi2.o)
 .bss           0x02018f1e        0x0 c:/altera/13.1/nios2eds/bin/gnu/h-i686-mingw32/bin/../lib/gcc/nios2-elf/4.7.3/mno-hw-mul\libgcc.a(_pack_df.o)
 .bss           0x02018f1e        0x0 c:/altera/13.1/nios2eds/bin/gnu/h-i686-mingw32/bin/../lib/gcc/nios2-elf/4.7.3/mno-hw-mul\libgcc.a(_unpack_df.o)
 .bss           0x02018f1e        0x0 c:/altera/13.1/nios2eds/bin/gnu/h-i686-mingw32/bin/../lib/gcc/nios2-elf/4.7.3/mno-hw-mul\libgcc.a(_fpcmp_parts_df.o)
 .bss           0x02018f1e        0x0 c:/altera/13.1/nios2eds/bin/gnu/h-i686-mingw32/bin/../lib/gcc/nios2-elf/4.7.3/mno-hw-mul\libgcc.a(_lshrdi3.o)
 .bss           0x02018f1e        0x0 c:/altera/13.1/nios2eds/bin/gnu/h-i686-mingw32/bin/../lib/gcc/nios2-elf/4.7.3/mno-hw-mul\libgcc.a(_ashldi3.o)
 .bss           0x02018f1e        0x0 c:/altera/13.1/nios2eds/bin/gnu/h-i686-mingw32/bin/../lib/gcc/nios2-elf/4.7.3/mno-hw-mul\libgcc.a(_clz.o)
 .bss           0x02018f1e        0x0 c:/altera/13.1/nios2eds/bin/gnu/h-i686-mingw32/bin/../lib/gcc/nios2-elf/4.7.3/../../../../../H-i686-mingw32/nios2-elf/lib/mno-hw-mul\libc.a(lib_a-printf.o)
 .bss           0x02018f1e        0x0 c:/altera/13.1/nios2eds/bin/gnu/h-i686-mingw32/bin/../lib/gcc/nios2-elf/4.7.3/../../../../../H-i686-mingw32/nios2-elf/lib/mno-hw-mul\libc.a(lib_a-puts.o)
 .bss           0x02018f1e        0x0 c:/altera/13.1/nios2eds/bin/gnu/h-i686-mingw32/bin/../lib/gcc/nios2-elf/4.7.3/../../../../../H-i686-mingw32/nios2-elf/lib/mno-hw-mul\libc.a(lib_a-strlen.o)
 .bss           0x02018f1e        0x0 c:/altera/13.1/nios2eds/bin/gnu/h-i686-mingw32/bin/../lib/gcc/nios2-elf/4.7.3/../../../../../H-i686-mingw32/nios2-elf/lib/mno-hw-mul\libc.a(lib_a-vfprintf.o)
 .bss           0x02018f1e        0x0 c:/altera/13.1/nios2eds/bin/gnu/h-i686-mingw32/bin/../lib/gcc/nios2-elf/4.7.3/../../../../../H-i686-mingw32/nios2-elf/lib/mno-hw-mul\libc.a(lib_a-wsetup.o)
 .bss           0x02018f1e        0x0 c:/altera/13.1/nios2eds/bin/gnu/h-i686-mingw32/bin/../lib/gcc/nios2-elf/4.7.3/../../../../../H-i686-mingw32/nios2-elf/lib/mno-hw-mul\libc.a(lib_a-dtoa.o)
 .bss           0x02018f1e        0x0 c:/altera/13.1/nios2eds/bin/gnu/h-i686-mingw32/bin/../lib/gcc/nios2-elf/4.7.3/../../../../../H-i686-mingw32/nios2-elf/lib/mno-hw-mul\libc.a(lib_a-fflush.o)
 .bss           0x02018f1e        0x0 c:/altera/13.1/nios2eds/bin/gnu/h-i686-mingw32/bin/../lib/gcc/nios2-elf/4.7.3/../../../../../H-i686-mingw32/nios2-elf/lib/mno-hw-mul\libc.a(lib_a-findfp.o)
 .bss           0x02018f1e        0x0 c:/altera/13.1/nios2eds/bin/gnu/h-i686-mingw32/bin/../lib/gcc/nios2-elf/4.7.3/../../../../../H-i686-mingw32/nios2-elf/lib/mno-hw-mul\libc.a(lib_a-freer.o)
 .bss           0x02018f1e        0x0 c:/altera/13.1/nios2eds/bin/gnu/h-i686-mingw32/bin/../lib/gcc/nios2-elf/4.7.3/../../../../../H-i686-mingw32/nios2-elf/lib/mno-hw-mul\libc.a(lib_a-fvwrite.o)
 .bss           0x02018f1e        0x0 c:/altera/13.1/nios2eds/bin/gnu/h-i686-mingw32/bin/../lib/gcc/nios2-elf/4.7.3/../../../../../H-i686-mingw32/nios2-elf/lib/mno-hw-mul\libc.a(lib_a-fwalk.o)
 .bss           0x02018f1e        0x0 c:/altera/13.1/nios2eds/bin/gnu/h-i686-mingw32/bin/../lib/gcc/nios2-elf/4.7.3/../../../../../H-i686-mingw32/nios2-elf/lib/mno-hw-mul\libc.a(lib_a-impure.o)
 .bss           0x02018f1e        0x0 c:/altera/13.1/nios2eds/bin/gnu/h-i686-mingw32/bin/../lib/gcc/nios2-elf/4.7.3/../../../../../H-i686-mingw32/nios2-elf/lib/mno-hw-mul\libc.a(lib_a-locale.o)
 .bss           0x02018f1e        0x0 c:/altera/13.1/nios2eds/bin/gnu/h-i686-mingw32/bin/../lib/gcc/nios2-elf/4.7.3/../../../../../H-i686-mingw32/nios2-elf/lib/mno-hw-mul\libc.a(lib_a-makebuf.o)
 *fill*         0x02018f1e        0x2 
 .bss           0x02018f20       0x28 c:/altera/13.1/nios2eds/bin/gnu/h-i686-mingw32/bin/../lib/gcc/nios2-elf/4.7.3/../../../../../H-i686-mingw32/nios2-elf/lib/mno-hw-mul\libc.a(lib_a-mallocr.o)
                0x02018f20                __malloc_current_mallinfo
 .bss           0x02018f48        0x0 c:/altera/13.1/nios2eds/bin/gnu/h-i686-mingw32/bin/../lib/gcc/nios2-elf/4.7.3/../../../../../H-i686-mingw32/nios2-elf/lib/mno-hw-mul\libc.a(lib_a-memchr.o)
 .bss           0x02018f48        0x0 c:/altera/13.1/nios2eds/bin/gnu/h-i686-mingw32/bin/../lib/gcc/nios2-elf/4.7.3/../../../../../H-i686-mingw32/nios2-elf/lib/mno-hw-mul\libc.a(lib_a-memcpy.o)
 .bss           0x02018f48        0x0 c:/altera/13.1/nios2eds/bin/gnu/h-i686-mingw32/bin/../lib/gcc/nios2-elf/4.7.3/../../../../../H-i686-mingw32/nios2-elf/lib/mno-hw-mul\libc.a(lib_a-memmove.o)
 .bss           0x02018f48        0x0 c:/altera/13.1/nios2eds/bin/gnu/h-i686-mingw32/bin/../lib/gcc/nios2-elf/4.7.3/../../../../../H-i686-mingw32/nios2-elf/lib/mno-hw-mul\libc.a(lib_a-memset.o)
 .bss           0x02018f48        0x0 c:/altera/13.1/nios2eds/bin/gnu/h-i686-mingw32/bin/../lib/gcc/nios2-elf/4.7.3/../../../../../H-i686-mingw32/nios2-elf/lib/mno-hw-mul\libc.a(lib_a-mprec.o)
 .bss           0x02018f48        0x0 c:/altera/13.1/nios2eds/bin/gnu/h-i686-mingw32/bin/../lib/gcc/nios2-elf/4.7.3/../../../../../H-i686-mingw32/nios2-elf/lib/mno-hw-mul\libc.a(lib_a-reallocr.o)
 .bss           0x02018f48        0x0 c:/altera/13.1/nios2eds/bin/gnu/h-i686-mingw32/bin/../lib/gcc/nios2-elf/4.7.3/../../../../../H-i686-mingw32/nios2-elf/lib/mno-hw-mul\libc.a(lib_a-s_isinfd.o)
 .bss           0x02018f48        0x0 c:/altera/13.1/nios2eds/bin/gnu/h-i686-mingw32/bin/../lib/gcc/nios2-elf/4.7.3/../../../../../H-i686-mingw32/nios2-elf/lib/mno-hw-mul\libc.a(lib_a-s_isnand.o)
 .bss           0x02018f48        0x0 c:/altera/13.1/nios2eds/bin/gnu/h-i686-mingw32/bin/../lib/gcc/nios2-elf/4.7.3/../../../../../H-i686-mingw32/nios2-elf/lib/mno-hw-mul\libc.a(lib_a-sbrkr.o)
 .bss           0x02018f48        0x0 c:/altera/13.1/nios2eds/bin/gnu/h-i686-mingw32/bin/../lib/gcc/nios2-elf/4.7.3/../../../../../H-i686-mingw32/nios2-elf/lib/mno-hw-mul\libc.a(lib_a-stdio.o)
 .bss           0x02018f48        0x0 c:/altera/13.1/nios2eds/bin/gnu/h-i686-mingw32/bin/../lib/gcc/nios2-elf/4.7.3/../../../../../H-i686-mingw32/nios2-elf/lib/mno-hw-mul\libc.a(lib_a-strcmp.o)
 .bss           0x02018f48        0x0 c:/altera/13.1/nios2eds/bin/gnu/h-i686-mingw32/bin/../lib/gcc/nios2-elf/4.7.3/../../../../../H-i686-mingw32/nios2-elf/lib/mno-hw-mul\libc.a(lib_a-writer.o)
 .bss           0x02018f48        0x0 c:/altera/13.1/nios2eds/bin/gnu/h-i686-mingw32/bin/../lib/gcc/nios2-elf/4.7.3/../../../../../H-i686-mingw32/nios2-elf/lib/mno-hw-mul\libc.a(lib_a-callocr.o)
 .bss           0x02018f48        0x0 c:/altera/13.1/nios2eds/bin/gnu/h-i686-mingw32/bin/../lib/gcc/nios2-elf/4.7.3/../../../../../H-i686-mingw32/nios2-elf/lib/mno-hw-mul\libc.a(lib_a-closer.o)
 .bss           0x02018f48        0x0 c:/altera/13.1/nios2eds/bin/gnu/h-i686-mingw32/bin/../lib/gcc/nios2-elf/4.7.3/../../../../../H-i686-mingw32/nios2-elf/lib/mno-hw-mul\libc.a(lib_a-fclose.o)
 .bss           0x02018f48        0x0 c:/altera/13.1/nios2eds/bin/gnu/h-i686-mingw32/bin/../lib/gcc/nios2-elf/4.7.3/../../../../../H-i686-mingw32/nios2-elf/lib/mno-hw-mul\libc.a(lib_a-fstatr.o)
 .bss           0x02018f48        0x0 c:/altera/13.1/nios2eds/bin/gnu/h-i686-mingw32/bin/../lib/gcc/nios2-elf/4.7.3/../../../../../H-i686-mingw32/nios2-elf/lib/mno-hw-mul\libc.a(lib_a-int_errno.o)
 .bss           0x02018f48        0x0 c:/altera/13.1/nios2eds/bin/gnu/h-i686-mingw32/bin/../lib/gcc/nios2-elf/4.7.3/../../../../../H-i686-mingw32/nios2-elf/lib/mno-hw-mul\libc.a(lib_a-isattyr.o)
 .bss           0x02018f48        0x0 c:/altera/13.1/nios2eds/bin/gnu/h-i686-mingw32/bin/../lib/gcc/nios2-elf/4.7.3/../../../../../H-i686-mingw32/nios2-elf/lib/mno-hw-mul\libc.a(lib_a-lseekr.o)
 .bss           0x02018f48        0x0 c:/altera/13.1/nios2eds/bin/gnu/h-i686-mingw32/bin/../lib/gcc/nios2-elf/4.7.3/../../../../../H-i686-mingw32/nios2-elf/lib/mno-hw-mul\libc.a(lib_a-readr.o)
 .bss           0x02018f48        0x0 c:/altera/13.1/nios2eds/bin/gnu/h-i686-mingw32/bin/../lib/gcc/nios2-elf/4.7.3/mno-hw-mul\libgcc.a(_udivdi3.o)
 .bss           0x02018f48        0x0 c:/altera/13.1/nios2eds/bin/gnu/h-i686-mingw32/bin/../lib/gcc/nios2-elf/4.7.3/mno-hw-mul\libgcc.a(_umoddi3.o)
 .bss           0x02018f48        0x0 c:/altera/13.1/nios2eds/bin/gnu/h-i686-mingw32/bin/../lib/gcc/nios2-elf/4.7.3/mno-hw-mul\libgcc.a(_mul_df.o)
 .bss           0x02018f48        0x0 c:/altera/13.1/nios2eds/bin/gnu/h-i686-mingw32/bin/../lib/gcc/nios2-elf/4.7.3/mno-hw-mul\libgcc.a(_div_df.o)
 .bss           0x02018f48        0x0 c:/altera/13.1/nios2eds/bin/gnu/h-i686-mingw32/bin/../lib/gcc/nios2-elf/4.7.3/mno-hw-mul\libgcc.a(_eq_df.o)
 .bss           0x02018f48        0x0 c:/altera/13.1/nios2eds/bin/gnu/h-i686-mingw32/bin/../lib/gcc/nios2-elf/4.7.3/mno-hw-mul\libgcc.a(_ne_df.o)
 .bss           0x02018f48        0x0 c:/altera/13.1/nios2eds/bin/gnu/h-i686-mingw32/bin/../lib/gcc/nios2-elf/4.7.3/mno-hw-mul\libgcc.a(_gt_df.o)
 .bss           0x02018f48        0x0 c:/altera/13.1/nios2eds/bin/gnu/h-i686-mingw32/bin/../lib/gcc/nios2-elf/4.7.3/mno-hw-mul\libgcc.a(_lt_df.o)
 .bss           0x02018f48        0x0 c:/altera/13.1/nios2eds/bin/gnu/h-i686-mingw32/bin/../lib/gcc/nios2-elf/4.7.3/mno-hw-mul\libgcc.a(_si_to_df.o)
 .bss           0x02018f48        0x0 c:/altera/13.1/nios2eds/bin/gnu/h-i686-mingw32/bin/../lib/gcc/nios2-elf/4.7.3/mno-hw-mul\libgcc.a(_muldi3.o)
 .bss           0x02018f48        0x0 ../Controller_sw_bsp/\libhal_bsp.a(alt_close.o)
 .bss           0x02018f48        0x0 ../Controller_sw_bsp/\libhal_bsp.a(alt_dev.o)
 .bss           0x02018f48        0x0 ../Controller_sw_bsp/\libhal_bsp.a(alt_errno.o)
 .bss           0x02018f48        0x0 ../Controller_sw_bsp/\libhal_bsp.a(alt_fstat.o)
 .bss           0x02018f48        0x0 ../Controller_sw_bsp/\libhal_bsp.a(alt_iic.o)
 .bss           0x02018f48        0x0 ../Controller_sw_bsp/\libhal_bsp.a(alt_iic_isr_register.o)
 .bss           0x02018f48        0x0 ../Controller_sw_bsp/\libhal_bsp.a(alt_irq_entry.o)
 .bss           0x02018f48        0x0 ../Controller_sw_bsp/\libhal_bsp.a(alt_irq_handler.o)
 .bss           0x02018f48        0x0 ../Controller_sw_bsp/\libhal_bsp.a(alt_irq_vars.o)
 .bss           0x02018f48        0x0 ../Controller_sw_bsp/\libhal_bsp.a(alt_isatty.o)
 .bss           0x02018f48        0x0 ../Controller_sw_bsp/\libhal_bsp.a(alt_lseek.o)
 .bss           0x02018f48        0x0 ../Controller_sw_bsp/\libhal_bsp.a(alt_main.o)
 .bss           0x02018f48        0x0 ../Controller_sw_bsp/\libhal_bsp.a(alt_malloc_lock.o)
 .bss           0x02018f48        0x0 ../Controller_sw_bsp/\libhal_bsp.a(alt_read.o)
 .bss           0x02018f48        0x0 ../Controller_sw_bsp/\libhal_bsp.a(alt_release_fd.o)
 .bss           0x02018f48        0x0 ../Controller_sw_bsp/\libhal_bsp.a(alt_sbrk.o)
 .bss           0x02018f48        0x0 ../Controller_sw_bsp/\libhal_bsp.a(alt_write.o)
 .bss           0x02018f48        0x0 ../Controller_sw_bsp/\libhal_bsp.a(alt_sys_init.o)
 .bss           0x02018f48        0x0 ../Controller_sw_bsp/\libhal_bsp.a(altera_avalon_epcs_flash_controller.o)
 .bss           0x02018f48        0x0 ../Controller_sw_bsp/\libhal_bsp.a(altera_avalon_jtag_uart_fd.o)
 .bss           0x02018f48        0x0 ../Controller_sw_bsp/\libhal_bsp.a(altera_avalon_jtag_uart_init.o)
 .bss           0x02018f48        0x0 ../Controller_sw_bsp/\libhal_bsp.a(altera_avalon_jtag_uart_ioctl.o)
 .bss           0x02018f48        0x0 ../Controller_sw_bsp/\libhal_bsp.a(altera_avalon_jtag_uart_read.o)
 .bss           0x02018f48        0x0 ../Controller_sw_bsp/\libhal_bsp.a(altera_avalon_jtag_uart_write.o)
 .bss           0x02018f48        0x0 ../Controller_sw_bsp/\libhal_bsp.a(altera_avalon_uart_fd.o)
 .bss           0x02018f48        0x0 ../Controller_sw_bsp/\libhal_bsp.a(altera_avalon_uart_init.o)
 .bss           0x02018f48        0x0 ../Controller_sw_bsp/\libhal_bsp.a(altera_avalon_uart_read.o)
 .bss           0x02018f48        0x0 ../Controller_sw_bsp/\libhal_bsp.a(altera_avalon_uart_write.o)
 .bss           0x02018f48        0x0 ../Controller_sw_bsp/\libhal_bsp.a(epcs_commands.o)
 .bss           0x02018f48        0x0 ../Controller_sw_bsp/\libhal_bsp.a(alt_alarm_start.o)
 .bss           0x02018f48        0x0 ../Controller_sw_bsp/\libhal_bsp.a(alt_dev_llist_insert.o)
 .bss           0x02018f48        0x0 ../Controller_sw_bsp/\libhal_bsp.a(alt_do_ctors.o)
 .bss           0x02018f48        0x0 ../Controller_sw_bsp/\libhal_bsp.a(alt_do_dtors.o)
 .bss           0x02018f48        0x0 ../Controller_sw_bsp/\libhal_bsp.a(alt_exception_entry.o)
 .bss           0x02018f48        0x0 ../Controller_sw_bsp/\libhal_bsp.a(alt_flash_dev.o)
 .bss           0x02018f48        0x0 ../Controller_sw_bsp/\libhal_bsp.a(alt_io_redirect.o)
 .bss           0x02018f48        0x0 ../Controller_sw_bsp/\libhal_bsp.a(alt_open.o)
 .bss           0x02018f48        0x0 ../Controller_sw_bsp/\libhal_bsp.a(alt_tick.o)
 .bss           0x02018f48        0x0 ../Controller_sw_bsp/\libhal_bsp.a(altera_nios2_qsys_irq.o)
 .bss           0x02018f48        0x0 ../Controller_sw_bsp/\libhal_bsp.a(altera_avalon_spi.o)
 .bss           0x02018f48        0x0 ../Controller_sw_bsp/\libhal_bsp.a(alt_find_dev.o)
 .bss           0x02018f48        0x0 ../Controller_sw_bsp/\libhal_bsp.a(alt_find_file.o)
 .bss           0x02018f48        0x0 ../Controller_sw_bsp/\libhal_bsp.a(alt_get_fd.o)
 .bss           0x02018f48        0x0 c:/altera/13.1/nios2eds/bin/gnu/h-i686-mingw32/bin/../lib/gcc/nios2-elf/4.7.3/../../../../../H-i686-mingw32/nios2-elf/lib/mno-hw-mul\libc.a(lib_a-atexit.o)
 .bss           0x02018f48        0x0 c:/altera/13.1/nios2eds/bin/gnu/h-i686-mingw32/bin/../lib/gcc/nios2-elf/4.7.3/../../../../../H-i686-mingw32/nios2-elf/lib/mno-hw-mul\libc.a(lib_a-exit.o)
 .bss           0x02018f48        0x0 c:/altera/13.1/nios2eds/bin/gnu/h-i686-mingw32/bin/../lib/gcc/nios2-elf/4.7.3/../../../../../H-i686-mingw32/nios2-elf/lib/mno-hw-mul\libc.a(lib_a-memcmp.o)
 .bss           0x02018f48        0x0 c:/altera/13.1/nios2eds/bin/gnu/h-i686-mingw32/bin/../lib/gcc/nios2-elf/4.7.3/../../../../../H-i686-mingw32/nios2-elf/lib/mno-hw-mul\libc.a(lib_a-__atexit.o)
 .bss           0x02018f48        0x0 c:/altera/13.1/nios2eds/bin/gnu/h-i686-mingw32/bin/../lib/gcc/nios2-elf/4.7.3/../../../../../H-i686-mingw32/nios2-elf/lib/mno-hw-mul\libc.a(lib_a-__call_atexit.o)
 .bss           0x02018f48        0x0 ../Controller_sw_bsp/\libhal_bsp.a(alt_exit.o)
 *(COMMON)
 COMMON         0x02018f48      0x100 ../Controller_sw_bsp/\libhal_bsp.a(alt_irq_handler.o)
                0x02018f48                alt_irq
 COMMON         0x02019048      0x190 c:/altera/13.1/nios2eds/bin/gnu/h-i686-mingw32/bin/../lib/gcc/nios2-elf/4.7.3/../../../../../H-i686-mingw32/nios2-elf/lib/mno-hw-mul\libc.a(lib_a-atexit.o)
                0x02019048                _atexit0
                0x020191d8                . = ALIGN (0x4)
                0x020191d8                __bss_end = ABSOLUTE (.)

.sdram          0x020191d8        0x0
                0x020191d8                PROVIDE (_alt_partition_sdram_start, ABSOLUTE (.))
 *(.sdram .sdram. sdram.*)
                0x020191d8                . = ALIGN (0x4)
                0x020191d8                PROVIDE (_alt_partition_sdram_end, ABSOLUTE (.))
                0x020191d8                _end = ABSOLUTE (.)
                0x020191d8                end = ABSOLUTE (.)
                0x020191d8                __alt_stack_base = ABSOLUTE (.)
                0x020191d8                PROVIDE (_alt_partition_sdram_load_addr, LOADADDR (.sdram))

.epcs           0x04001020        0x0
                0x04001020                PROVIDE (_alt_partition_epcs_start, ABSOLUTE (.))
 *(.epcs .epcs. epcs.*)
                0x04001020                . = ALIGN (0x4)
                0x04001020                PROVIDE (_alt_partition_epcs_end, ABSOLUTE (.))
                0x04001020                PROVIDE (_alt_partition_epcs_load_addr, LOADADDR (.epcs))

.stab
 *(.stab)

.stabstr
 *(.stabstr)

.stab.excl
 *(.stab.excl)

.stab.exclstr
 *(.stab.exclstr)

.stab.index
 *(.stab.index)

.stab.indexstr
 *(.stab.indexstr)

.comment        0x00000000       0x23
 *(.comment)
 .comment       0x00000000       0x23 obj/default/driver/Counter.o
                                 0x24 (size before relaxing)
 .comment       0x00000000       0x24 obj/default/driver/DisDriver.o
 .comment       0x00000000       0x24 obj/default/driver/FRAM.o
 .comment       0x00000000       0x24 obj/default/driver/KPLED.o
 .comment       0x00000000       0x24 obj/default/driver/comInterface.o
 .comment       0x00000000       0x24 obj/default/driver/coverPage.o
 .comment       0x00000000       0x24 obj/default/driver/delay.o
 .comment       0x00000000       0x24 obj/default/driver/loadWriteData.o
 .comment       0x00000000       0x24 obj/default/driver/powerFailure.o
 .comment       0x00000000       0x24 obj/default/driver/uart.o
 .comment       0x00000000       0x24 obj/default/main/TopMenu.o
 .comment       0x00000000       0x24 obj/default/main/main.o
 .comment       0x00000000       0x24 obj/default/menuComponent/FireMenu.o
 .comment       0x00000000       0x24 obj/default/menuComponent/HeaterWarmingUp.o
 .comment       0x00000000       0x24 obj/default/menuComponent/ParameterMenu.o
 .comment       0x00000000       0x24 obj/default/menuComponent/RemoteMenu.o
 .comment       0x00000000       0x24 obj/default/menuComponent/SaveLoadMenu.o
 .comment       0x00000000       0x24 obj/default/menuComponent/ShotCountersMenu.o
 .comment       0x00000000       0x24 obj/default/menuComponent/ShutdownMenu.o
 .comment       0x00000000       0x24 obj/default/menuComponent/StartupMenu.o
 .comment       0x00000000       0x24 obj/default/menuComponent/editNum10.o
 .comment       0x00000000       0x24 obj/default/menuComponent/editNum2.o
 .comment       0x00000000       0x24 obj/default/menuComponent/editNum5.o
 .comment       0x00000000       0x24 obj/default/menuComponent/enterPWD.o
 .comment       0x00000000       0x24 obj/default/menuComponent/errorCheck.o
 .comment       0x00000000       0x24 obj/default/menuComponent/pwdPage.o
 .comment       0x00000000       0x24 obj/default/menuComponent/repPage.o
 .comment       0x00000000       0x24 obj/default/menuComponent/shotPage.o
 .comment       0x00000000       0x24 obj/default/menuComponent/timingPage.o
 .comment       0x00000000       0x24 c:/altera/13.1/nios2eds/bin/gnu/h-i686-mingw32/bin/../lib/gcc/nios2-elf/4.7.3/mno-hw-mul\libgcc.a(_fixunsdfsi.o)
 .comment       0x00000000       0x24 c:/altera/13.1/nios2eds/bin/gnu/h-i686-mingw32/bin/../lib/gcc/nios2-elf/4.7.3/mno-hw-mul\libgcc.a(_addsub_df.o)
 .comment       0x00000000       0x24 c:/altera/13.1/nios2eds/bin/gnu/h-i686-mingw32/bin/../lib/gcc/nios2-elf/4.7.3/mno-hw-mul\libgcc.a(_ge_df.o)
 .comment       0x00000000       0x24 c:/altera/13.1/nios2eds/bin/gnu/h-i686-mingw32/bin/../lib/gcc/nios2-elf/4.7.3/mno-hw-mul\libgcc.a(_df_to_si.o)
 .comment       0x00000000       0x24 c:/altera/13.1/nios2eds/bin/gnu/h-i686-mingw32/bin/../lib/gcc/nios2-elf/4.7.3/mno-hw-mul\libgcc.a(_thenan_df.o)
 .comment       0x00000000       0x24 c:/altera/13.1/nios2eds/bin/gnu/h-i686-mingw32/bin/../lib/gcc/nios2-elf/4.7.3/mno-hw-mul\libgcc.a(_usi_to_df.o)
 .comment       0x00000000       0x24 c:/altera/13.1/nios2eds/bin/gnu/h-i686-mingw32/bin/../lib/gcc/nios2-elf/4.7.3/mno-hw-mul\libgcc.a(lib2-divmod.o)