Archive member included because of file (symbol)

c:/altera/13.1/nios2eds/bin/gnu/h-i686-mingw32/bin/../lib/gcc/nios2-elf/4.7.3/mno-hw-mul\libgcc.a(_fixunsdfsi.o)
                              obj/default/driver/uart.o (__fixunsdfsi)
c:/altera/13.1/nios2eds/bin/gnu/h-i686-mingw32/bin/../lib/gcc/nios2-elf/4.7.3/mno-hw-mul\libgcc.a(_addsub_df.o)
                              obj/default/driver/uart.o (__adddf3)
c:/altera/13.1/nios2eds/bin/gnu/h-i686-mingw32/bin/../lib/gcc/nios2-elf/4.7.3/mno-hw-mul\libgcc.a(_ge_df.o)
                              c:/altera/13.1/nios2eds/bin/gnu/h-i686-mingw32/bin/../lib/gcc/nios2-elf/4.7.3/mno-hw-mul\libgcc.a(_fixunsdfsi.o) (__gedf2)
c:/altera/13.1/nios2eds/bin/gnu/h-i686-mingw32/bin/../lib/gcc/nios2-elf/4.7.3/mno-hw-mul\libgcc.a(_df_to_si.o)
                              c:/altera/13.1/nios2eds/bin/gnu/h-i686-mingw32/bin/../lib/gcc/nios2-elf/4.7.3/mno-hw-mul\libgcc.a(_fixunsdfsi.o) (__fixdfsi)
c:/altera/13.1/nios2eds/bin/gnu/h-i686-mingw32/bin/../lib/gcc/nios2-elf/4.7.3/mno-hw-mul\libgcc.a(_thenan_df.o)
                              c:/altera/13.1/nios2eds/bin/gnu/h-i686-mingw32/bin/../lib/gcc/nios2-elf/4.7.3/mno-hw-mul\libgcc.a(_addsub_df.o) (__thenan_df)
c:/altera/13.1/nios2eds/bin/gnu/h-i686-mingw32/bin/../lib/gcc/nios2-elf/4.7.3/mno-hw-mul\libgcc.a(_usi_to_df.o)
                              obj/default/driver/uart.o (__floatunsidf)
c:/altera/13.1/nios2eds/bin/gnu/h-i686-mingw32/bin/../lib/gcc/nios2-elf/4.7.3/mno-hw-mul\libgcc.a(lib2-divmod.o)
                              obj/default/driver/uart.o (__udivsi3)
c:/altera/13.1/nios2eds/bin/gnu/h-i686-mingw32/bin/../lib/gcc/nios2-elf/4.7.3/mno-hw-mul\libgcc.a(lib2-mul.o)
                              obj/default/menuComponent/editNum10.o (__mulsi3)
c:/altera/13.1/nios2eds/bin/gnu/h-i686-mingw32/bin/../lib/gcc/nios2-elf/4.7.3/mno-hw-mul\libgcc.a(_clzsi2.o)
                              c:/altera/13.1/nios2eds/bin/gnu/h-i686-mingw32/bin/../lib/gcc/nios2-elf/4.7.3/mno-hw-mul\libgcc.a(_usi_to_df.o) (__clzsi2)
c:/altera/13.1/nios2eds/bin/gnu/h-i686-mingw32/bin/../lib/gcc/nios2-elf/4.7.3/mno-hw-mul\libgcc.a(_pack_df.o)
                              c:/altera/13.1/nios2eds/bin/gnu/h-i686-mingw32/bin/../lib/gcc/nios2-elf/4.7.3/mno-hw-mul\libgcc.a(_addsub_df.o) (__pack_d)
c:/altera/13.1/nios2eds/bin/gnu/h-i686-mingw32/bin/../lib/gcc/nios2-elf/4.7.3/mno-hw-mul\libgcc.a(_unpack_df.o)
                              c:/altera/13.1/nios2eds/bin/gnu/h-i686-mingw32/bin/../lib/gcc/nios2-elf/4.7.3/mno-hw-mul\libgcc.a(_addsub_df.o) (__unpack_d)
c:/altera/13.1/nios2eds/bin/gnu/h-i686-mingw32/bin/../lib/gcc/nios2-elf/4.7.3/mno-hw-mul\libgcc.a(_fpcmp_parts_df.o)
                              c:/altera/13.1/nios2eds/bin/gnu/h-i686-mingw32/bin/../lib/gcc/nios2-elf/4.7.3/mno-hw-mul\libgcc.a(_ge_df.o) (__fpcmp_parts_d)
c:/altera/13.1/nios2eds/bin/gnu/h-i686-mingw32/bin/../lib/gcc/nios2-elf/4.7.3/mno-hw-mul\libgcc.a(_lshrdi3.o)
                              c:/altera/13.1/nios2eds/bin/gnu/h-i686-mingw32/bin/../lib/gcc/nios2-elf/4.7.3/mno-hw-mul\libgcc.a(_pack_df.o) (__lshrdi3)
c:/altera/13.1/nios2eds/bin/gnu/h-i686-mingw32/bin/../lib/gcc/nios2-elf/4.7.3/mno-hw-mul\libgcc.a(_ashldi3.o)
                              c:/altera/13.1/nios2eds/bin/gnu/h-i686-mingw32/bin/../lib/gcc/nios2-elf/4.7.3/mno-hw-mul\libgcc.a(_pack_df.o) (__ashldi3)
c:/altera/13.1/nios2eds/bin/gnu/h-i686-mingw32/bin/../lib/gcc/nios2-elf/4.7.3/mno-hw-mul\libgcc.a(_clz.o)
                              c:/altera/13.1/nios2eds/bin/gnu/h-i686-mingw32/bin/../lib/gcc/nios2-elf/4.7.3/mno-hw-mul\libgcc.a(_clzsi2.o) (__clz_tab)
c:/altera/13.1/nios2eds/bin/gnu/h-i686-mingw32/bin/../lib/gcc/nios2-elf/4.7.3/../../../../../H-i686-mingw32/nios2-elf/lib/mno-hw-mul\libc.a(lib_a-printf.o)
                              obj/default/driver/FRAM.o (printf)
c:/altera/13.1/nios2eds/bin/gnu/h-i686-mingw32/bin/../lib/gcc/nios2-elf/4.7.3/../../../../../H-i686-mingw32/nios2-elf/lib/mno-hw-mul\libc.a(lib_a-puts.o)
                              obj/default/main/TopMenu.o (puts)
c:/altera/13.1/nios2eds/bin/gnu/h-i686-mingw32/bin/../lib/gcc/nios2-elf/4.7.3/../../../../../H-i686-mingw32/nios2-elf/lib/mno-hw-mul\libc.a(lib_a-strlen.o)
                              c:/altera/13.1/nios2eds/bin/gnu/h-i686-mingw32/bin/../lib/gcc/nios2-elf/4.7.3/../../../../../H-i686-mingw32/nios2-elf/lib/mno-hw-mul\libc.a(lib_a-puts.o) (strlen)
c:/altera/13.1/nios2eds/bin/gnu/h-i686-mingw32/bin/../lib/gcc/nios2-elf/4.7.3/../../../../../H-i686-mingw32/nios2-elf/lib/mno-hw-mul\libc.a(lib_a-vfprintf.o)
                              c:/altera/13.1/nios2eds/bin/gnu/h-i686-mingw32/bin/../lib/gcc/nios2-elf/4.7.3/../../../../../H-i686-mingw32/nios2-elf/lib/mno-hw-mul\libc.a(lib_a-printf.o) (___vfprintf_internal_r)
c:/altera/13.1/nios2eds/bin/gnu/h-i686-mingw32/bin/../lib/gcc/nios2-elf/4.7.3/../../../../../H-i686-mingw32/nios2-elf/lib/mno-hw-mul\libc.a(lib_a-wsetup.o)
[...]
Memory Configuration

Name             Origin             Length             Attributes
sdram_BEFORE_EXCEPTION 0x02000000         0x00000020
sdram            0x02000020         0x01ffffe0
reset            0x04001000         0x00000020
epcs             0x04001020         0x000007e0
*default*        0x00000000         0xffffffff

Linker script and memory map

LOAD ../Controller_sw_bsp//obj/HAL/src/crt0.o
LOAD obj/default/driver/Counter.o
LOAD obj/default/driver/DisDriver.o
LOAD obj/default/driver/FRAM.o
LOAD obj/default/driver/KPLED.o
LOAD obj/default/driver/comInterface.o
LOAD obj/default/driver/coverPage.o
LOAD obj/default/driver/delay.o
LOAD obj/default/driver/loadWriteData.o
LOAD obj/default/driver/powerFailure.o
LOAD obj/default/driver/uart.o
LOAD obj/default/main/TopMenu.o
LOAD obj/default/main/main.o
LOAD obj/default/menuComponent/FireMenu.o
LOAD obj/default/menuComponent/HeaterWarmingUp.o
LOAD obj/default/menuComponent/ParameterMenu.o
LOAD obj/default/menuComponent/RemoteMenu.o
LOAD obj/default/menuComponent/SaveLoadMenu.o
LOAD obj/default/menuComponent/ShotCountersMenu.o
LOAD obj/default/menuComponent/ShutdownMenu.o
LOAD obj/default/menuComponent/StartupMenu.o
LOAD obj/default/menuComponent/editNum10.o
LOAD obj/default/menuComponent/editNum2.o
LOAD obj/default/menuComponent/editNum5.o
LOAD obj/default/menuComponent/enterPWD.o
LOAD obj/default/menuComponent/errorCheck.o
LOAD obj/default/menuComponent/pwdPage.o
LOAD obj/default/menuComponent/repPage.o
LOAD obj/default/menuComponent/shotPage.o
LOAD obj/default/menuComponent/timingPage.o
LOAD c:/altera/13.1/nios2eds/bin/gnu/h-i686-mingw32/bin/../lib/gcc/nios2-elf/4.7.3/../../../../../H-i686-mingw32/nios2-elf/lib/mno-hw-mul\libstdc++.a
LOAD c:/altera/13.1/nios2eds/bin/gnu/h-i686-mingw32/bin/../lib/gcc/nios2-elf/4.7.3/../../../../../H-i686-mingw32/nios2-elf/lib/mno-hw-mul\libm.a
LOAD c:/altera/13.1/nios2eds/bin/gnu/h-i686-mingw32/bin/../lib/gcc/nios2-elf/4.7.3/mno-hw-mul\libgcc.a
START GROUP
LOAD c:/altera/13.1/nios2eds/bin/gnu/h-i686-mingw32/bin/../lib/gcc/nios2-elf/4.7.3/../../../../../H-i686-mingw32/nios2-elf/lib/mno-hw-mul\libc.a
LOAD c:/altera/13.1/nios2eds/bin/gnu/h-i686-mingw32/bin/../lib/gcc/nios2-elf/4.7.3/mno-hw-mul\libgcc.a
LOAD ../Controller_sw_bsp/\libhal_bsp.a
END GROUP
LOAD c:/altera/13.1/nios2eds/bin/gnu/h-i686-mingw32/bin/../lib/gcc/nios2-elf/4.7.3/mno-hw-mul\libgcc.a
                0x02000000                __alt_mem_sdram = 0x2000000
                0x04001000                __alt_mem_epcs = 0x4001000

.entry          0x04001000        0x0
 *(.entry)
 .entry         0x04001000        0x0 ../Controller_sw_bsp//obj/HAL/src/crt0.o
                0x04001000                __reset

.exceptions     0x02000020      0x198
                0x02000020                PROVIDE (__ram_exceptions_start, ABSOLUTE (.))
                0x02000020                . = ALIGN (0x20)
 *(.irq)
 *(.exceptions.entry.label)
 .exceptions.entry.label
                0x02000020        0x0 ../Controller_sw_bsp/\libhal_bsp.a(alt_irq_entry.o)
                0x02000020                alt_irq_entry
 .exceptions.entry.label
                0x02000020        0x0 ../Controller_sw_bsp/\libhal_bsp.a(alt_exception_entry.o)
                0x02000020                alt_exception
 *(.exceptions.entry.user)
 *(.exceptions.entry.ecc_fatal)
 *(.exceptions.entry)
 .exceptions.entry
                0x02000020       0x54 ../Controller_sw_bsp/\libhal_bsp.a(alt_exception_entry.o)
 *(.exceptions.irqtest.user)
 *(.exceptions.irqtest)
 .exceptions.irqtest
                0x02000074       0x10 ../Controller_sw_bsp/\libhal_bsp.a(alt_irq_entry.o)
 *(.exceptions.irqhandler.user)
 *(.exceptions.irqhandler)
 .exceptions.irqhandler
                0x02000084        0x4 ../Controller_sw_bsp/\libhal_bsp.a(alt_irq_entry.o)
 *(.exceptions.irqreturn.user)
 *(.exceptions.irqreturn)
 .exceptions.irqreturn
                0x02000088        0x4 ../Controller_sw_bsp/\libhal_bsp.a(alt_irq_entry.o)
 *(.exceptions.notirq.label)
 .exceptions.notirq.label
                0x0200008c        0x0 ../Controller_sw_bsp/\libhal_bsp.a(alt_irq_entry.o)
 *(.exceptions.notirq.user)
 *(.exceptions.notirq)
 .exceptions.notirq
                0x0200008c        0x8 ../Controller_sw_bsp/\libhal_bsp.a(alt_exception_entry.o)
 *(.exceptions.soft.user)
 *(.exceptions.soft)
 *(.exceptions.unknown.user)
 *(.exceptions.unknown)
 .exceptions.unknown
                0x02000094        0x4 ../Controller_sw_bsp/\libhal_bsp.a(alt_exception_entry.o)
 *(.exceptions.exit.label)
 .exceptions.exit.label
                0x02000098        0x0 ../Controller_sw_bsp/\libhal_bsp.a(alt_irq_entry.o)
 .exceptions.exit.label
                0x02000098        0x0 ../Controller_sw_bsp/\libhal_bsp.a(alt_exception_entry.o)
 *(.exceptions.exit.user)
 *(.exceptions.exit)
 .exceptions.exit
                0x02000098       0x54 ../Controller_sw_bsp/\libhal_bsp.a(alt_exception_entry.o)
 *(.exceptions)
 .exceptions    0x020000ec       0xcc ../Controller_sw_bsp/\libhal_bsp.a(alt_irq_handler.o)
                0x020000ec                alt_irq_handler
                0x020001b8                PROVIDE (__ram_exceptions_end, ABSOLUTE (.))
                0x02000020                PROVIDE (__flash_exceptions_start, LOADADDR (.exceptions))

.text           0x020001b8    0x15e9c
                0x020001b8                PROVIDE (stext, ABSOLUTE (.))
 *(.interp)
 *(.hash)
 *(.dynsym)
 *(.dynstr)
 *(.gnu.version)
 *(.gnu.version_d)
 *(.gnu.version_r)
 *(.rel.init)
 *(.rela.init)
 *(.rel.text .rel.text.* .rel.gnu.linkonce.t.*)
 *(.rela.text .rela.text.* .rela.gnu.linkonce.t.*)
 *(.rel.fini)
 *(.rela.fini)
 *(.rel.rodata .rel.rodata.* .rel.gnu.linkonce.r.*)
 *(.rela.rodata .rela.rodata.* .rela.gnu.linkonce.r.*)
 *(.rel.data .rel.data.* .rel.gnu.linkonce.d.*)
 *(.rela.data .rela.data.* .rela.gnu.linkonce.d.*)
 *(.rel.tdata .rel.tdata.* .rel.gnu.linkonce.td.*)
 *(.rela.tdata .rela.tdata.* .rela.gnu.linkonce.td.*)
 *(.rel.tbss .rel.tbss.* .rel.gnu.linkonce.tb.*)
 *(.rela.tbss .rela.tbss.* .rela.gnu.linkonce.tb.*)
 *(.rel.ctors)
 *(.rela.ctors)
 *(.rel.dtors)
 *(.rela.dtors)
 *(.rel.got)
 *(.rela.got)
 *(.rel.sdata .rel.sdata.* .rel.gnu.linkonce.s.*)
 *(.rela.sdata .rela.sdata.* .rela.gnu.linkonce.s.*)
 *(.rel.sbss .rel.sbss.* .rel.gnu.linkonce.sb.*)
 *(.rela.sbss .rela.sbss.* .rela.gnu.linkonce.sb.*)
 *(.rel.sdata2 .rel.sdata2.* .rel.gnu.linkonce.s2.*)
 *(.rela.sdata2 .rela.sdata2.* .rela.gnu.linkonce.s2.*)
 *(.rel.sbss2 .rel.sbss2.* .rel.gnu.linkonce.sb2.*)
 *(.rela.sbss2 .rela.sbss2.* .rela.gnu.linkonce.sb2.*)
 *(.rel.bss .rel.bss.* .rel.gnu.linkonce.b.*)
 *(.rela.bss .rela.bss.* .rela.gnu.linkonce.b.*)
 *(.rel.plt)
 *(.rela.plt)
 *(.rel.dyn)
 *(.init)
 *(.plt)
 *(.text .stub .text.* .gnu.linkonce.t.*)
 .text          0x020001b8       0x38 ../Controller_sw_bsp//obj/HAL/src/crt0.o
                0x020001b8                _start
 .text          0x020001f0      0x1b0 obj/default/driver/Counter.o
                0x020001f0                CounterInit
                0x0200026c                getCounter0Val
                0x0200029c                getCounter1Val
                0x020002cc                SaveCounterToFRAM
                0x02000328                resetCounter1
 .text          0x020003a0      0x380 obj/default/driver/DisDriver.o
                0x020003a0                DisWrData
                0x02000418                DisWrInst
                0x0200048c                DisInit
                0x020004fc                DisShowCur
                0x02000540                DisCurPos
                0x02000600                DisWrStr
                0x02000678                DisClear
                0x020006ac                DisClearRow
                0x020006f4                DisOff
 .text          0x02000720      0x6e4 obj/default/driver/FRAM.o
                0x02000720                FRAM_SendByte
                0x02000938                FRAM_ReadByte
                0x02000b5c                FRAM_Write32Bits
                0x02000c88                FRAM_Read32Bits
                0x02000d90                FRAM_test
 .text          0x02000e04      0x5d0 obj/default/driver/KPLED.o
                0x02000e04                KPLED_getStatus
                0x02000e24                KPLED_setStatus
                0x02000e88                KPLED_All_Bright
                0x02000ee4                KPLED_All_Dim
                0x02000f40                KPLED_All_Off
                0x02000f9c                KPLED_Numbers
                0x02001020                KPLED_RightArrow
                0x020010ac                KPLED_LeftArrow
                0x02001134                KPLED_Menu
                0x020011bc                KPLED_Edit
                0x02001244                KPLED_Enter
                0x020012cc                KPLED_Enable
                0x02001354                KPLED_Fire
 .text          0x020013d4      0x504 obj/default/driver/comInterface.o
                0x020013d4                UartInit
                0x02001408                WriteRAM32Bits
                0x020014e0                ReadRAM32Bits
                0x020016ac                WriteEEPROM8Bits
                0x02001724                WriteEEPROM32Bits
                0x020017f8                Fire
                0x02001840                Stop
                0x02001888                ResetRAMFromEEPROM
 .text          0x020018d8       0xdc obj/default/driver/coverPage.o
                0x020018d8                showCoverPage
 .text          0x020019b4       0x60 obj/default/driver/delay.o
                0x020019b4                delay
 .text          0x02001a14      0x300 obj/default/driver/loadWriteData.o
                0x02001a14                loadData
                0x02001a40                LoadRAMRepRate
                0x02001a6c                LoadRAMShots
                0x02001a98                LoadRAMStartTime
                0x02001ad8                LoadRAMEndTime
                0x02001b18                LoadCounter0Init
                0x02001b44                LoadCounter1Init
                0x02001b70                WriteRAMRepRate
                0x02001ba4                WriteRAMShots
                0x02001bd8                WriteRAMStartTime
                0x02001c24                WriteRAMEndTime
                0x02001c70                reloadRegisters
 .text          0x02001d14      0x1a0 obj/default/driver/powerFailure.o
                0x02001e54                PowerFailure_Init
 .text          0x02001eb4      0x25c obj/default/driver/uart.o
 .text          0x02002110      0x42c obj/default/main/TopMenu.o
                0x02002110                initController
                0x02002210                refreshTopMenuEntry
                0x020022fc                enterTopMenuPage
                0x020023b0                TopMenu
 .text          0x0200253c       0x2c obj/default/main/main.o
                0x0200253c                main
 .text          0x02002568      0xe88 obj/default/menuComponent/FireMenu.o
                0x02002568                entryFireMenu
                0x02002620                PreFiringErrChk
                0x02002888                showFiringInformation
                0x02002940                PreionFaultHandler
                0x020029cc                PauseSequence
                0x02002d30                StopFiring
                0x02002dfc                StartFiring
                0x0200318c                enterFireMenu
                0x0200333c                ShowInterlockMessage
 .text          0x020033f0      0x1c4 obj/default/menuComponent/HeaterWarmingUp.o
                0x020033f0                printTime
                0x02003478                checkHeater
 .text          0x020035b4      0x338 obj/default/menuComponent/ParameterMenu.o
                0x020035b4                entryParameterMenu
                0x02003688                refreshParameterMenuEntry
                0x020036f0                editParameter
                0x02003758                enterParameterMenu
 .text          0x020038ec      0x310 obj/default/menuComponent/RemoteMenu.o
                0x020038ec                StartRemoteCtrl
                0x02003a14                entryRemoteMenu
                0x02003acc                enterRemoteMenu
 .text          0x02003bfc      0x728 obj/default/menuComponent/SaveLoadMenu.o
                0x02003bfc                entrySaveLoadMenu
                0x02003cb4                SaveToEEPROM
                0x02003dc0                refreshSaveLoadMenuPage
                0x02003ef8                enterSaveLoadMenuPage
                0x0200419c                enterSaveLoadMenu
 .text          0x02004324      0x570 obj/default/menuComponent/ShotCountersMenu.o
                0x02004324                entryShotCountersMenu
                0x020043d4                refreshShotCountersMenuPage
                0x02004564                editShotCountersMenuPage
                0x0200470c                enterShotCountersMenu
 .text          0x02004894      0x6ec obj/default/menuComponent/ShutdownMenu.o
                0x02004894                getShutdownInst
                0x02004a0c                entryShutdownMenu
                0x02004ac4                confirmShutdown
                0x02004c18                refreshShutdownMenuPage
                0x02004d34                enterShutdownMenu
 .text          0x02004f80      0x5a4 obj/default/menuComponent/StartupMenu.o
                0x02004f80                getStartupInst
                0x02005170                startupAction
                0x02005208                entryStartupMenu
                0x020052c0                refreshStartupMenuPage
                0x020053dc                enterStartupMenu
 .text          0x02005524      0xe6c obj/default/menuComponent/editNum10.o
                0x02005524                Num10toStr10
                0x02005774                Str10toDis10
                0x02005878                Num10Check
                0x02005b88                Dis10toNum10
                0x02005e08                refreshButtonBarNum10
                0x02005ed4                editNum10
 .text          0x02006390      0x534 obj/default/menuComponent/editNum2.o
                0x02006390                Num2toStr2
                0x02006424                Str2toNum2
                0x020064b0                refreshButtonBarNum2
                0x0200657c                editNum2
 .text          0x020068c4      0x694 obj/default/menuComponent/editNum5.o
                0x020068c4                Num5toStr5
                0x02006a00                Str5toNum5
                0x02006b44                refreshButtonBarNum5
                0x02006c10                editNum5
 .text          0x02006f58      0x634 obj/default/menuComponent/enterPWD.o
                0x02006f58                checkPWD
                0x02007058                refreshButtonBarPWD
                0x02007124                enterPWD
 .text          0x0200758c      0xa0c obj/default/menuComponent/errorCheck.o
                0x0200758c                getErrFlag
                0x0200762c                chkEditedParameter
                0x020076a0                chkSingleTiming
                0x02007cb0                refreshErrFlags
                0x02007d94                chkAllTiming
                0x02007e34                chkLeftTiming
                0x02007ee0                chkRightTiming
 .text          0x02007f98       0xcc obj/default/menuComponent/pwdPage.o
                0x02007f98                enterPWDPage
 .text          0x02008064      0x1ac obj/default/menuComponent/repPage.o
                0x02008064                entryParameterRepRate
                0x02008140                editParameterRepRate
 .text          0x02008210      0x18c obj/default/menuComponent/shotPage.o
                0x02008210                entryParameterNumOfShots
                0x020082f0                editParameterNumOfShot
 .text          0x0200839c      0x408 obj/default/menuComponent/timingPage.o
                0x0200839c                convertChnlTitle
                0x02008484                entryParameterTiming
                0x020086bc                editParamterTiming
 .text          0x020087a4       0x84 c:/altera/13.1/nios2eds/bin/gnu/h-i686-mingw32/bin/../lib/gcc/nios2-elf/4.7.3/mno-hw-mul\libgcc.a(_fixunsdfsi.o)
                0x020087a4                __fixunsdfsi
 .text          0x02008828      0x408 c:/altera/13.1/nios2eds/bin/gnu/h-i686-mingw32/bin/../lib/gcc/nios2-elf/4.7.3/mno-hw-mul\libgcc.a(_addsub_df.o)
                0x02008b7c                __adddf3
                0x02008bd0                __subdf3
 .text          0x02008c30       0x64 c:/altera/13.1/nios2eds/bin/gnu/h-i686-mingw32/bin/../lib/gcc/nios2-elf/4.7.3/mno-hw-mul\libgcc.a(_ge_df.o)
                0x02008c30                __gedf2
 .text          0x02008c94       0xd4 c:/altera/13.1/nios2eds/bin/gnu/h-i686-mingw32/bin/../lib/gcc/nios2-elf/4.7.3/mno-hw-mul\libgcc.a(_df_to_si.o)
                0x02008c94                __fixdfsi
 .text          0x02008d68        0x0 c:/altera/13.1/nios2eds/bin/gnu/h-i686-mingw32/bin/../lib/gcc/nios2-elf/4.7.3/mno-hw-mul\libgcc.a(_thenan_df.o)
 .text          0x02008d68      0x11c c:/altera/13.1/nios2eds/bin/gnu/h-i686-mingw32/bin/../lib/gcc/nios2-elf/4.7.3/mno-hw-mul\libgcc.a(_usi_to_df.o)
                0x02008d68                __floatunsidf
 .text          0x02008e84      0x130 c:/altera/13.1/nios2eds/bin/gnu/h-i686-mingw32/bin/../lib/gcc/nios2-elf/4.7.3/mno-hw-mul\libgcc.a(lib2-divmod.o)
                0x02008ef8                __divsi3
                0x02008f48                __modsi3
                0x02008fa4                __udivsi3
                0x02008fac                __umodsi3
 .text          0x02008fb4       0x28 c:/altera/13.1/nios2eds/bin/gnu/h-i686-mingw32/bin/../lib/gcc/nios2-elf/4.7.3/mno-hw-mul\libgcc.a(lib2-mul.o)
                0x02008fb4                __mulsi3
 .text          0x02008fdc       0xac c:/altera/13.1/nios2eds/bin/gnu/h-i686-mingw32/bin/../lib/gcc/nios2-elf/4.7.3/mno-hw-mul\libgcc.a(_clzsi2.o)
                0x02008fdc                __clzsi2
 .text          0x02009088      0x224 c:/altera/13.1/nios2eds/bin/gnu/h-i686-mingw32/bin/../lib/gcc/nios2-elf/4.7.3/mno-hw-mul\libgcc.a(_pack_df.o)
                0x02009088                __pack_d
 .text          0x020092ac      0x104 c:/altera/13.1/nios2eds/bin/gnu/h-i686-mingw32/bin/../lib/gcc/nios2-elf/4.7.3/mno-hw-mul\libgcc.a(_unpack_df.o)
                0x020092ac                __unpack_d
 .text          0x020093b0       0xd0 c:/altera/13.1/nios2eds/bin/gnu/h-i686-mingw32/bin/../lib/gcc/nios2-elf/4.7.3/mno-hw-mul\libgcc.a(_fpcmp_parts_df.o)
                0x020093b0                __fpcmp_parts_d
 .text          0x02009480       0x44 c:/altera/13.1/nios2eds/bin/gnu/h-i686-mingw32/bin/../lib/gcc/nios2-elf/4.7.3/mno-hw-mul\libgcc.a(_lshrdi3.o)
                0x02009480                __lshrdi3
 .text          0x020094c4       0x44 c:/altera/13.1/nios2eds/bin/gnu/h-i686-mingw32/bin/../lib/gcc/nios2-elf/4.7.3/mno-hw-mul\libgcc.a(_ashldi3.o)
                0x020094c4                __ashldi3
 .text          0x02009508        0x0 c:/altera/13.1/nios2eds/bin/gnu/h-i686-mingw32/bin/../lib/gcc/nios2-elf/4.7.3/mno-hw-mul\libgcc.a(_clz.o)
 .text          0x02009508       0x68 c:/altera/13.1/nios2eds/bin/gnu/h-i686-mingw32/bin/../lib/gcc/nios2-elf/4.7.3/../../../../../H-i686-mingw32/nios2-elf/lib/mno-hw-mul\libc.a(lib_a-printf.o)
                0x02009508                _printf_r
                0x02009534                printf
 .text          0x02009570       0x98 c:/altera/13.1/nios2eds/bin/gnu/h-i686-mingw32/bin/../lib/gcc/nios2-elf/4.7.3/../../../../../H-i686-mingw32/nios2-elf/lib/mno-hw-mul\libc.a(lib_a-puts.o)
                0x02009570                _puts_r
                0x020095f4                puts
 .text          0x02009608       0x8c c:/altera/13.1/nios2eds/bin/gnu/h-i686-mingw32/bin/../lib/gcc/nios2-elf/4.7.3/../../../../../H-i686-mingw32/nios2-elf/lib/mno-hw-mul\libc.a(lib_a-strlen.o)
                0x02009608                strlen
 .text          0x02009694     0x1ed4 c:/altera/13.1/nios2eds/bin/gnu/h-i686-mingw32/bin/../lib/gcc/nios2-elf/4.7.3/../../../../../H-i686-mingw32/nios2-elf/lib/mno-hw-mul\libc.a(lib_a-vfprintf.o)
                0x020096c8                ___vfprintf_internal_r
                0x0200b544                __vfprintf_internal
 .text          0x0200b568      0x174 c:/altera/13.1/nios2eds/bin/gnu/h-i686-mingw32/bin/../lib/gcc/nios2-elf/4.7.3/../../../../../H-i686-mingw32/nios2-elf/lib/mno-hw-mul\libc.a(lib_a-wsetup.o)
                0x0200b568                __swsetup_r
 .text          0x0200b6dc     0x1858 c:/altera/13.1/nios2eds/bin/gnu/h-i686-mingw32/bin/../lib/gcc/nios2-elf/4.7.3/../../../../../H-i686-mingw32/nios2-elf/lib/mno-hw-mul\libc.a(lib_a-dtoa.o)
                0x0200b918                _dtoa_r
 .text          0x0200cf34      0x218 c:/altera/13.1/nios2eds/bin/gnu/h-i686-mingw32/bin/../lib/gcc/nios2-elf/4.7.3/../../../../../H-i686-mingw32/nios2-elf/lib/mno-hw-mul\libc.a(lib_a-fflush.o)
                0x0200cf34                _fflush_r
                0x0200d11c                fflush
 .text          0x0200d14c      0x2ec c:/altera/13.1/nios2eds/bin/gnu/h-i686-mingw32/bin/../lib/gcc/nios2-elf/4.7.3/../../../../../H-i686-mingw32/nios2-elf/lib/mno-hw-mul\libc.a(lib_a-findfp.o)
                0x0200d15c                _cleanup_r
                0x0200d168                __sfmoreglue
                0x0200d1e0                _cleanup
                0x0200d1f0                __sinit
                0x0200d2fc                __sfp
                0x0200d3f8                __sfp_lock_acquire
                0x0200d3fc                __sfp_lock_release
                0x0200d400                __sinit_lock_acquire
                0x0200d404                __sinit_lock_release
                0x0200d408                __fp_lock_all
                0x0200d420                __fp_unlock_all
 .text          0x0200d438      0x40c c:/altera/13.1/nios2eds/bin/gnu/h-i686-mingw32/bin/../lib/gcc/nios2-elf/4.7.3/../../../../../H-i686-mingw32/nios2-elf/lib/mno-hw-mul\libc.a(lib_a-freer.o)
                0x0200d438                _malloc_trim_r
                0x0200d574                _free_r
 .text          0x0200d844      0x4e4 c:/altera/13.1/nios2eds/bin/gnu/h-i686-mingw32/bin/../lib/gcc/nios2-elf/4.7.3/../../../../../H-i686-mingw32/nios2-elf/lib/mno-hw-mul\libc.a(lib_a-fvwrite.o)
                0x0200d844                __sfvwrite_r
 .text          0x0200dd28      0x160 c:/altera/13.1/nios2eds/bin/gnu/h-i686-mingw32/bin/../lib/gcc/nios2-elf/4.7.3/../../../../../H-i686-mingw32/nios2-elf/lib/mno-hw-mul\libc.a(lib_a-fwalk.o)
                0x0200dd28                _fwalk
                0x0200ddd0                _fwalk_reent
 .text          0x0200de88        0x0 c:/altera/13.1/nios2eds/bin/gnu/h-i686-mingw32/bin/../lib/gcc/nios2-elf/4.7.3/../../../../../H-i686-mingw32/nios2-elf/lib/mno-hw-mul\libc.a(lib_a-impure.o)
 .text          0x0200de88       0xdc c:/altera/13.1/nios2eds/bin/gnu/h-i686-mingw32/bin/../lib/gcc/nios2-elf/4.7.3/../../../../../H-i686-mingw32/nios2-elf/lib/mno-hw-mul\libc.a(lib_a-locale.o)
                0x0200de88                _setlocale_r
                0x0200df24                __locale_charset
                0x0200df30                _localeconv_r
                0x0200df3c                setlocale
                0x0200df58                localeconv
 .text          0x0200df64      0x1a8 c:/altera/13.1/nios2eds/bin/gnu/h-i686-mingw32/bin/../lib/gcc/nios2-elf/4.7.3/../../../../../H-i686-mingw32/nios2-elf/lib/mno-hw-mul\libc.a(lib_a-makebuf.o)
                0x0200df64                __smakebuf_r
 .text          0x0200e10c      0x784 c:/altera/13.1/nios2eds/bin/gnu/h-i686-mingw32/bin/../lib/gcc/nios2-elf/4.7.3/../../../../../H-i686-mingw32/nios2-elf/lib/mno-hw-mul\libc.a(lib_a-mallocr.o)
                0x0200e10c                _malloc_r
 .text          0x0200e890       0xf8 c:/altera/13.1/nios2eds/bin/gnu/h-i686-mingw32/bin/../lib/gcc/nios2-elf/4.7.3/../../../../../H-i686-mingw32/nios2-elf/lib/mno-hw-mul\libc.a(lib_a-memchr.o)
                0x0200e890                memchr
 .text          0x0200e988      0x140 c:/altera/13.1/nios2eds/bin/gnu/h-i686-mingw32/bin/../lib/gcc/nios2-elf/4.7.3/../../../../../H-i686-mingw32/nios2-elf/lib/mno-hw-mul\libc.a(lib_a-memcpy.o)
                0x0200e988                memcpy
 .text          0x0200eac8      0x18c c:/altera/13.1/nios2eds/bin/gnu/h-i686-mingw32/bin/../lib/gcc/nios2-elf/4.7.3/../../../../../H-i686-mingw32/nios2-elf/lib/mno-hw-mul\libc.a(lib_a-memmove.o)
                0x0200eac8                memmove
 .text          0x0200ec54       0xdc c:/altera/13.1/nios2eds/bin/gnu/h-i686-mingw32/bin/../lib/gcc/nios2-elf/4.7.3/../../../../../H-i686-mingw32/nios2-elf/lib/mno-hw-mul\libc.a(lib_a-memset.o)
                0x0200ec54                memset
 .text          0x0200ed30     0x1050 c:/altera/13.1/nios2eds/bin/gnu/h-i686-mingw32/bin/../lib/gcc/nios2-elf/4.7.3/../../../../../H-i686-mingw32/nios2-elf/lib/mno-hw-mul\libc.a(lib_a-mprec.o)
                0x0200ed30                _Balloc
                0x0200edd8                _Bfree
                0x0200ee00                __multadd
                0x0200ef44                __s2b
                0x0200f048                __hi0bits
                0x0200f0b0                __lo0bits
                0x0200f160                __i2b
                0x0200f19c                __multiply
                0x0200f3f4                __pow5mult
                0x0200f520                __lshift
                0x0200f67c                __mcmp
                0x0200f6d4                __mdiff
                0x0200f87c                __ulp
                0x0200f8dc                __b2d
                0x0200fa24                __d2b
                0x0200fb68                __ratio
                0x0200fc0c                _mprec_log10
                0x0200fc80                __copybits
                0x0200fcfc                __any_on
 .text          0x0200fd80      0x5fc c:/altera/13.1/nios2eds/bin/gnu/h-i686-mingw32/bin/../lib/gcc/nios2-elf/4.7.3/../../../../../H-i686-mingw32/nios2-elf/lib/mno-hw-mul\libc.a(lib_a-reallocr.o)
                0x0200fd80                _realloc_r
 .text          0x0201037c       0x38 c:/altera/13.1/nios2eds/bin/gnu/h-i686-mingw32/bin/../lib/gcc/nios2-elf/4.7.3/../../../../../H-i686-mingw32/nios2-elf/lib/mno-hw-mul\libc.a(lib_a-s_isinfd.o)
                0x0201037c                __isinfd
 .text          0x020103b4       0x2c c:/altera/13.1/nios2eds/bin/gnu/h-i686-mingw32/bin/../lib/gcc/nios2-elf/4.7.3/../../../../../H-i686-mingw32/nios2-elf/lib/mno-hw-mul\libc.a(lib_a-s_isnand.o)
                0x020103b4                __isnand
 .text          0x020103e0       0x64 c:/altera/13.1/nios2eds/bin/gnu/h-i686-mingw32/bin/../lib/gcc/nios2-elf/4.7.3/../../../../../H-i686-mingw32/nios2-elf/lib/mno-hw-mul\libc.a(lib_a-sbrkr.o)
                0x020103e0                _sbrk_r
 .text          0x02010444      0x140 c:/altera/13.1/nios2eds/bin/gnu/h-i686-mingw32/bin/../lib/gcc/nios2-elf/4.7.3/../../../../../H-i686-mingw32/nios2-elf/lib/mno-hw-mul\libc.a(lib_a-stdio.o)
                0x02010444                __sread
                0x02010498                __swrite
                0x02010520                __sseek
                0x0201057c                __sclose
 .text          0x02010584       0xa4 c:/altera/13.1/nios2eds/bin/gnu/h-i686-mingw32/bin/../lib/gcc/nios2-elf/4.7.3/../../../../../H-i686-mingw32/nios2-elf/lib/mno-hw-mul\libc.a(lib_a-strcmp.o)
                0x02010584                strcmp
 .text          0x02010628       0x6c c:/altera/13.1/nios2eds/bin/gnu/h-i686-mingw32/bin/../lib/gcc/nios2-elf/4.7.3/../../../../../H-i686-mingw32/nios2-elf/lib/mno-hw-mul\libc.a(lib_a-writer.o)
                0x02010628                _write_r
 .text          0x02010694       0xcc c:/altera/13.1/nios2eds/bin/gnu/h-i686-mingw32/bin/../lib/gcc/nios2-elf/4.7.3/../../../../../H-i686-mingw32/nios2-elf/lib/mno-hw-mul\libc.a(lib_a-callocr.o)
                0x02010694                _calloc_r
 .text          0x02010760       0x64 c:/altera/13.1/nios2eds/bin/gnu/h-i686-mingw32/bin/../lib/gcc/nios2-elf/4.7.3/../../../../../H-i686-mingw32/nios2-elf/lib/mno-hw-mul\libc.a(lib_a-closer.o)
                0x02010760                _close_r
 .text          0x020107c4      0x150 c:/altera/13.1/nios2eds/bin/gnu/h-i686-mingw32/bin/../lib/gcc/nios2-elf/4.7.3/../../../../../H-i686-mingw32/nios2-elf/lib/mno-hw-mul\libc.a(lib_a-fclose.o)
                0x020107c4                _fclose_r
                0x02010900                fclose
 .text          0x02010914       0x68 c:/altera/13.1/nios2eds/bin/gnu/h-i686-mingw32/bin/../lib/gcc/nios2-elf/4.7.3/../../../../../H-i686-mingw32/nios2-elf/lib/mno-hw-mul\libc.a(lib_a-fstatr.o)
                0x02010914                _fstat_r
 .text          0x0201097c        0x0 c:/altera/13.1/nios2eds/bin/gnu/h-i686-mingw32/bin/../lib/gcc/nios2-elf/4.7.3/../../../../../H-i686-mingw32/nios2-elf/lib/mno-hw-mul\libc.a(lib_a-int_errno.o)
 .text          0x0201097c       0x64 c:/altera/13.1/nios2eds/bin/gnu/h-i686-mingw32/bin/../lib/gcc/nios2-elf/4.7.3/../../../../../H-i686-mingw32/nios2-elf/lib/mno-hw-mul\libc.a(lib_a-isattyr.o)
                0x0201097c                _isatty_r
 .text          0x020109e0       0x6c c:/altera/13.1/nios2eds/bin/gnu/h-i686-mingw32/bin/../lib/gcc/nios2-elf/4.7.3/../../../../../H-i686-mingw32/nios2-elf/lib/mno-hw-mul\libc.a(lib_a-lseekr.o)
                0x020109e0                _lseek_r
 .text          0x02010a4c       0x6c c:/altera/13.1/nios2eds/bin/gnu/h-i686-mingw32/bin/../lib/gcc/nios2-elf/4.7.3/../../../../../H-i686-mingw32/nios2-elf/lib/mno-hw-mul\libc.a(lib_a-readr.o)
                0x02010a4c                _read_r
 .text          0x02010ab8      0x650 c:/altera/13.1/nios2eds/bin/gnu/h-i686-mingw32/bin/../lib/gcc/nios2-elf/4.7.3/mno-hw-mul\libgcc.a(_udivdi3.o)
                0x02010ab8                __udivdi3
 .text          0x02011108      0x628 c:/altera/13.1/nios2eds/bin/gnu/h-i686-mingw32/bin/../lib/gcc/nios2-elf/4.7.3/mno-hw-mul\libgcc.a(_umoddi3.o)
                0x02011108                __umoddi3
 .text          0x02011730      0x2e4 c:/altera/13.1/nios2eds/bin/gnu/h-i686-mingw32/bin/../lib/gcc/nios2-elf/4.7.3/mno-hw-mul\libgcc.a(_mul_df.o)
                0x02011730                __muldf3
 .text          0x02011a14      0x1b4 c:/altera/13.1/nios2eds/bin/gnu/h-i686-mingw32/bin/../lib/gcc/nios2-elf/4.7.3/mno-hw-mul\libgcc.a(_div_df.o)
                0x02011a14                __divdf3
 .text          0x02011bc8       0x5c c:/altera/13.1/nios2eds/bin/gnu/h-i686-mingw32/bin/../lib/gcc/nios2-elf/4.7.3/mno-hw-mul\libgcc.a(_eq_df.o)
                0x02011bc8                __eqdf2
 .text          0x02011c24       0x5c c:/altera/13.1/nios2eds/bin/gnu/h-i686-mingw32/bin/../lib/gcc/nios2-elf/4.7.3/mno-hw-mul\libgcc.a(_ne_df.o)
                0x02011c24                __nedf2
 .text          0x02011c80       0x64 c:/altera/13.1/nios2eds/bin/gnu/h-i686-mingw32/bin/../lib/gcc/nios2-elf/4.7.3/mno-hw-mul\libgcc.a(_gt_df.o)
                0x02011c80                __gtdf2
 .text          0x02011ce4       0x5c c:/altera/13.1/nios2eds/bin/gnu/h-i686-mingw32/bin/../lib/gcc/nios2-elf/4.7.3/mno-hw-mul\libgcc.a(_lt_df.o)
                0x02011ce4                __ltdf2
 .text          0x02011d40       0xd4 c:/altera/13.1/nios2eds/bin/gnu/h-i686-mingw32/bin/../lib/gcc/nios2-elf/4.7.3/mno-hw-mul\libgcc.a(_si_to_df.o)
                0x02011d40                __floatsidf
 .text          0x02011e14      0x110 c:/altera/13.1/nios2eds/bin/gnu/h-i686-mingw32/bin/../lib/gcc/nios2-elf/4.7.3/mno-hw-mul\libgcc.a(_muldi3.o)
                0x02011e14                __muldi3
 .text          0x02011f24      0x11c ../Controller_sw_bsp/\libhal_bsp.a(alt_close.o)
                0x02011f74                close
 .text          0x02012040       0x2c ../Controller_sw_bsp/\libhal_bsp.a(alt_dev.o)
 .text          0x0201206c        0x0 ../Controller_sw_bsp/\libhal_bsp.a(alt_errno.o)
 .text          0x0201206c      0x100 ../Controller_sw_bsp/\libhal_bsp.a(alt_fstat.o)
                0x020120bc                fstat
 .text          0x0201216c      0x1d8 ../Controller_sw_bsp/\libhal_bsp.a(alt_iic.o)
                0x0201216c                alt_ic_isr_register
                0x020121bc                alt_ic_irq_enable
                0x02012258                alt_ic_irq_disable
                0x020122f8                alt_ic_irq_enabled
 .text          0x02012344       0xf0 ../Controller_sw_bsp/\libhal_bsp.a(alt_iic_isr_register.o)
                0x02012344                alt_iic_isr_register
 .text          0x02012434        0x0 ../Controller_sw_bsp/\libhal_bsp.a(alt_irq_entry.o)
 .text          0x02012434        0x0 ../Controller_sw_bsp/\libhal_bsp.a(alt_irq_handler.o)
 .text          0x02012434        0x0 ../Controller_sw_bsp/\libhal_bsp.a(alt_irq_vars.o)
 .text          0x02012434       0xf4 ../Controller_sw_bsp/\libhal_bsp.a(alt_isatty.o)
                0x02012484                isatty
 .text          0x02012528      0x124 ../Controller_sw_bsp/\libhal_bsp.a(alt_lseek.o)
                0x02012578                lseek
 .text          0x0201264c       0x78 ../Controller_sw_bsp/\libhal_bsp.a(alt_main.o)
                0x0201264c                alt_main
 .text          0x020126c4       0x40 ../Controller_sw_bsp/\libhal_bsp.a(alt_malloc_lock.o)
                0x020126c4                __malloc_lock
                0x020126e4                __malloc_unlock
 .text          0x02012704      0x144 ../Controller_sw_bsp/\libhal_bsp.a(alt_read.o)
                0x02012754                read
 .text          0x02012848       0x80 ../Controller_sw_bsp/\libhal_bsp.a(alt_release_fd.o)
                0x02012848                alt_release_fd
 .text          0x020128c8       0xb0 ../Controller_sw_bsp/\libhal_bsp.a(alt_sbrk.o)
                0x020128c8                sbrk
 .text          0x02012978      0x140 ../Controller_sw_bsp/\libhal_bsp.a(alt_write.o)
                0x020129c8                write
 .text          0x02012ab8       0xe0 ../Controller_sw_bsp/\libhal_bsp.a(alt_sys_init.o)
                0x02012af0                alt_irq_init
                0x02012b24                alt_sys_init
 .text          0x02012b98      0x990 ../Controller_sw_bsp/\libhal_bsp.a(altera_avalon_epcs_flash_controller.o)
                0x02012bd0                alt_epcs_flash_init
                0x02012f98                alt_epcs_flash_write
                0x020131f8                alt_epcs_flash_get_info
                0x02013318                alt_epcs_flash_erase_block
                0x0201338c                alt_epcs_flash_write_block
                0x02013490                alt_epcs_flash_read
 .text          0x02013528      0x164 ../Controller_sw_bsp/\libhal_bsp.a(altera_avalon_jtag_uart_fd.o)
                0x02013528                altera_avalon_jtag_uart_read_fd
                0x02013588                altera_avalon_jtag_uart_write_fd
                0x020135e8                altera_avalon_jtag_uart_close_fd
                0x02013638                altera_avalon_jtag_uart_ioctl_fd
 .text          0x0201368c      0x3d0 ../Controller_sw_bsp/\libhal_bsp.a(altera_avalon_jtag_uart_init.o)
                0x0201368c                altera_avalon_jtag_uart_init
                0x020139f4                altera_avalon_jtag_uart_close
 .text          0x02013a5c       0xf4 ../Controller_sw_bsp/\libhal_bsp.a(altera_avalon_jtag_uart_ioctl.o)
                0x02013a5c                altera_avalon_jtag_uart_ioctl
 .text          0x02013b50      0x218 ../Controller_sw_bsp/\libhal_bsp.a(altera_avalon_jtag_uart_read.o)
                0x02013b50                altera_avalon_jtag_uart_read
 .text          0x02013d68      0x224 ../Controller_sw_bsp/\libhal_bsp.a(altera_avalon_jtag_uart_write.o)
                0x02013d68                altera_avalon_jtag_uart_write
 .text          0x02013f8c      0x110 ../Controller_sw_bsp/\libhal_bsp.a(altera_avalon_uart_fd.o)
                0x02013f8c                altera_avalon_uart_read_fd
                0x02013fec                altera_avalon_uart_write_fd
                0x0201404c                altera_avalon_uart_close_fd
 .text          0x0201409c      0x3a8 ../Controller_sw_bsp/\libhal_bsp.a(altera_avalon_uart_init.o)
                0x0201409c                altera_avalon_uart_init
                0x020143f0                altera_avalon_uart_close
 .text          0x02014444      0x254 ../Controller_sw_bsp/\libhal_bsp.a(altera_avalon_uart_read.o)
                0x02014494                altera_avalon_uart_read
 .text          0x02014698      0x1f8 ../Controller_sw_bsp/\libhal_bsp.a(altera_avalon_uart_write.o)
                0x020146e8                altera_avalon_uart_write
 .text          0x02014890      0x624 ../Controller_sw_bsp/\libhal_bsp.a(epcs_commands.o)
                0x02014890                epcs_read_status_register
                0x0201495c                epcs_sector_erase
                0x02014a54                epcs_read_buffer
                0x02014b48                epcs_write_enable
                0x02014b98                epcs_write_status_register
                0x02014c00                epcs_write_buffer
                0x02014d1c                epcs_read_electronic_signature
                0x02014d84                epcs_read_device_id
                0x02014e04                epcs_enter_4_bytes_mode
                0x02014e5c                epcs_exit_4_bytes_mode
 .text          0x02014eb4      0x140 ../Controller_sw_bsp/\libhal_bsp.a(alt_alarm_start.o)
                0x02014eb4                alt_alarm_start
 .text          0x02014ff4       0xf0 ../Controller_sw_bsp/\libhal_bsp.a(alt_dev_llist_insert.o)
                0x02015044                alt_dev_llist_insert
 .text          0x020150e4       0x5c ../Controller_sw_bsp/\libhal_bsp.a(alt_do_ctors.o)
                0x020150e4                _do_ctors
 .text          0x02015140       0x5c ../Controller_sw_bsp/\libhal_bsp.a(alt_do_dtors.o)
                0x02015140                _do_dtors
 .text          0x0201519c        0x0 ../Controller_sw_bsp/\libhal_bsp.a(alt_exception_entry.o)
 .text          0x0201519c       0xb8 ../Controller_sw_bsp/\libhal_bsp.a(alt_flash_dev.o)
                0x0201519c                alt_flash_open_dev
                0x02015204                alt_flash_close_dev
 .text          0x02015254      0x158 ../Controller_sw_bsp/\libhal_bsp.a(alt_io_redirect.o)
                0x02015334                alt_io_redirect
 .text          0x020153ac      0x298 ../Controller_sw_bsp/\libhal_bsp.a(alt_open.o)
                0x020154ec                open
 .text          0x02015644      0x19c ../Controller_sw_bsp/\libhal_bsp.a(alt_tick.o)
                0x02015644                alt_alarm_stop
                0x020156dc                alt_tick
 .text          0x020157e0       0x20 ../Controller_sw_bsp/\libhal_bsp.a(altera_nios2_qsys_irq.o)
                0x020157e0                altera_nios2_qsys_irq_init
 .text          0x02015800      0x208 ../Controller_sw_bsp/\libhal_bsp.a(altera_avalon_spi.o)
                0x02015800                alt_avalon_spi_command
 .text          0x02015a08       0x90 ../Controller_sw_bsp/\libhal_bsp.a(alt_find_dev.o)
                0x02015a08                alt_find_dev
 .text          0x02015a98      0x114 ../Controller_sw_bsp/\libhal_bsp.a(alt_find_file.o)
                0x02015a98                alt_find_file
 .text          0x02015bac       0xd4 ../Controller_sw_bsp/\libhal_bsp.a(alt_get_fd.o)
                0x02015bac                alt_get_fd
 .text          0x02015c80       0x14 c:/altera/13.1/nios2eds/bin/gnu/h-i686-mingw32/bin/../lib/gcc/nios2-elf/4.7.3/../../../../../H-i686-mingw32/nios2-elf/lib/mno-hw-mul\libc.a(lib_a-atexit.o)
                0x02015c80                atexit
 .text          0x02015c94       0x38 c:/altera/13.1/nios2eds/bin/gnu/h-i686-mingw32/bin/../lib/gcc/nios2-elf/4.7.3/../../../../../H-i686-mingw32/nios2-elf/lib/mno-hw-mul\libc.a(lib_a-exit.o)
                0x02015c94                exit
 .text          0x02015ccc       0x7c c:/altera/13.1/nios2eds/bin/gnu/h-i686-mingw32/bin/../lib/gcc/nios2-elf/4.7.3/../../../../../H-i686-mingw32/nios2-elf/lib/mno-hw-mul\libc.a(lib_a-memcmp.o)
                0x02015ccc                memcmp
 .text          0x02015d48      0x130 c:/altera/13.1/nios2eds/bin/gnu/h-i686-mingw32/bin/../lib/gcc/nios2-elf/4.7.3/../../../../../H-i686-mingw32/nios2-elf/lib/mno-hw-mul\libc.a(lib_a-__atexit.o)
                0x02015d48                __register_exitproc
 .text          0x02015e78      0x1a0 c:/altera/13.1/nios2eds/bin/gnu/h-i686-mingw32/bin/../lib/gcc/nios2-elf/4.7.3/../../../../../H-i686-mingw32/nios2-elf/lib/mno-hw-mul\libc.a(lib_a-__call_atexit.o)
                0x02015e78                __call_exitprocs
 .text          0x02016018       0x3c ../Controller_sw_bsp/\libhal_bsp.a(alt_exit.o)
                0x02016018                _exit
 *(.gnu.warning.*)
 *(.fini)
                0x02016054                PROVIDE (__etext, ABSOLUTE (.))
                0x02016054                PROVIDE (_etext, ABSOLUTE (.))
                0x02016054                PROVIDE (etext, ABSOLUTE (.))
 *(.eh_frame_hdr)
                0x02016054                . = ALIGN (0x4)
                0x02016054                PROVIDE (__preinit_array_start, ABSOLUTE (.))
 *(.preinit_array)
                0x02016054                PROVIDE (__preinit_array_end, ABSOLUTE (.))
                0x02016054                PROVIDE (__init_array_start, ABSOLUTE (.))
 *(.init_array)
                0x02016054                PROVIDE (__init_array_end, ABSOLUTE (.))
                0x02016054                PROVIDE (__fini_array_start, ABSOLUTE (.))
 *(.fini_array)
                0x02016054                PROVIDE (__fini_array_end, ABSOLUTE (.))
 *(.eh_frame)
 *(.gcc_except_table .gcc_except_table.*)
 *(.dynamic)
                0x02016054                PROVIDE (__CTOR_LIST__, ABSOLUTE (.))
 *(.ctors)
 *(SORT(.ctors.*))
                0x02016054                PROVIDE (__CTOR_END__, ABSOLUTE (.))
                0x02016054                PROVIDE (__DTOR_LIST__, ABSOLUTE (.))
 *(.dtors)
 *(SORT(.dtors.*))
                0x02016054                PROVIDE (__DTOR_END__, ABSOLUTE (.))
 *(.jcr)
                0x02016054                . = ALIGN (0x4)

.rodata         0x02016054     0x1138
                0x02016054                PROVIDE (__ram_rodata_start, ABSOLUTE (.))
                0x02016054                . = ALIGN (0x4)
 *(.rodata .rodata.* .gnu.linkonce.r.*)
 .rodata        0x02016054       0x18 obj/default/driver/DisDriver.o
 .rodata        0x0201606c        0x4 obj/default/driver/FRAM.o
 .rodata        0x02016070       0x50 obj/default/driver/comInterface.o
 .rodata        0x020160c0       0x2c obj/default/driver/coverPage.o
 .rodata        0x020160ec       0x30 obj/default/driver/powerFailure.o
 .rodata        0x0201611c       0x2c obj/default/main/TopMenu.o
 .rodata        0x02016148      0x1f0 obj/default/menuComponent/FireMenu.o
 .rodata        0x02016338       0x40 obj/default/menuComponent/HeaterWarmingUp.o
 .rodata        0x02016378       0x40 obj/default/menuComponent/ParameterMenu.o
 .rodata        0x020163b8       0xb8 obj/default/menuComponent/RemoteMenu.o
 .rodata        0x02016470      0x144 obj/default/menuComponent/SaveLoadMenu.o
 .rodata        0x020165b4      0x138 obj/default/menuComponent/ShotCountersMenu.o
 .rodata        0x020166ec      0x1e0 obj/default/menuComponent/ShutdownMenu.o
 .rodata        0x020168cc      0x1d0 obj/default/menuComponent/StartupMenu.o
 .rodata        0x02016a9c       0xa0 obj/default/menuComponent/editNum10.o
 .rodata        0x02016b3c       0x68 obj/default/menuComponent/editNum2.o
 .rodata        0x02016ba4       0x6c obj/default/menuComponent/editNum5.o
 .rodata        0x02016c10       0x84 obj/default/menuComponent/enterPWD.o
 .rodata        0x02016c94       0x30 obj/default/menuComponent/pwdPage.o
 .rodata        0x02016cc4       0x7c obj/default/menuComponent/repPage.o
 .rodata        0x02016d40       0x68 obj/default/menuComponent/shotPage.o
 .rodata        0x02016da8       0xac obj/default/menuComponent/timingPage.o
 .rodata        0x02016e54       0x14 c:/altera/13.1/nios2eds/bin/gnu/h-i686-mingw32/bin/../lib/gcc/nios2-elf/4.7.3/mno-hw-mul\libgcc.a(_thenan_df.o)
                0x02016e54                __thenan_df
 .rodata        0x02016e68      0x100 c:/altera/13.1/nios2eds/bin/gnu/h-i686-mingw32/bin/../lib/gcc/nios2-elf/4.7.3/mno-hw-mul\libgcc.a(_clz.o)
                0x02016e68                __clz_tab
 .rodata.str1.4
                0x02016f68        0x2 c:/altera/13.1/nios2eds/bin/gnu/h-i686-mingw32/bin/../lib/gcc/nios2-elf/4.7.3/../../../../../H-i686-mingw32/nios2-elf/lib/mno-hw-mul\libc.a(lib_a-puts.o)
                                  0x4 (size before relaxing)
 *fill*         0x02016f6a        0x2 
 .rodata.str1.4
                0x02016f6c       0x42 c:/altera/13.1/nios2eds/bin/gnu/h-i686-mingw32/bin/../lib/gcc/nios2-elf/4.7.3/../../../../../H-i686-mingw32/nios2-elf/lib/mno-hw-mul\libc.a(lib_a-vfprintf.o)
                                 0x44 (size before relaxing)
 .rodata        0x02016fae       0x20 c:/altera/13.1/nios2eds/bin/gnu/h-i686-mingw32/bin/../lib/gcc/nios2-elf/4.7.3/../../../../../H-i686-mingw32/nios2-elf/lib/mno-hw-mul\libc.a(lib_a-vfprintf.o)
 *fill*         0x02016fce        0x2 
 .rodata.str1.4
                0x02016fd0       0x10 c:/altera/13.1/nios2eds/bin/gnu/h-i686-mingw32/bin/../lib/gcc/nios2-elf/4.7.3/../../../../../H-i686-mingw32/nios2-elf/lib/mno-hw-mul\libc.a(lib_a-dtoa.o)
                                 0x14 (size before relaxing)
 .rodata.str1.4
                0x02016fe0        0x2 c:/altera/13.1/nios2eds/bin/gnu/h-i686-mingw32/bin/../lib/gcc/nios2-elf/4.7.3/../../../../../H-i686-mingw32/nios2-elf/lib/mno-hw-mul\libc.a(lib_a-impure.o)
                                  0x4 (size before relaxing)
 *fill*         0x02016fe2        0x2 
 .rodata.str1.4
                0x02016fe4       0x10 c:/altera/13.1/nios2eds/bin/gnu/h-i686-mingw32/bin/../lib/gcc/nios2-elf/4.7.3/../../../../../H-i686-mingw32/nios2-elf/lib/mno-hw-mul\libc.a(lib_a-locale.o)
                                 0x18 (size before relaxing)
 .rodata        0x02016ff4       0x30 c:/altera/13.1/nios2eds/bin/gnu/h-i686-mingw32/bin/../lib/gcc/nios2-elf/4.7.3/../../../../../H-i686-mingw32/nios2-elf/lib/mno-hw-mul\libc.a(lib_a-locale.o)
 .rodata        0x02017024      0x124 c:/altera/13.1/nios2eds/bin/gnu/h-i686-mingw32/bin/../lib/gcc/nios2-elf/4.7.3/../../../../../H-i686-mingw32/nios2-elf/lib/mno-hw-mul\libc.a(lib_a-mprec.o)
                0x02017024                __mprec_tinytens
                0x0201704c                __mprec_bigtens
                0x02017074                __mprec_tens
 .rodata        0x02017148        0xc ../Controller_sw_bsp/\libhal_bsp.a(alt_dev.o)
 .rodata        0x02017154       0x10 ../Controller_sw_bsp/\libhal_bsp.a(alt_main.o)
 .rodata        0x02017164       0x28 ../Controller_sw_bsp/\libhal_bsp.a(alt_sys_init.o)
 *(.rodata1)
                0x0201718c                . = ALIGN (0x4)
                0x0201718c                PROVIDE (__ram_rodata_end, ABSOLUTE (.))
                0x02016054                PROVIDE (__flash_rodata_start, LOADADDR (.rodata))

.rwdata         0x0201718c     0x1ce0
                0x0201718c                PROVIDE (__ram_rwdata_start, ABSOLUTE (.))
                0x0201718c                . = ALIGN (0x4)
 *(.got.plt)
 *(.got)
 *(.data1)
 *(.data .data.* .gnu.linkonce.d.*)
 .data          0x0201718c        0x0 ../Controller_sw_bsp//obj/HAL/src/crt0.o
 .data          0x0201718c        0x0 obj/default/driver/Counter.o
 .data          0x0201718c        0x0 obj/default/driver/DisDriver.o
 .data          0x0201718c        0x0 obj/default/driver/FRAM.o
 .data          0x0201718c        0x0 obj/default/driver/KPLED.o
 .data          0x0201718c        0x0 obj/default/driver/comInterface.o
 .data          0x0201718c        0x0 obj/default/driver/coverPage.o
 .data          0x0201718c        0x0 obj/default/driver/delay.o
 .data          0x0201718c        0x0 obj/default/driver/loadWriteData.o
 .data          0x0201718c        0x0 obj/default/driver/powerFailure.o
 .data          0x0201718c       0xe0 obj/default/driver/uart.o
                0x0201718c                uart
 .data          0x0201726c        0x0 obj/default/main/TopMenu.o
 .data          0x0201726c        0x0 obj/default/main/main.o
 .data          0x0201726c       0x14 obj/default/menuComponent/FireMenu.o
                0x0201726c                interlockNames
 .data          0x02017280        0x0 obj/default/menuComponent/HeaterWarmingUp.o
 .data          0x02017280        0x0 obj/default/menuComponent/ParameterMenu.o
 .data          0x02017280        0x0 obj/default/menuComponent/RemoteMenu.o
 .data          0x02017280        0x0 obj/default/menuComponent/SaveLoadMenu.o
 .data          0x02017280        0x0 obj/default/menuComponent/ShotCountersMenu.o
 .data          0x02017280        0x0 obj/default/menuComponent/ShutdownMenu.o
 .data          0x02017280        0x0 obj/default/menuComponent/StartupMenu.o
 .data          0x02017280        0x0 obj/default/menuComponent/editNum10.o
 .data          0x02017280        0x0 obj/default/menuComponent/editNum2.o
 .data          0x02017280        0x0 obj/default/menuComponent/editNum5.o
 .data          0x02017280        0x0 obj/default/menuComponent/enterPWD.o
 .data          0x02017280        0x0 obj/default/menuComponent/errorCheck.o
 .data          0x02017280        0x0 obj/default/menuComponent/pwdPage.o
 .data          0x02017280        0x0 obj/default/menuComponent/repPage.o
 .data          0x02017280        0x0 obj/default/menuComponent/shotPage.o
 .data          0x02017280        0x0 obj/default/menuComponent/timingPage.o
 .data          0x02017280        0x0 c:/altera/13.1/nios2eds/bin/gnu/h-i686-mingw32/bin/../lib/gcc/nios2-elf/4.7.3/mno-hw-mul\libgcc.a(_fixunsdfsi.o)
 .data          0x02017280        0x0 c:/altera/13.1/nios2eds/bin/gnu/h-i686-mingw32/bin/../lib/gcc/nios2-elf/4.7.3/mno-hw-mul\libgcc.a(_addsub_df.o)
 .data          0x02017280        0x0 c:/altera/13.1/nios2eds/bin/gnu/h-i686-mingw32/bin/../lib/gcc/nios2-elf/4.7.3/mno-hw-mul\libgcc.a(_ge_df.o)
 .data          0x02017280        0x0 c:/altera/13.1/nios2eds/bin/gnu/h-i686-mingw32/bin/../lib/gcc/nios2-elf/4.7.3/mno-hw-mul\libgcc.a(_df_to_si.o)
 .data          0x02017280        0x0 c:/altera/13.1/nios2eds/bin/gnu/h-i686-mingw32/bin/../lib/gcc/nios2-elf/4.7.3/mno-hw-mul\libgcc.a(_thenan_df.o)
 .data          0x02017280        0x0 c:/altera/13.1/nios2eds/bin/gnu/h-i686-mingw32/bin/../lib/gcc/nios2-elf/4.7.3/mno-hw-mul\libgcc.a(_usi_to_df.o)
 .data          0x02017280        0x0 c:/altera/13.1/nios2eds/bin/gnu/h-i686-mingw32/bin/../lib/gcc/nios2-elf/4.7.3/mno-hw-mul\libgcc.a(lib2-divmod.o)
 .data          0x02017280        0x0 c:/altera/13.1/nios2eds/bin/gnu/h-i686-mingw32/bin/../lib/gcc/nios2-elf/4.7.3/mno-hw-mul\libgcc.a(lib2-mul.o)
 .data          0x02017280        0x0 c:/altera/13.1/nios2eds/bin/gnu/h-i686-mingw32/bin/../lib/gcc/nios2-elf/4.7.3/mno-hw-mul\libgcc.a(_clzsi2.o)
 .data          0x02017280        0x0 c:/altera/13.1/nios2eds/bin/gnu/h-i686-mingw32/bin/../lib/gcc/nios2-elf/4.7.3/mno-hw-mul\libgcc.a(_pack_df.o)
 .data          0x02017280        0x0 c:/altera/13.1/nios2eds/bin/gnu/h-i686-mingw32/bin/../lib/gcc/nios2-elf/4.7.3/mno-hw-mul\libgcc.a(_unpack_df.o)
 .data          0x02017280        0x0 c:/altera/13.1/nios2eds/bin/gnu/h-i686-mingw32/bin/../lib/gcc/nios2-elf/4.7.3/mno-hw-mul\libgcc.a(_fpcmp_parts_df.o)
 .data          0x02017280        0x0 c:/altera/13.1/nios2eds/bin/gnu/h-i686-mingw32/bin/../lib/gcc/nios2-elf/4.7.3/mno-hw-mul\libgcc.a(_lshrdi3.o)
 .data          0x02017280        0x0 c:/altera/13.1/nios2eds/bin/gnu/h-i686-mingw32/bin/../lib/gcc/nios2-elf/4.7.3/mno-hw-mul\libgcc.a(_ashldi3.o)
 .data          0x02017280        0x0 c:/altera/13.1/nios2eds/bin/gnu/h-i686-mingw32/bin/../lib/gcc/nios2-elf/4.7.3/mno-hw-mul\libgcc.a(_clz.o)
 .data          0x02017280        0x0 c:/altera/13.1/nios2eds/bin/gnu/h-i686-mingw32/bin/../lib/gcc/nios2-elf/4.7.3/../../../../../H-i686-mingw32/nios2-elf/lib/mno-hw-mul\libc.a(lib_a-printf.o)
 .data          0x02017280        0x0 c:/altera/13.1/nios2eds/bin/gnu/h-i686-mingw32/bin/../lib/gcc/nios2-elf/4.7.3/../../../../../H-i686-mingw32/nios2-elf/lib/mno-hw-mul\libc.a(lib_a-puts.o)
 .data          0x02017280        0x0 c:/altera/13.1/nios2eds/bin/gnu/h-i686-mingw32/bin/../lib/gcc/nios2-elf/4.7.3/../../../../../H-i686-mingw32/nios2-elf/lib/mno-hw-mul\libc.a(lib_a-strlen.o)
 .data          0x02017280        0x0 c:/altera/13.1/nios2eds/bin/gnu/h-i686-mingw32/bin/../lib/gcc/nios2-elf/4.7.3/../../../../../H-i686-mingw32/nios2-elf/lib/mno-hw-mul\libc.a(lib_a-vfprintf.o)
 .data          0x02017280        0x0 c:/altera/13.1/nios2eds/bin/gnu/h-i686-mingw32/bin/../lib/gcc/nios2-elf/4.7.3/../../../../../H-i686-mingw32/nios2-elf/lib/mno-hw-mul\libc.a(lib_a-wsetup.o)
 .data          0x02017280        0x0 c:/altera/13.1/nios2eds/bin/gnu/h-i686-mingw32/bin/../lib/gcc/nios2-elf/4.7.3/../../../../../H-i686-mingw32/nios2-elf/lib/mno-hw-mul\libc.a(lib_a-dtoa.o)
 .data          0x02017280        0x0 c:/altera/13.1/nios2eds/bin/gnu/h-i686-mingw32/bin/../lib/gcc/nios2-elf/4.7.3/../../../../../H-i686-mingw32/nios2-elf/lib/mno-hw-mul\libc.a(lib_a-fflush.o)
 .data          0x02017280        0x0 c:/altera/13.1/nios2eds/bin/gnu/h-i686-mingw32/bin/../lib/gcc/nios2-elf/4.7.3/../../../../../H-i686-mingw32/nios2-elf/lib/mno-hw-mul\libc.a(lib_a-findfp.o)
 .data          0x02017280        0x0 c:/altera/13.1/nios2eds/bin/gnu/h-i686-mingw32/bin/../lib/gcc/nios2-elf/4.7.3/../../../../../H-i686-mingw32/nios2-elf/lib/mno-hw-mul\libc.a(lib_a-freer.o)
 .data          0x02017280        0x0 c:/altera/13.1/nios2eds/bin/gnu/h-i686-mingw32/bin/../lib/gcc/nios2-elf/4.7.3/../../../../../H-i686-mingw32/nios2-elf/lib/mno-hw-mul\libc.a(lib_a-fvwrite.o)
 .data          0x02017280        0x0 c:/altera/13.1/nios2eds/bin/gnu/h-i686-mingw32/bin/../lib/gcc/nios2-elf/4.7.3/../../../../../H-i686-mingw32/nios2-elf/lib/mno-hw-mul\libc.a(lib_a-fwalk.o)
 .data          0x02017280      0x400 c:/altera/13.1/nios2eds/bin/gnu/h-i686-mingw32/bin/../lib/gcc/nios2-elf/4.7.3/../../../../../H-i686-mingw32/nios2-elf/lib/mno-hw-mul\libc.a(lib_a-impure.o)
 .data          0x02017680        0xc c:/altera/13.1/nios2eds/bin/gnu/h-i686-mingw32/bin/../lib/gcc/nios2-elf/4.7.3/../../../../../H-i686-mingw32/nios2-elf/lib/mno-hw-mul\libc.a(lib_a-locale.o)
                0x02017680                __lc_ctype
 .data          0x0201768c        0x0 c:/altera/13.1/nios2eds/bin/gnu/h-i686-mingw32/bin/../lib/gcc/nios2-elf/4.7.3/../../../../../H-i686-mingw32/nios2-elf/lib/mno-hw-mul\libc.a(lib_a-makebuf.o)
 .data          0x0201768c      0x408 c:/altera/13.1/nios2eds/bin/gnu/h-i686-mingw32/bin/../lib/gcc/nios2-elf/4.7.3/../../../../../H-i686-mingw32/nios2-elf/lib/mno-hw-mul\libc.a(lib_a-mallocr.o)
                0x0201768c                __malloc_av_
 .data          0x02017a94        0x0 c:/altera/13.1/nios2eds/bin/gnu/h-i686-mingw32/bin/../lib/gcc/nios2-elf/4.7.3/../../../../../H-i686-mingw32/nios2-elf/lib/mno-hw-mul\libc.a(lib_a-memchr.o)
 .data          0x02017a94        0x0 c:/altera/13.1/nios2eds/bin/gnu/h-i686-mingw32/bin/../lib/gcc/nios2-elf/4.7.3/../../../../../H-i686-mingw32/nios2-elf/lib/mno-hw-mul\libc.a(lib_a-memcpy.o)
 .data          0x02017a94        0x0 c:/altera/13.1/nios2eds/bin/gnu/h-i686-mingw32/bin/../lib/gcc/nios2-elf/4.7.3/../../../../../H-i686-mingw32/nios2-elf/lib/mno-hw-mul\libc.a(lib_a-memmove.o)
 .data          0x02017a94        0x0 c:/altera/13.1/nios2eds/bin/gnu/h-i686-mingw32/bin/../lib/gcc/nios2-elf/4.7.3/../../../../../H-i686-mingw32/nios2-elf/lib/mno-hw-mul\libc.a(lib_a-memset.o)
 .data          0x02017a94        0x0 c:/altera/13.1/nios2eds/bin/gnu/h-i686-mingw32/bin/../lib/gcc/nios2-elf/4.7.3/../../../../../H-i686-mingw32/nios2-elf/lib/mno-hw-mul\libc.a(lib_a-mprec.o)
 .data          0x02017a94        0x0 c:/altera/13.1/nios2eds/bin/gnu/h-i686-mingw32/bin/../lib/gcc/nios2-elf/4.7.3/../../../../../H-i686-mingw32/nios2-elf/lib/mno-hw-mul\libc.a(lib_a-reallocr.o)
 .data          0x02017a94        0x0 c:/altera/13.1/nios2eds/bin/gnu/h-i686-mingw32/bin/../lib/gcc/nios2-elf/4.7.3/../../../../../H-i686-mingw32/nios2-elf/lib/mno-hw-mul\libc.a(lib_a-s_isinfd.o)
 .data          0x02017a94        0x0 c:/altera/13.1/nios2eds/bin/gnu/h-i686-mingw32/bin/../lib/gcc/nios2-elf/4.7.3/../../../../../H-i686-mingw32/nios2-elf/lib/mno-hw-mul\libc.a(lib_a-s_isnand.o)
 .data          0x02017a94        0x0 c:/altera/13.1/nios2eds/bin/gnu/h-i686-mingw32/bin/../lib/gcc/nios2-elf/4.7.3/../../../../../H-i686-mingw32/nios2-elf/lib/mno-hw-mul\libc.a(lib_a-sbrkr.o)
 .data          0x02017a94        0x0 c:/altera/13.1/nios2eds/bin/gnu/h-i686-mingw32/bin/../lib/gcc/nios2-elf/4.7.3/../../../../../H-i686-mingw32/nios2-elf/lib/mno-hw-mul\libc.a(lib_a-stdio.o)
 .data          0x02017a94        0x0 c:/altera/13.1/nios2eds/bin/gnu/h-i686-mingw32/bin/../lib/gcc/nios2-elf/4.7.3/../../../../../H-i686-mingw32/nios2-elf/lib/mno-hw-mul\libc.a(lib_a-strcmp.o)
 .data          0x02017a94        0x0 c:/altera/13.1/nios2eds/bin/gnu/h-i686-mingw32/bin/../lib/gcc/nios2-elf/4.7.3/../../../../../H-i686-mingw32/nios2-elf/lib/mno-hw-mul\libc.a(lib_a-writer.o)
 .data          0x02017a94        0x0 c:/altera/13.1/nios2eds/bin/gnu/h-i686-mingw32/bin/../lib/gcc/nios2-elf/4.7.3/../../../../../H-i686-mingw32/nios2-elf/lib/mno-hw-mul\libc.a(lib_a-callocr.o)
 .data          0x02017a94        0x0 c:/altera/13.1/nios2eds/bin/gnu/h-i686-mingw32/bin/../lib/gcc/nios2-elf/4.7.3/../../../../../H-i686-mingw32/nios2-elf/lib/mno-hw-mul\libc.a(lib_a-closer.o)
 .data          0x02017a94        0x0 c:/altera/13.1/nios2eds/bin/gnu/h-i686-mingw32/bin/../lib/gcc/nios2-elf/4.7.3/../../../../../H-i686-mingw32/nios2-elf/lib/mno-hw-mul\libc.a(lib_a-fclose.o)
 .data          0x02017a94        0x0 c:/altera/13.1/nios2eds/bin/gnu/h-i686-mingw32/bin/../lib/gcc/nios2-elf/4.7.3/../../../../../H-i686-mingw32/nios2-elf/lib/mno-hw-mul\libc.a(lib_a-fstatr.o)
 .data          0x02017a94        0x0 c:/altera/13.1/nios2eds/bin/gnu/h-i686-mingw32/bin/../lib/gcc/nios2-elf/4.7.3/../../../../../H-i686-mingw32/nios2-elf/lib/mno-hw-mul\libc.a(lib_a-int_errno.o)
 .data          0x02017a94        0x0 c:/altera/13.1/nios2eds/bin/gnu/h-i686-mingw32/bin/../lib/gcc/nios2-elf/4.7.3/../../../../../H-i686-mingw32/nios2-elf/lib/mno-hw-mul\libc.a(lib_a-isattyr.o)
 .data          0x02017a94        0x0 c:/altera/13.1/nios2eds/bin/gnu/h-i686-mingw32/bin/../lib/gcc/nios2-elf/4.7.3/../../../../../H-i686-mingw32/nios2-elf/lib/mno-hw-mul\libc.a(lib_a-lseekr.o)
 .data          0x02017a94        0x0 c:/altera/13.1/nios2eds/bin/gnu/h-i686-mingw32/bin/../lib/gcc/nios2-elf/4.7.3/../../../../../H-i686-mingw32/nios2-elf/lib/mno-hw-mul\libc.a(lib_a-readr.o)
 .data          0x02017a94        0x0 c:/altera/13.1/nios2eds/bin/gnu/h-i686-mingw32/bin/../lib/gcc/nios2-elf/4.7.3/mno-hw-mul\libgcc.a(_udivdi3.o)
 .data          0x02017a94        0x0 c:/altera/13.1/nios2eds/bin/gnu/h-i686-mingw32/bin/../lib/gcc/nios2-elf/4.7.3/mno-hw-mul\libgcc.a(_umoddi3.o)
 .data          0x02017a94        0x0 c:/altera/13.1/nios2eds/bin/gnu/h-i686-mingw32/bin/../lib/gcc/nios2-elf/4.7.3/mno-hw-mul\libgcc.a(_mul_df.o)
 .data          0x02017a94        0x0 c:/altera/13.1/nios2eds/bin/gnu/h-i686-mingw32/bin/../lib/gcc/nios2-elf/4.7.3/mno-hw-mul\libgcc.a(_div_df.o)
 .data          0x02017a94        0x0 c:/altera/13.1/nios2eds/bin/gnu/h-i686-mingw32/bin/../lib/gcc/nios2-elf/4.7.3/mno-hw-mul\libgcc.a(_eq_df.o)
 .data          0x02017a94        0x0 c:/altera/13.1/nios2eds/bin/gnu/h-i686-mingw32/bin/../lib/gcc/nios2-elf/4.7.3/mno-hw-mul\libgcc.a(_ne_df.o)
 .data          0x02017a94        0x0 c:/altera/13.1/nios2eds/bin/gnu/h-i686-mingw32/bin/../lib/gcc/nios2-elf/4.7.3/mno-hw-mul\libgcc.a(_gt_df.o)
 .data          0x02017a94        0x0 c:/altera/13.1/nios2eds/bin/gnu/h-i686-mingw32/bin/../lib/gcc/nios2-elf/4.7.3/mno-hw-mul\libgcc.a(_lt_df.o)
 .data          0x02017a94        0x0 c:/altera/13.1/nios2eds/bin/gnu/h-i686-mingw32/bin/../lib/gcc/nios2-elf/4.7.3/mno-hw-mul\libgcc.a(_si_to_df.o)
 .data          0x02017a94        0x0 c:/altera/13.1/nios2eds/bin/gnu/h-i686-mingw32/bin/../lib/gcc/nios2-elf/4.7.3/mno-hw-mul\libgcc.a(_muldi3.o)
 .data          0x02017a94        0x0 ../Controller_sw_bsp/\libhal_bsp.a(alt_close.o)
 .data          0x02017a94      0x1a8 ../Controller_sw_bsp/\libhal_bsp.a(alt_dev.o)
                0x02017a94                alt_dev_null
                0x02017abc                alt_fd_list
 .data          0x02017c3c        0x0 ../Controller_sw_bsp/\libhal_bsp.a(alt_errno.o)
 .data          0x02017c3c        0x0 ../Controller_sw_bsp/\libhal_bsp.a(alt_fstat.o)
 .data          0x02017c3c        0x0 ../Controller_sw_bsp/\libhal_bsp.a(alt_iic.o)
 .data          0x02017c3c        0x0 ../Controller_sw_bsp/\libhal_bsp.a(alt_iic_isr_register.o)
 .data          0x02017c3c        0x0 ../Controller_sw_bsp/\libhal_bsp.a(alt_irq_entry.o)
 .data          0x02017c3c        0x0 ../Controller_sw_bsp/\libhal_bsp.a(alt_irq_handler.o)
 .data          0x02017c3c        0x0 ../Controller_sw_bsp/\libhal_bsp.a(alt_irq_vars.o)
 .data          0x02017c3c        0x0 ../Controller_sw_bsp/\libhal_bsp.a(alt_isatty.o)
 .data          0x02017c3c        0x0 ../Controller_sw_bsp/\libhal_bsp.a(alt_lseek.o)
 .data          0x02017c3c        0x0 ../Controller_sw_bsp/\libhal_bsp.a(alt_main.o)
 .data          0x02017c3c        0x0 ../Controller_sw_bsp/\libhal_bsp.a(alt_malloc_lock.o)
 .data          0x02017c3c        0x0 ../Controller_sw_bsp/\libhal_bsp.a(alt_read.o)
 .data          0x02017c3c        0x0 ../Controller_sw_bsp/\libhal_bsp.a(alt_release_fd.o)
 .data          0x02017c3c        0x0 ../Controller_sw_bsp/\libhal_bsp.a(alt_sbrk.o)
 .data          0x02017c3c        0x0 ../Controller_sw_bsp/\libhal_bsp.a(alt_write.o)
 .data          0x02017c3c     0x11ec ../Controller_sw_bsp/\libhal_bsp.a(alt_sys_init.o)
 .data          0x02018e28        0x0 ../Controller_sw_bsp/\libhal_bsp.a(altera_avalon_epcs_flash_controller.o)
 .data          0x02018e28        0x0 ../Controller_sw_bsp/\libhal_bsp.a(altera_avalon_jtag_uart_fd.o)
 .data          0x02018e28        0x0 ../Controller_sw_bsp/\libhal_bsp.a(altera_avalon_jtag_uart_init.o)
 .data          0x02018e28        0x0 ../Controller_sw_bsp/\libhal_bsp.a(altera_avalon_jtag_uart_ioctl.o)
 .data          0x02018e28        0x0 ../Controller_sw_bsp/\libhal_bsp.a(altera_avalon_jtag_uart_read.o)
 .data          0x02018e28        0x0 ../Controller_sw_bsp/\libhal_bsp.a(altera_avalon_jtag_uart_write.o)
 .data          0x02018e28        0x0 ../Controller_sw_bsp/\libhal_bsp.a(altera_avalon_uart_fd.o)
 .data          0x02018e28        0x0 ../Controller_sw_bsp/\libhal_bsp.a(altera_avalon_uart_init.o)
 .data          0x02018e28        0x0 ../Controller_sw_bsp/\libhal_bsp.a(altera_avalon_uart_read.o)
 .data          0x02018e28        0x0 ../Controller_sw_bsp/\libhal_bsp.a(altera_avalon_uart_write.o)
 .data          0x02018e28        0x0 ../Controller_sw_bsp/\libhal_bsp.a(epcs_commands.o)
 .data          0x02018e28        0x0 ../Controller_sw_bsp/\libhal_bsp.a(alt_alarm_start.o)
 .data          0x02018e28        0x0 ../Controller_sw_bsp/\libhal_bsp.a(alt_dev_llist_insert.o)
 .data          0x02018e28        0x0 ../Controller_sw_bsp/\libhal_bsp.a(alt_do_ctors.o)
 .data          0x02018e28        0x0 ../Controller_sw_bsp/\libhal_bsp.a(alt_do_dtors.o)
 .data          0x02018e28        0x0 ../Controller_sw_bsp/\libhal_bsp.a(alt_exception_entry.o)
 .data          0x02018e28        0x0 ../Controller_sw_bsp/\libhal_bsp.a(alt_flash_dev.o)
 .data          0x02018e28        0x0 ../Controller_sw_bsp/\libhal_bsp.a(alt_io_redirect.o)
 .data          0x02018e28        0x0 ../Controller_sw_bsp/\libhal_bsp.a(alt_open.o)
 .data          0x02018e28        0x0 ../Controller_sw_bsp/\libhal_bsp.a(alt_tick.o)
 .data          0x02018e28        0x0 ../Controller_sw_bsp/\libhal_bsp.a(altera_nios2_qsys_irq.o)
 .data          0x02018e28        0x0 ../Controller_sw_bsp/\libhal_bsp.a(altera_avalon_spi.o)
 .data          0x02018e28        0x0 ../Controller_sw_bsp/\libhal_bsp.a(alt_find_dev.o)
 .data          0x02018e28        0x0 ../Controller_sw_bsp/\libhal_bsp.a(alt_find_file.o)
 .data          0x02018e28        0x0 ../Controller_sw_bsp/\libhal_bsp.a(alt_get_fd.o)
 .data          0x02018e28        0x0 c:/altera/13.1/nios2eds/bin/gnu/h-i686-mingw32/bin/../lib/gcc/nios2-elf/4.7.3/../../../../../H-i686-mingw32/nios2-elf/lib/mno-hw-mul\libc.a(lib_a-atexit.o)
 .data          0x02018e28        0x0 c:/altera/13.1/nios2eds/bin/gnu/h-i686-mingw32/bin/../lib/gcc/nios2-elf/4.7.3/../../../../../H-i686-mingw32/nios2-elf/lib/mno-hw-mul\libc.a(lib_a-exit.o)
 .data          0x02018e28        0x0 c:/altera/13.1/nios2eds/bin/gnu/h-i686-mingw32/bin/../lib/gcc/nios2-elf/4.7.3/../../../../../H-i686-mingw32/nios2-elf/lib/mno-hw-mul\libc.a(lib_a-memcmp.o)
 .data          0x02018e28        0x0 c:/altera/13.1/nios2eds/bin/gnu/h-i686-mingw32/bin/../lib/gcc/nios2-elf/4.7.3/../../../../../H-i686-mingw32/nios2-elf/lib/mno-hw-mul\libc.a(lib_a-__atexit.o)
 .data          0x02018e28        0x0 c:/altera/13.1/nios2eds/bin/gnu/h-i686-mingw32/bin/../lib/gcc/nios2-elf/4.7.3/../../../../../H-i686-mingw32/nios2-elf/lib/mno-hw-mul\libc.a(lib_a-__call_atexit.o)
 .data          0x02018e28        0x0 ../Controller_sw_bsp/\libhal_bsp.a(alt_exit.o)
                0x02020e28                _gp = ABSOLUTE ((. + 0x8000))
                0x02020e28                PROVIDE (gp, _gp)
 *(.rwdata .rwdata.*)
 *(.sdata .sdata.* .gnu.linkonce.s.*)
 .sdata         0x02018e28        0x8 c:/altera/13.1/nios2eds/bin/gnu/h-i686-mingw32/bin/../lib/gcc/nios2-elf/4.7.3/../../../../../H-i686-mingw32/nios2-elf/lib/mno-hw-mul\libc.a(lib_a-impure.o)
                0x02018e28                _global_impure_ptr
                0x02018e2c                _impure_ptr
 .sdata         0x02018e30        0x4 c:/altera/13.1/nios2eds/bin/gnu/h-i686-mingw32/bin/../lib/gcc/nios2-elf/4.7.3/../../../../../H-i686-mingw32/nios2-elf/lib/mno-hw-mul\libc.a(lib_a-locale.o)
                0x02018e30                __mb_cur_max
 .sdata         0x02018e34        0x8 c:/altera/13.1/nios2eds/bin/gnu/h-i686-mingw32/bin/../lib/gcc/nios2-elf/4.7.3/../../../../../H-i686-mingw32/nios2-elf/lib/mno-hw-mul\libc.a(lib_a-mallocr.o)
                0x02018e34                __malloc_sbrk_base
                0x02018e38                __malloc_trim_threshold
 .sdata         0x02018e3c       0x14 ../Controller_sw_bsp/\libhal_bsp.a(alt_dev.o)
                0x02018e3c                alt_fs_list
                0x02018e44                alt_dev_list
                0x02018e4c                alt_max_fd
 .sdata         0x02018e50        0x4 ../Controller_sw_bsp/\libhal_bsp.a(alt_errno.o)
                0x02018e50                alt_errno
 .sdata         0x02018e54        0x4 ../Controller_sw_bsp/\libhal_bsp.a(alt_irq_vars.o)
                0x02018e54                alt_priority_mask
 .sdata         0x02018e58        0x4 ../Controller_sw_bsp/\libhal_bsp.a(alt_sbrk.o)
 .sdata         0x02018e5c        0x8 ../Controller_sw_bsp/\libhal_bsp.a(alt_flash_dev.o)
                0x02018e5c                alt_flash_dev_list
 .sdata         0x02018e64        0x8 ../Controller_sw_bsp/\libhal_bsp.a(alt_tick.o)
                0x02018e64                alt_alarm_list
 *(.sdata2 .sdata2.* .gnu.linkonce.s2.*)
                0x02018e6c                . = ALIGN (0x4)
                0x02018e6c                _edata = ABSOLUTE (.)
                0x02018e6c                PROVIDE (edata, ABSOLUTE (.))
                0x02018e6c                PROVIDE (__ram_rwdata_end, ABSOLUTE (.))
                0x0201718c                PROVIDE (__flash_rwdata_start, LOADADDR (.rwdata))

.bss            0x02018e6c      0x304
                0x02018e6c                __bss_start = ABSOLUTE (.)
                0x02018e6c                PROVIDE (__sbss_start, ABSOLUTE (.))
                0x02018e6c                PROVIDE (___sbss_start, ABSOLUTE (.))
 *(.dynsbss)
 *(.sbss .sbss.* .gnu.linkonce.sb.*)
 .sbss          0x02018e6c        0x2 obj/default/driver/KPLED.o
 *fill*         0x02018e6e        0x2 
 .sbss          0x02018e70        0xc c:/altera/13.1/nios2eds/bin/gnu/h-i686-mingw32/bin/../lib/gcc/nios2-elf/4.7.3/../../../../../H-i686-mingw32/nios2-elf/lib/mno-hw-mul\libc.a(lib_a-locale.o)
                0x02018e70                _PathLocale
                0x02018e74                __mlocale_changed
                0x02018e78                __nlocale_changed
 .sbss          0x02018e7c        0xc c:/altera/13.1/nios2eds/bin/gnu/h-i686-mingw32/bin/../lib/gcc/nios2-elf/4.7.3/../../../../../H-i686-mingw32/nios2-elf/lib/mno-hw-mul\libc.a(lib_a-mallocr.o)
                0x02018e7c                __malloc_max_total_mem
                0x02018e80                __malloc_max_sbrked_mem
                0x02018e84                __malloc_top_pad
 .sbss          0x02018e88        0x4 c:/altera/13.1/nios2eds/bin/gnu/h-i686-mingw32/bin/../lib/gcc/nios2-elf/4.7.3/../../../../../H-i686-mingw32/nios2-elf/lib/mno-hw-mul\libc.a(lib_a-int_errno.o)
                0x02018e88                errno
 .sbss          0x02018e8c        0x4 ../Controller_sw_bsp/\libhal_bsp.a(alt_irq_vars.o)
                0x02018e8c                alt_irq_active
 .sbss          0x02018e90        0xc ../Controller_sw_bsp/\libhal_bsp.a(alt_main.o)
                0x02018e90                alt_argc
                0x02018e94                alt_argv
                0x02018e98                alt_envp
 .sbss          0x02018e9c        0x8 ../Controller_sw_bsp/\libhal_bsp.a(alt_tick.o)
                0x02018e9c                _alt_tick_rate
                0x02018ea0                _alt_nticks
 *(.sbss2 .sbss2.* .gnu.linkonce.sb2.*)
 *(.scommon)
                0x02018ea4                PROVIDE (__sbss_end, ABSOLUTE (.))
                0x02018ea4                PROVIDE (___sbss_end, ABSOLUTE (.))
 *(.dynbss)
 *(.bss .bss.* .gnu.linkonce.b.*)
 .bss           0x02018ea4        0x0 ../Controller_sw_bsp//obj/HAL/src/crt0.o
 .bss           0x02018ea4        0x0 obj/default/driver/Counter.o
 .bss           0x02018ea4        0x0 obj/default/driver/DisDriver.o
 .bss           0x02018ea4        0x0 obj/default/driver/FRAM.o
 .bss           0x02018ea4        0x0 obj/default/driver/KPLED.o
 .bss           0x02018ea4        0x0 obj/default/driver/comInterface.o
 .bss           0x02018ea4        0x0 obj/default/driver/coverPage.o
 .bss           0x02018ea4        0x0 obj/default/driver/delay.o
 .bss           0x02018ea4        0x0 obj/default/driver/loadWriteData.o
 .bss           0x02018ea4        0x0 obj/default/driver/powerFailure.o
 .bss           0x02018ea4        0x0 obj/default/driver/uart.o
 .bss           0x02018ea4        0x0 obj/default/main/TopMenu.o
 .bss           0x02018ea4        0x0 obj/default/main/main.o
 .bss           0x02018ea4        0x0 obj/default/menuComponent/FireMenu.o
 .bss           0x02018ea4        0x0 obj/default/menuComponent/HeaterWarmingUp.o
 .bss           0x02018ea4        0x0 obj/default/menuComponent/ParameterMenu.o
 .bss           0x02018ea4        0x0 obj/default/menuComponent/RemoteMenu.o
 .bss           0x02018ea4        0x0 obj/default/menuComponent/SaveLoadMenu.o
 .bss           0x02018ea4        0x0 obj/default/menuComponent/ShotCountersMenu.o
 .bss           0x02018ea4        0x0 obj/default/menuComponent/ShutdownMenu.o
 .bss           0x02018ea4        0x0 obj/default/menuComponent/StartupMenu.o
 .bss           0x02018ea4        0x0 obj/default/menuComponent/editNum10.o
 .bss           0x02018ea4        0x0 obj/default/menuComponent/editNum2.o
 .bss           0x02018ea4        0x0 obj/default/menuComponent/editNum5.o
 .bss           0x02018ea4        0x0 obj/default/menuComponent/enterPWD.o
 .bss           0x02018ea4       0x12 obj/default/menuComponent/errorCheck.o
 .bss           0x02018eb6        0x0 obj/default/menuComponent/pwdPage.o
 .bss           0x02018eb6        0x0 obj/default/menuComponent/repPage.o
 .bss           0x02018eb6        0x0 obj/default/menuComponent/shotPage.o
 .bss           0x02018eb6        0x0 obj/default/menuComponent/timingPage.o
 .bss           0x02018eb6        0x0 c:/altera/13.1/nios2eds/bin/gnu/h-i686-mingw32/bin/../lib/gcc/nios2-elf/4.7.3/mno-hw-mul\libgcc.a(_fixunsdfsi.o)
 .bss           0x02018eb6        0x0 c:/altera/13.1/nios2eds/bin/gnu/h-i686-mingw32/bin/../lib/gcc/nios2-elf/4.7.3/mno-hw-mul\libgcc.a(_addsub_df.o)
 .bss           0x02018eb6        0x0 c:/altera/13.1/nios2eds/bin/gnu/h-i686-mingw32/bin/../lib/gcc/nios2-elf/4.7.3/mno-hw-mul\libgcc.a(_ge_df.o)
 .bss           0x02018eb6        0x0 c:/altera/13.1/nios2eds/bin/gnu/h-i686-mingw32/bin/../lib/gcc/nios2-elf/4.7.3/mno-hw-mul\libgcc.a(_df_to_si.o)
 .bss           0x02018eb6        0x0 c:/altera/13.1/nios2eds/bin/gnu/h-i686-mingw32/bin/../lib/gcc/nios2-elf/4.7.3/mno-hw-mul\libgcc.a(_thenan_df.o)
 .bss           0x02018eb6        0x0 c:/altera/13.1/nios2eds/bin/gnu/h-i686-mingw32/bin/../lib/gcc/nios2-elf/4.7.3/mno-hw-mul\libgcc.a(_usi_to_df.o)
 .bss           0x02018eb6        0x0 c:/altera/13.1/nios2eds/bin/gnu/h-i686-mingw32/bin/../lib/gcc/nios2-elf/4.7.3/mno-hw-mul\libgcc.a(lib2-divmod.o)
 .bss           0x02018eb6        0x0 c:/altera/13.1/nios2eds/bin/gnu/h-i686-mingw32/bin/../lib/gcc/nios2-elf/4.7.3/mno-hw-mul\libgcc.a(lib2-mul.o)
 .bss           0x02018eb6        0x0 c:/altera/13.1/nios2eds/bin/gnu/h-i686-mingw32/bin/../lib/gcc/nios2-elf/4.7.3/mno-hw-mul\libgcc.a(_clzsi2.o)
 .bss           0x02018eb6        0x0 c:/altera/13.1/nios2eds/bin/gnu/h-i686-mingw32/bin/../lib/gcc/nios2-elf/4.7.3/mno-hw-mul\libgcc.a(_pack_df.o)
 .bss           0x02018eb6        0x0 c:/altera/13.1/nios2eds/bin/gnu/h-i686-mingw32/bin/../lib/gcc/nios2-elf/4.7.3/mno-hw-mul\libgcc.a(_unpack_df.o)
 .bss           0x02018eb6        0x0 c:/altera/13.1/nios2eds/bin/gnu/h-i686-mingw32/bin/../lib/gcc/nios2-elf/4.7.3/mno-hw-mul\libgcc.a(_fpcmp_parts_df.o)
 .bss           0x02018eb6        0x0 c:/altera/13.1/nios2eds/bin/gnu/h-i686-mingw32/bin/../lib/gcc/nios2-elf/4.7.3/mno-hw-mul\libgcc.a(_lshrdi3.o)
 .bss           0x02018eb6        0x0 c:/altera/13.1/nios2eds/bin/gnu/h-i686-mingw32/bin/../lib/gcc/nios2-elf/4.7.3/mno-hw-mul\libgcc.a(_ashldi3.o)
 .bss           0x02018eb6        0x0 c:/altera/13.1/nios2eds/bin/gnu/h-i686-mingw32/bin/../lib/gcc/nios2-elf/4.7.3/mno-hw-mul\libgcc.a(_clz.o)
 .bss           0x02018eb6        0x0 c:/altera/13.1/nios2eds/bin/gnu/h-i686-mingw32/bin/../lib/gcc/nios2-elf/4.7.3/../../../../../H-i686-mingw32/nios2-elf/lib/mno-hw-mul\libc.a(lib_a-printf.o)
 .bss           0x02018eb6        0x0 c:/altera/13.1/nios2eds/bin/gnu/h-i686-mingw32/bin/../lib/gcc/nios2-elf/4.7.3/../../../../../H-i686-mingw32/nios2-elf/lib/mno-hw-mul\libc.a(lib_a-puts.o)
 .bss           0x02018eb6        0x0 c:/altera/13.1/nios2eds/bin/gnu/h-i686-mingw32/bin/../lib/gcc/nios2-elf/4.7.3/../../../../../H-i686-mingw32/nios2-elf/lib/mno-hw-mul\libc.a(lib_a-strlen.o)
 .bss           0x02018eb6        0x0 c:/altera/13.1/nios2eds/bin/gnu/h-i686-mingw32/bin/../lib/gcc/nios2-elf/4.7.3/../../../../../H-i686-mingw32/nios2-elf/lib/mno-hw-mul\libc.a(lib_a-vfprintf.o)
 .bss           0x02018eb6        0x0 c:/altera/13.1/nios2eds/bin/gnu/h-i686-mingw32/bin/../lib/gcc/nios2-elf/4.7.3/../../../../../H-i686-mingw32/nios2-elf/lib/mno-hw-mul\libc.a(lib_a-wsetup.o)
 .bss           0x02018eb6        0x0 c:/altera/13.1/nios2eds/bin/gnu/h-i686-mingw32/bin/../lib/gcc/nios2-elf/4.7.3/../../../../../H-i686-mingw32/nios2-elf/lib/mno-hw-mul\libc.a(lib_a-dtoa.o)
 .bss           0x02018eb6        0x0 c:/altera/13.1/nios2eds/bin/gnu/h-i686-mingw32/bin/../lib/gcc/nios2-elf/4.7.3/../../../../../H-i686-mingw32/nios2-elf/lib/mno-hw-mul\libc.a(lib_a-fflush.o)
 .bss           0x02018eb6        0x0 c:/altera/13.1/nios2eds/bin/gnu/h-i686-mingw32/bin/../lib/gcc/nios2-elf/4.7.3/../../../../../H-i686-mingw32/nios2-elf/lib/mno-hw-mul\libc.a(lib_a-findfp.o)
 .bss           0x02018eb6        0x0 c:/altera/13.1/nios2eds/bin/gnu/h-i686-mingw32/bin/../lib/gcc/nios2-elf/4.7.3/../../../../../H-i686-mingw32/nios2-elf/lib/mno-hw-mul\libc.a(lib_a-freer.o)
 .bss           0x02018eb6        0x0 c:/altera/13.1/nios2eds/bin/gnu/h-i686-mingw32/bin/../lib/gcc/nios2-elf/4.7.3/../../../../../H-i686-mingw32/nios2-elf/lib/mno-hw-mul\libc.a(lib_a-fvwrite.o)
 .bss           0x02018eb6        0x0 c:/altera/13.1/nios2eds/bin/gnu/h-i686-mingw32/bin/../lib/gcc/nios2-elf/4.7.3/../../../../../H-i686-mingw32/nios2-elf/lib/mno-hw-mul\libc.a(lib_a-fwalk.o)
 .bss           0x02018eb6        0x0 c:/altera/13.1/nios2eds/bin/gnu/h-i686-mingw32/bin/../lib/gcc/nios2-elf/4.7.3/../../../../../H-i686-mingw32/nios2-elf/lib/mno-hw-mul\libc.a(lib_a-impure.o)
 .bss           0x02018eb6        0x0 c:/altera/13.1/nios2eds/bin/gnu/h-i686-mingw32/bin/../lib/gcc/nios2-elf/4.7.3/../../../../../H-i686-mingw32/nios2-elf/lib/mno-hw-mul\libc.a(lib_a-locale.o)
 .bss           0x02018eb6        0x0 c:/altera/13.1/nios2eds/bin/gnu/h-i686-mingw32/bin/../lib/gcc/nios2-elf/4.7.3/../../../../../H-i686-mingw32/nios2-elf/lib/mno-hw-mul\libc.a(lib_a-makebuf.o)
 *fill*         0x02018eb6        0x2 
 .bss           0x02018eb8       0x28 c:/altera/13.1/nios2eds/bin/gnu/h-i686-mingw32/bin/../lib/gcc/nios2-elf/4.7.3/../../../../../H-i686-mingw32/nios2-elf/lib/mno-hw-mul\libc.a(lib_a-mallocr.o)
                0x02018eb8                __malloc_current_mallinfo
 .bss           0x02018ee0        0x0 c:/altera/13.1/nios2eds/bin/gnu/h-i686-mingw32/bin/../lib/gcc/nios2-elf/4.7.3/../../../../../H-i686-mingw32/nios2-elf/lib/mno-hw-mul\libc.a(lib_a-memchr.o)
 .bss           0x02018ee0        0x0 c:/altera/13.1/nios2eds/bin/gnu/h-i686-mingw32/bin/../lib/gcc/nios2-elf/4.7.3/../../../../../H-i686-mingw32/nios2-elf/lib/mno-hw-mul\libc.a(lib_a-memcpy.o)
 .bss           0x02018ee0        0x0 c:/altera/13.1/nios2eds/bin/gnu/h-i686-mingw32/bin/../lib/gcc/nios2-elf/4.7.3/../../../../../H-i686-mingw32/nios2-elf/lib/mno-hw-mul\libc.a(lib_a-memmove.o)
 .bss           0x02018ee0        0x0 c:/altera/13.1/nios2eds/bin/gnu/h-i686-mingw32/bin/../lib/gcc/nios2-elf/4.7.3/../../../../../H-i686-mingw32/nios2-elf/lib/mno-hw-mul\libc.a(lib_a-memset.o)
 .bss           0x02018ee0        0x0 c:/altera/13.1/nios2eds/bin/gnu/h-i686-mingw32/bin/../lib/gcc/nios2-elf/4.7.3/../../../../../H-i686-mingw32/nios2-elf/lib/mno-hw-mul\libc.a(lib_a-mprec.o)
 .bss           0x02018ee0        0x0 c:/altera/13.1/nios2eds/bin/gnu/h-i686-mingw32/bin/../lib/gcc/nios2-elf/4.7.3/../../../../../H-i686-mingw32/nios2-elf/lib/mno-hw-mul\libc.a(lib_a-reallocr.o)
 .bss           0x02018ee0        0x0 c:/altera/13.1/nios2eds/bin/gnu/h-i686-mingw32/bin/../lib/gcc/nios2-elf/4.7.3/../../../../../H-i686-mingw32/nios2-elf/lib/mno-hw-mul\libc.a(lib_a-s_isinfd.o)
 .bss           0x02018ee0        0x0 c:/altera/13.1/nios2eds/bin/gnu/h-i686-mingw32/bin/../lib/gcc/nios2-elf/4.7.3/../../../../../H-i686-mingw32/nios2-elf/lib/mno-hw-mul\libc.a(lib_a-s_isnand.o)
 .bss           0x02018ee0        0x0 c:/altera/13.1/nios2eds/bin/gnu/h-i686-mingw32/bin/../lib/gcc/nios2-elf/4.7.3/../../../../../H-i686-mingw32/nios2-elf/lib/mno-hw-mul\libc.a(lib_a-sbrkr.o)
 .bss           0x02018ee0        0x0 c:/altera/13.1/nios2eds/bin/gnu/h-i686-mingw32/bin/../lib/gcc/nios2-elf/4.7.3/../../../../../H-i686-mingw32/nios2-elf/lib/mno-hw-mul\libc.a(lib_a-stdio.o)
 .bss           0x02018ee0        0x0 c:/altera/13.1/nios2eds/bin/gnu/h-i686-mingw32/bin/../lib/gcc/nios2-elf/4.7.3/../../../../../H-i686-mingw32/nios2-elf/lib/mno-hw-mul\libc.a(lib_a-strcmp.o)
 .bss           0x02018ee0        0x0 c:/altera/13.1/nios2eds/bin/gnu/h-i686-mingw32/bin/../lib/gcc/nios2-elf/4.7.3/../../../../../H-i686-mingw32/nios2-elf/lib/mno-hw-mul\libc.a(lib_a-writer.o)
 .bss           0x02018ee0        0x0 c:/altera/13.1/nios2eds/bin/gnu/h-i686-mingw32/bin/../lib/gcc/nios2-elf/4.7.3/../../../../../H-i686-mingw32/nios2-elf/lib/mno-hw-mul\libc.a(lib_a-callocr.o)
 .bss           0x02018ee0        0x0 c:/altera/13.1/nios2eds/bin/gnu/h-i686-mingw32/bin/../lib/gcc/nios2-elf/4.7.3/../../../../../H-i686-mingw32/nios2-elf/lib/mno-hw-mul\libc.a(lib_a-closer.o)
 .bss           0x02018ee0        0x0 c:/altera/13.1/nios2eds/bin/gnu/h-i686-mingw32/bin/../lib/gcc/nios2-elf/4.7.3/../../../../../H-i686-mingw32/nios2-elf/lib/mno-hw-mul\libc.a(lib_a-fclose.o)
 .bss           0x02018ee0        0x0 c:/altera/13.1/nios2eds/bin/gnu/h-i686-mingw32/bin/../lib/gcc/nios2-elf/4.7.3/../../../../../H-i686-mingw32/nios2-elf/lib/mno-hw-mul\libc.a(lib_a-fstatr.o)
 .bss           0x02018ee0        0x0 c:/altera/13.1/nios2eds/bin/gnu/h-i686-mingw32/bin/../lib/gcc/nios2-elf/4.7.3/../../../../../H-i686-mingw32/nios2-elf/lib/mno-hw-mul\libc.a(lib_a-int_errno.o)
 .bss           0x02018ee0        0x0 c:/altera/13.1/nios2eds/bin/gnu/h-i686-mingw32/bin/../lib/gcc/nios2-elf/4.7.3/../../../../../H-i686-mingw32/nios2-elf/lib/mno-hw-mul\libc.a(lib_a-isattyr.o)
 .bss           0x02018ee0        0x0 c:/altera/13.1/nios2eds/bin/gnu/h-i686-mingw32/bin/../lib/gcc/nios2-elf/4.7.3/../../../../../H-i686-mingw32/nios2-elf/lib/mno-hw-mul\libc.a(lib_a-lseekr.o)
 .bss           0x02018ee0        0x0 c:/altera/13.1/nios2eds/bin/gnu/h-i686-mingw32/bin/../lib/gcc/nios2-elf/4.7.3/../../../../../H-i686-mingw32/nios2-elf/lib/mno-hw-mul\libc.a(lib_a-readr.o)
 .bss           0x02018ee0        0x0 c:/altera/13.1/nios2eds/bin/gnu/h-i686-mingw32/bin/../lib/gcc/nios2-elf/4.7.3/mno-hw-mul\libgcc.a(_udivdi3.o)
 .bss           0x02018ee0        0x0 c:/altera/13.1/nios2eds/bin/gnu/h-i686-mingw32/bin/../lib/gcc/nios2-elf/4.7.3/mno-hw-mul\libgcc.a(_umoddi3.o)
 .bss           0x02018ee0        0x0 c:/altera/13.1/nios2eds/bin/gnu/h-i686-mingw32/bin/../lib/gcc/nios2-elf/4.7.3/mno-hw-mul\libgcc.a(_mul_df.o)
 .bss           0x02018ee0        0x0 c:/altera/13.1/nios2eds/bin/gnu/h-i686-mingw32/bin/../lib/gcc/nios2-elf/4.7.3/mno-hw-mul\libgcc.a(_div_df.o)
 .bss           0x02018ee0        0x0 c:/altera/13.1/nios2eds/bin/gnu/h-i686-mingw32/bin/../lib/gcc/nios2-elf/4.7.3/mno-hw-mul\libgcc.a(_eq_df.o)
 .bss           0x02018ee0        0x0 c:/altera/13.1/nios2eds/bin/gnu/h-i686-mingw32/bin/../lib/gcc/nios2-elf/4.7.3/mno-hw-mul\libgcc.a(_ne_df.o)
 .bss           0x02018ee0        0x0 c:/altera/13.1/nios2eds/bin/gnu/h-i686-mingw32/bin/../lib/gcc/nios2-elf/4.7.3/mno-hw-mul\libgcc.a(_gt_df.o)
 .bss           0x02018ee0        0x0 c:/altera/13.1/nios2eds/bin/gnu/h-i686-mingw32/bin/../lib/gcc/nios2-elf/4.7.3/mno-hw-mul\libgcc.a(_lt_df.o)
 .bss           0x02018ee0        0x0 c:/altera/13.1/nios2eds/bin/gnu/h-i686-mingw32/bin/../lib/gcc/nios2-elf/4.7.3/mno-hw-mul\libgcc.a(_si_to_df.o)
 .bss           0x02018ee0        0x0 c:/altera/13.1/nios2eds/bin/gnu/h-i686-mingw32/bin/../lib/gcc/nios2-elf/4.7.3/mno-hw-mul\libgcc.a(_muldi3.o)
 .bss           0x02018ee0        0x0 ../Controller_sw_bsp/\libhal_bsp.a(alt_close.o)
 .bss           0x02018ee0        0x0 ../Controller_sw_bsp/\libhal_bsp.a(alt_dev.o)
 .bss           0x02018ee0        0x0 ../Controller_sw_bsp/\libhal_bsp.a(alt_errno.o)
 .bss           0x02018ee0        0x0 ../Controller_sw_bsp/\libhal_bsp.a(alt_fstat.o)
 .bss           0x02018ee0        0x0 ../Controller_sw_bsp/\libhal_bsp.a(alt_iic.o)
 .bss           0x02018ee0        0x0 ../Controller_sw_bsp/\libhal_bsp.a(alt_iic_isr_register.o)
 .bss           0x02018ee0        0x0 ../Controller_sw_bsp/\libhal_bsp.a(alt_irq_entry.o)
 .bss           0x02018ee0        0x0 ../Controller_sw_bsp/\libhal_bsp.a(alt_irq_handler.o)
 .bss           0x02018ee0        0x0 ../Controller_sw_bsp/\libhal_bsp.a(alt_irq_vars.o)
 .bss           0x02018ee0        0x0 ../Controller_sw_bsp/\libhal_bsp.a(alt_isatty.o)
 .bss           0x02018ee0        0x0 ../Controller_sw_bsp/\libhal_bsp.a(alt_lseek.o)
 .bss           0x02018ee0        0x0 ../Controller_sw_bsp/\libhal_bsp.a(alt_main.o)
 .bss           0x02018ee0        0x0 ../Controller_sw_bsp/\libhal_bsp.a(alt_malloc_lock.o)
 .bss           0x02018ee0        0x0 ../Controller_sw_bsp/\libhal_bsp.a(alt_read.o)
 .bss           0x02018ee0        0x0 ../Controller_sw_bsp/\libhal_bsp.a(alt_release_fd.o)
 .bss           0x02018ee0        0x0 ../Controller_sw_bsp/\libhal_bsp.a(alt_sbrk.o)
 .bss           0x02018ee0        0x0 ../Controller_sw_bsp/\libhal_bsp.a(alt_write.o)
 .bss           0x02018ee0        0x0 ../Controller_sw_bsp/\libhal_bsp.a(alt_sys_init.o)
 .bss           0x02018ee0        0x0 ../Controller_sw_bsp/\libhal_bsp.a(altera_avalon_epcs_flash_controller.o)
 .bss           0x02018ee0        0x0 ../Controller_sw_bsp/\libhal_bsp.a(altera_avalon_jtag_uart_fd.o)
 .bss           0x02018ee0        0x0 ../Controller_sw_bsp/\libhal_bsp.a(altera_avalon_jtag_uart_init.o)
 .bss           0x02018ee0        0x0 ../Controller_sw_bsp/\libhal_bsp.a(altera_avalon_jtag_uart_ioctl.o)
 .bss           0x02018ee0        0x0 ../Controller_sw_bsp/\libhal_bsp.a(altera_avalon_jtag_uart_read.o)
 .bss           0x02018ee0        0x0 ../Controller_sw_bsp/\libhal_bsp.a(altera_avalon_jtag_uart_write.o)
 .bss           0x02018ee0        0x0 ../Controller_sw_bsp/\libhal_bsp.a(altera_avalon_uart_fd.o)
 .bss           0x02018ee0        0x0 ../Controller_sw_bsp/\libhal_bsp.a(altera_avalon_uart_init.o)
 .bss           0x02018ee0        0x0 ../Controller_sw_bsp/\libhal_bsp.a(altera_avalon_uart_read.o)
 .bss           0x02018ee0        0x0 ../Controller_sw_bsp/\libhal_bsp.a(altera_avalon_uart_write.o)
 .bss           0x02018ee0        0x0 ../Controller_sw_bsp/\libhal_bsp.a(epcs_commands.o)
 .bss           0x02018ee0        0x0 ../Controller_sw_bsp/\libhal_bsp.a(alt_alarm_start.o)
 .bss           0x02018ee0        0x0 ../Controller_sw_bsp/\libhal_bsp.a(alt_dev_llist_insert.o)
 .bss           0x02018ee0        0x0 ../Controller_sw_bsp/\libhal_bsp.a(alt_do_ctors.o)
 .bss           0x02018ee0        0x0 ../Controller_sw_bsp/\libhal_bsp.a(alt_do_dtors.o)
 .bss           0x02018ee0        0x0 ../Controller_sw_bsp/\libhal_bsp.a(alt_exception_entry.o)
 .bss           0x02018ee0        0x0 ../Controller_sw_bsp/\libhal_bsp.a(alt_flash_dev.o)
 .bss           0x02018ee0        0x0 ../Controller_sw_bsp/\libhal_bsp.a(alt_io_redirect.o)
 .bss           0x02018ee0        0x0 ../Controller_sw_bsp/\libhal_bsp.a(alt_open.o)
 .bss           0x02018ee0        0x0 ../Controller_sw_bsp/\libhal_bsp.a(alt_tick.o)
 .bss           0x02018ee0        0x0 ../Controller_sw_bsp/\libhal_bsp.a(altera_nios2_qsys_irq.o)
 .bss           0x02018ee0        0x0 ../Controller_sw_bsp/\libhal_bsp.a(altera_avalon_spi.o)
 .bss           0x02018ee0        0x0 ../Controller_sw_bsp/\libhal_bsp.a(alt_find_dev.o)
 .bss           0x02018ee0        0x0 ../Controller_sw_bsp/\libhal_bsp.a(alt_find_file.o)
 .bss           0x02018ee0        0x0 ../Controller_sw_bsp/\libhal_bsp.a(alt_get_fd.o)
 .bss           0x02018ee0        0x0 c:/altera/13.1/nios2eds/bin/gnu/h-i686-mingw32/bin/../lib/gcc/nios2-elf/4.7.3/../../../../../H-i686-mingw32/nios2-elf/lib/mno-hw-mul\libc.a(lib_a-atexit.o)
 .bss           0x02018ee0        0x0 c:/altera/13.1/nios2eds/bin/gnu/h-i686-mingw32/bin/../lib/gcc/nios2-elf/4.7.3/../../../../../H-i686-mingw32/nios2-elf/lib/mno-hw-mul\libc.a(lib_a-exit.o)
 .bss           0x02018ee0        0x0 c:/altera/13.1/nios2eds/bin/gnu/h-i686-mingw32/bin/../lib/gcc/nios2-elf/4.7.3/../../../../../H-i686-mingw32/nios2-elf/lib/mno-hw-mul\libc.a(lib_a-memcmp.o)
 .bss           0x02018ee0        0x0 c:/altera/13.1/nios2eds/bin/gnu/h-i686-mingw32/bin/../lib/gcc/nios2-elf/4.7.3/../../../../../H-i686-mingw32/nios2-elf/lib/mno-hw-mul\libc.a(lib_a-__atexit.o)
 .bss           0x02018ee0        0x0 c:/altera/13.1/nios2eds/bin/gnu/h-i686-mingw32/bin/../lib/gcc/nios2-elf/4.7.3/../../../../../H-i686-mingw32/nios2-elf/lib/mno-hw-mul\libc.a(lib_a-__call_atexit.o)
 .bss           0x02018ee0        0x0 ../Controller_sw_bsp/\libhal_bsp.a(alt_exit.o)
 *(COMMON)
 COMMON         0x02018ee0      0x100 ../Controller_sw_bsp/\libhal_bsp.a(alt_irq_handler.o)
                0x02018ee0                alt_irq
 COMMON         0x02018fe0      0x190 c:/altera/13.1/nios2eds/bin/gnu/h-i686-mingw32/bin/../lib/gcc/nios2-elf/4.7.3/../../../../../H-i686-mingw32/nios2-elf/lib/mno-hw-mul\libc.a(lib_a-atexit.o)
                0x02018fe0                _atexit0
                0x02019170                . = ALIGN (0x4)
                0x02019170                __bss_end = ABSOLUTE (.)

.sdram          0x02019170        0x0
                0x02019170                PROVIDE (_alt_partition_sdram_start, ABSOLUTE (.))
 *(.sdram .sdram. sdram.*)
                0x02019170                . = ALIGN (0x4)
                0x02019170                PROVIDE (_alt_partition_sdram_end, ABSOLUTE (.))
                0x02019170                _end = ABSOLUTE (.)
                0x02019170                end = ABSOLUTE (.)
                0x02019170                __alt_stack_base = ABSOLUTE (.)
                0x02019170                PROVIDE (_alt_partition_sdram_load_addr, LOADADDR (.sdram))

.epcs           0x04001020        0x0
                0x04001020                PROVIDE (_alt_partition_epcs_start, ABSOLUTE (.))
 *(.epcs .epcs. epcs.*)
                0x04001020                . = ALIGN (0x4)
                0x04001020                PROVIDE (_alt_partition_epcs_end, ABSOLUTE (.))
                0x04001020                PROVIDE (_alt_partition_epcs_load_addr, LOADADDR (.epcs))

.stab
 *(.stab)

.stabstr
 *(.stabstr)

.stab.excl
 *(.stab.excl)

.stab.exclstr
 *(.stab.exclstr)

.stab.index
 *(.stab.index)

.stab.indexstr
 *(.stab.indexstr)

.comment        0x00000000       0x23
 *(.comment)
 .comment       0x00000000       0x23 obj/default/driver/Counter.o
                                 0x24 (size before relaxing)
 .comment       0x00000000       0x24 obj/default/driver/DisDriver.o
 .comment       0x00000000       0x24 obj/default/driver/FRAM.o
 .comment       0x00000000       0x24 obj/default/driver/KPLED.o
 .comment       0x00000000       0x24 obj/default/driver/comInterface.o
 .comment       0x00000000       0x24 obj/default/driver/coverPage.o
 .comment       0x00000000       0x24 obj/default/driver/delay.o
 .comment       0x00000000       0x24 obj/default/driver/loadWriteData.o
 .comment       0x00000000       0x24 obj/default/driver/powerFailure.o
 .comment       0x00000000       0x24 obj/default/driver/uart.o
 .comment       0x00000000       0x24 obj/default/main/TopMenu.o
 .comment       0x00000000       0x24 obj/default/main/main.o
 .comment       0x00000000       0x24 obj/default/menuComponent/FireMenu.o
 .comment       0x00000000       0x24 obj/default/menuComponent/HeaterWarmingUp.o
 .comment       0x00000000       0x24 obj/default/menuComponent/ParameterMenu.o
 .comment       0x00000000       0x24 obj/default/menuComponent/RemoteMenu.o
 .comment       0x00000000       0x24 obj/default/menuComponent/SaveLoadMenu.o
 .comment       0x00000000       0x24 obj/default/menuComponent/ShotCountersMenu.o
 .comment       0x00000000       0x24 obj/default/menuComponent/ShutdownMenu.o
 .comment       0x00000000       0x24 obj/default/menuComponent/StartupMenu.o
 .comment       0x00000000       0x24 obj/default/menuComponent/editNum10.o
 .comment       0x00000000       0x24 obj/default/menuComponent/editNum2.o
 .comment       0x00000000       0x24 obj/default/menuComponent/editNum5.o
 .comment       0x00000000       0x24 obj/default/menuComponent/enterPWD.o
 .comment       0x00000000       0x24 obj/default/menuComponent/errorCheck.o
 .comment       0x00000000       0x24 obj/default/menuComponent/pwdPage.o
 .comment       0x00000000       0x24 obj/default/menuComponent/repPage.o
 .comment       0x00000000       0x24 obj/default/menuComponent/shotPage.o
 .comment       0x00000000       0x24 obj/default/menuComponent/timingPage.o
 .comment       0x00000000       0x24 c:/altera/13.1/nios2eds/bin/gnu/h-i686-mingw32/bin/../lib/gcc/nios2-elf/4.7.3/mno-hw-mul\libgcc.a(_fixunsdfsi.o)
 .comment       0x00000000       0x24 c:/altera/13.1/nios2eds/bin/gnu/h-i686-mingw32/bin/../lib/gcc/nios2-elf/4.7.3/mno-hw-mul\libgcc.a(_addsub_df.o)
 .comment       0x00000000       0x24 c:/altera/13.1/nios2eds/bin/gnu/h-i686-mingw32/bin/../lib/gcc/nios2-elf/4.7.3/mno-hw-mul\libgcc.a(_ge_df.o)
 .comment       0x00000000       0x24 c:/altera/13.1/nios2eds/bin/gnu/h-i686-mingw32/bin/../lib/gcc/nios2-elf/4.7.3/mno-hw-mul\libgcc.a(_df_to_si.o)
 .comment       0x00000000       0x24 c:/altera/13.1/nios2eds/bin/gnu/h-i686-mingw32/bin/../lib/gcc/nios2-elf/4.7.3/mno-hw-mul\libgcc.a(_thenan_df.o)
 .comment       0x00000000       0x24 c:/altera/13.1/nios2eds/bin/gnu/h-i686-mingw32/bin/../lib/gcc/nios2-elf/4.7.3/mno-hw-mul\libgcc.a(_usi_to_df.o)
 .comment       0x00000000       0x24 c:/altera/13.1/nios2eds/bin/gnu/h-i686-mingw32/bin/../lib/gcc/nios2-elf/4.7.3/mno-hw-mul\libgcc.a(lib2-divmod.o)