Archive member included because of file (symbol)

c:/altera/13.1/nios2eds/bin/gnu/h-i686-mingw32/bin/../lib/gcc/nios2-elf/4.7.3/mno-hw-mul\libgcc.a(_fixunsdfsi.o)
                              obj/default/driver/uart.o (__fixunsdfsi)
c:/altera/13.1/nios2eds/bin/gnu/h-i686-mingw32/bin/../lib/gcc/nios2-elf/4.7.3/mno-hw-mul\libgcc.a(_addsub_df.o)
                              obj/default/driver/uart.o (__adddf3)
c:/altera/13.1/nios2eds/bin/gnu/h-i686-mingw32/bin/../lib/gcc/nios2-elf/4.7.3/mno-hw-mul\libgcc.a(_ge_df.o)
                              c:/altera/13.1/nios2eds/bin/gnu/h-i686-mingw32/bin/../lib/gcc/nios2-elf/4.7.3/mno-hw-mul\libgcc.a(_fixunsdfsi.o) (__gedf2)
c:/altera/13.1/nios2eds/bin/gnu/h-i686-mingw32/bin/../lib/gcc/nios2-elf/4.7.3/mno-hw-mul\libgcc.a(_df_to_si.o)
                              c:/altera/13.1/nios2eds/bin/gnu/h-i686-mingw32/bin/../lib/gcc/nios2-elf/4.7.3/mno-hw-mul\libgcc.a(_fixunsdfsi.o) (__fixdfsi)
c:/altera/13.1/nios2eds/bin/gnu/h-i686-mingw32/bin/../lib/gcc/nios2-elf/4.7.3/mno-hw-mul\libgcc.a(_thenan_df.o)
                              c:/altera/13.1/nios2eds/bin/gnu/h-i686-mingw32/bin/../lib/gcc/nios2-elf/4.7.3/mno-hw-mul\libgcc.a(_addsub_df.o) (__thenan_df)
c:/altera/13.1/nios2eds/bin/gnu/h-i686-mingw32/bin/../lib/gcc/nios2-elf/4.7.3/mno-hw-mul\libgcc.a(_usi_to_df.o)
                              obj/default/driver/uart.o (__floatunsidf)
c:/altera/13.1/nios2eds/bin/gnu/h-i686-mingw32/bin/../lib/gcc/nios2-elf/4.7.3/mno-hw-mul\libgcc.a(lib2-divmod.o)
                              obj/default/driver/uart.o (__udivsi3)
c:/altera/13.1/nios2eds/bin/gnu/h-i686-mingw32/bin/../lib/gcc/nios2-elf/4.7.3/mno-hw-mul\libgcc.a(lib2-mul.o)
                              obj/default/menuComponent/editNum10.o (__mulsi3)
c:/altera/13.1/nios2eds/bin/gnu/h-i686-mingw32/bin/../lib/gcc/nios2-elf/4.7.3/mno-hw-mul\libgcc.a(_clzsi2.o)
                              c:/altera/13.1/nios2eds/bin/gnu/h-i686-mingw32/bin/../lib/gcc/nios2-elf/4.7.3/mno-hw-mul\libgcc.a(_usi_to_df.o) (__clzsi2)
c:/altera/13.1/nios2eds/bin/gnu/h-i686-mingw32/bin/../lib/gcc/nios2-elf/4.7.3/mno-hw-mul\libgcc.a(_pack_df.o)
                              c:/altera/13.1/nios2eds/bin/gnu/h-i686-mingw32/bin/../lib/gcc/nios2-elf/4.7.3/mno-hw-mul\libgcc.a(_addsub_df.o) (__pack_d)
c:/altera/13.1/nios2eds/bin/gnu/h-i686-mingw32/bin/../lib/gcc/nios2-elf/4.7.3/mno-hw-mul\libgcc.a(_unpack_df.o)
                              c:/altera/13.1/nios2eds/bin/gnu/h-i686-mingw32/bin/../lib/gcc/nios2-elf/4.7.3/mno-hw-mul\libgcc.a(_addsub_df.o) (__unpack_d)
c:/altera/13.1/nios2eds/bin/gnu/h-i686-mingw32/bin/../lib/gcc/nios2-elf/4.7.3/mno-hw-mul\libgcc.a(_fpcmp_parts_df.o)
                              c:/altera/13.1/nios2eds/bin/gnu/h-i686-mingw32/bin/../lib/gcc/nios2-elf/4.7.3/mno-hw-mul\libgcc.a(_ge_df.o) (__fpcmp_parts_d)
c:/altera/13.1/nios2eds/bin/gnu/h-i686-mingw32/bin/../lib/gcc/nios2-elf/4.7.3/mno-hw-mul\libgcc.a(_lshrdi3.o)
                              c:/altera/13.1/nios2eds/bin/gnu/h-i686-mingw32/bin/../lib/gcc/nios2-elf/4.7.3/mno-hw-mul\libgcc.a(_pack_df.o) (__lshrdi3)
c:/altera/13.1/nios2eds/bin/gnu/h-i686-mingw32/bin/../lib/gcc/nios2-elf/4.7.3/mno-hw-mul\libgcc.a(_ashldi3.o)
                              c:/altera/13.1/nios2eds/bin/gnu/h-i686-mingw32/bin/../lib/gcc/nios2-elf/4.7.3/mno-hw-mul\libgcc.a(_pack_df.o) (__ashldi3)
c:/altera/13.1/nios2eds/bin/gnu/h-i686-mingw32/bin/../lib/gcc/nios2-elf/4.7.3/mno-hw-mul\libgcc.a(_clz.o)
                              c:/altera/13.1/nios2eds/bin/gnu/h-i686-mingw32/bin/../lib/gcc/nios2-elf/4.7.3/mno-hw-mul\libgcc.a(_clzsi2.o) (__clz_tab)
c:/altera/13.1/nios2eds/bin/gnu/h-i686-mingw32/bin/../lib/gcc/nios2-elf/4.7.3/../../../../../H-i686-mingw32/nios2-elf/lib/mno-hw-mul\libc.a(lib_a-printf.o)
                              obj/default/driver/FRAM.o (printf)
c:/altera/13.1/nios2eds/bin/gnu/h-i686-mingw32/bin/../lib/gcc/nios2-elf/4.7.3/../../../../../H-i686-mingw32/nios2-elf/lib/mno-hw-mul\libc.a(lib_a-puts.o)
                              obj/default/main/TopMenu.o (puts)
c:/altera/13.1/nios2eds/bin/gnu/h-i686-mingw32/bin/../lib/gcc/nios2-elf/4.7.3/../../../../../H-i686-mingw32/nios2-elf/lib/mno-hw-mul\libc.a(lib_a-sprintf.o)
                              obj/default/menuComponent/timingPage.o (sprintf)
c:/altera/13.1/nios2eds/bin/gnu/h-i686-mingw32/bin/../lib/gcc/nios2-elf/4.7.3/../../../../../H-i686-mingw32/nios2-elf/lib/mno-hw-mul\libc.a(lib_a-strlen.o)
                              c:/altera/13.1/nios2eds/bin/gnu/h-i686-mingw32/bin/../lib/gcc/nios2-elf/4.7.3/../../../../../H-i686-mingw32/nios2-elf/lib/mno-hw-mul\libc.a(lib_a-puts.o) (strlen)
c:/altera/13.1/nios2eds/bin/gnu/h-i686-mingw32/bin/../lib/gcc/nios2-elf/4.7.3/../../../../../H-i686-mingw32/nios2-elf/lib/mno-hw-mul\libc.a(lib_a-vfprintf.o)
[...]
Memory Configuration

Name             Origin             Length             Attributes
sdram_BEFORE_EXCEPTION 0x02000000         0x00000020
sdram            0x02000020         0x01ffffe0
reset            0x04001000         0x00000020
epcs             0x04001020         0x000007e0
*default*        0x00000000         0xffffffff

Linker script and memory map

LOAD ../Controller_sw_bsp//obj/HAL/src/crt0.o
LOAD obj/default/driver/Counter.o
LOAD obj/default/driver/DisDriver.o
LOAD obj/default/driver/FRAM.o
LOAD obj/default/driver/KPLED.o
LOAD obj/default/driver/comInterface.o
LOAD obj/default/driver/coverPage.o
LOAD obj/default/driver/delay.o
LOAD obj/default/driver/loadWriteData.o
LOAD obj/default/driver/powerFailure.o
LOAD obj/default/driver/uart.o
LOAD obj/default/main/TopMenu.o
LOAD obj/default/main/main.o
LOAD obj/default/menuComponent/FireMenu.o
LOAD obj/default/menuComponent/HeaterWarmingUp.o
LOAD obj/default/menuComponent/ParameterMenu.o
LOAD obj/default/menuComponent/RemoteMenu.o
LOAD obj/default/menuComponent/SaveLoadMenu.o
LOAD obj/default/menuComponent/ShotCountersMenu.o
LOAD obj/default/menuComponent/ShutdownMenu.o
LOAD obj/default/menuComponent/StartupMenu.o
LOAD obj/default/menuComponent/editNum10.o
LOAD obj/default/menuComponent/editNum2.o
LOAD obj/default/menuComponent/editNum5.o
LOAD obj/default/menuComponent/enterPWD.o
LOAD obj/default/menuComponent/errorCheck.o
LOAD obj/default/menuComponent/pwdPage.o
LOAD obj/default/menuComponent/repPage.o
LOAD obj/default/menuComponent/shotPage.o
LOAD obj/default/menuComponent/timingPage.o
LOAD c:/altera/13.1/nios2eds/bin/gnu/h-i686-mingw32/bin/../lib/gcc/nios2-elf/4.7.3/../../../../../H-i686-mingw32/nios2-elf/lib/mno-hw-mul\libstdc++.a
LOAD c:/altera/13.1/nios2eds/bin/gnu/h-i686-mingw32/bin/../lib/gcc/nios2-elf/4.7.3/../../../../../H-i686-mingw32/nios2-elf/lib/mno-hw-mul\libm.a
LOAD c:/altera/13.1/nios2eds/bin/gnu/h-i686-mingw32/bin/../lib/gcc/nios2-elf/4.7.3/mno-hw-mul\libgcc.a
START GROUP
LOAD c:/altera/13.1/nios2eds/bin/gnu/h-i686-mingw32/bin/../lib/gcc/nios2-elf/4.7.3/../../../../../H-i686-mingw32/nios2-elf/lib/mno-hw-mul\libc.a
LOAD c:/altera/13.1/nios2eds/bin/gnu/h-i686-mingw32/bin/../lib/gcc/nios2-elf/4.7.3/mno-hw-mul\libgcc.a
LOAD ../Controller_sw_bsp/\libhal_bsp.a
END GROUP
LOAD c:/altera/13.1/nios2eds/bin/gnu/h-i686-mingw32/bin/../lib/gcc/nios2-elf/4.7.3/mno-hw-mul\libgcc.a
                0x02000000                __alt_mem_sdram = 0x2000000
                0x04001000                __alt_mem_epcs = 0x4001000

.entry          0x04001000        0x0
 *(.entry)
 .entry         0x04001000        0x0 ../Controller_sw_bsp//obj/HAL/src/crt0.o
                0x04001000                __reset

.exceptions     0x02000020      0x198
                0x02000020                PROVIDE (__ram_exceptions_start, ABSOLUTE (.))
                0x02000020                . = ALIGN (0x20)
 *(.irq)
 *(.exceptions.entry.label)
 .exceptions.entry.label
                0x02000020        0x0 ../Controller_sw_bsp/\libhal_bsp.a(alt_irq_entry.o)
                0x02000020                alt_irq_entry
 .exceptions.entry.label
                0x02000020        0x0 ../Controller_sw_bsp/\libhal_bsp.a(alt_exception_entry.o)
                0x02000020                alt_exception
 *(.exceptions.entry.user)
 *(.exceptions.entry.ecc_fatal)
 *(.exceptions.entry)
 .exceptions.entry
                0x02000020       0x54 ../Controller_sw_bsp/\libhal_bsp.a(alt_exception_entry.o)
 *(.exceptions.irqtest.user)
 *(.exceptions.irqtest)
 .exceptions.irqtest
                0x02000074       0x10 ../Controller_sw_bsp/\libhal_bsp.a(alt_irq_entry.o)
 *(.exceptions.irqhandler.user)
 *(.exceptions.irqhandler)
 .exceptions.irqhandler
                0x02000084        0x4 ../Controller_sw_bsp/\libhal_bsp.a(alt_irq_entry.o)
 *(.exceptions.irqreturn.user)
 *(.exceptions.irqreturn)
 .exceptions.irqreturn
                0x02000088        0x4 ../Controller_sw_bsp/\libhal_bsp.a(alt_irq_entry.o)
 *(.exceptions.notirq.label)
 .exceptions.notirq.label
                0x0200008c        0x0 ../Controller_sw_bsp/\libhal_bsp.a(alt_irq_entry.o)
 *(.exceptions.notirq.user)
 *(.exceptions.notirq)
 .exceptions.notirq
                0x0200008c        0x8 ../Controller_sw_bsp/\libhal_bsp.a(alt_exception_entry.o)
 *(.exceptions.soft.user)
 *(.exceptions.soft)
 *(.exceptions.unknown.user)
 *(.exceptions.unknown)
 .exceptions.unknown
                0x02000094        0x4 ../Controller_sw_bsp/\libhal_bsp.a(alt_exception_entry.o)
 *(.exceptions.exit.label)
 .exceptions.exit.label
                0x02000098        0x0 ../Controller_sw_bsp/\libhal_bsp.a(alt_irq_entry.o)
 .exceptions.exit.label
                0x02000098        0x0 ../Controller_sw_bsp/\libhal_bsp.a(alt_exception_entry.o)
 *(.exceptions.exit.user)
 *(.exceptions.exit)
 .exceptions.exit
                0x02000098       0x54 ../Controller_sw_bsp/\libhal_bsp.a(alt_exception_entry.o)
 *(.exceptions)
 .exceptions    0x020000ec       0xcc ../Controller_sw_bsp/\libhal_bsp.a(alt_irq_handler.o)
                0x020000ec                alt_irq_handler
                0x020001b8                PROVIDE (__ram_exceptions_end, ABSOLUTE (.))
                0x02000020                PROVIDE (__flash_exceptions_start, LOADADDR (.exceptions))

.text           0x020001b8    0x16364
                0x020001b8                PROVIDE (stext, ABSOLUTE (.))
 *(.interp)
 *(.hash)
 *(.dynsym)
 *(.dynstr)
 *(.gnu.version)
 *(.gnu.version_d)
 *(.gnu.version_r)
 *(.rel.init)
 *(.rela.init)
 *(.rel.text .rel.text.* .rel.gnu.linkonce.t.*)
 *(.rela.text .rela.text.* .rela.gnu.linkonce.t.*)
 *(.rel.fini)
 *(.rela.fini)
 *(.rel.rodata .rel.rodata.* .rel.gnu.linkonce.r.*)
 *(.rela.rodata .rela.rodata.* .rela.gnu.linkonce.r.*)
 *(.rel.data .rel.data.* .rel.gnu.linkonce.d.*)
 *(.rela.data .rela.data.* .rela.gnu.linkonce.d.*)
 *(.rel.tdata .rel.tdata.* .rel.gnu.linkonce.td.*)
 *(.rela.tdata .rela.tdata.* .rela.gnu.linkonce.td.*)
 *(.rel.tbss .rel.tbss.* .rel.gnu.linkonce.tb.*)
 *(.rela.tbss .rela.tbss.* .rela.gnu.linkonce.tb.*)
 *(.rel.ctors)
 *(.rela.ctors)
 *(.rel.dtors)
 *(.rela.dtors)
 *(.rel.got)
 *(.rela.got)
 *(.rel.sdata .rel.sdata.* .rel.gnu.linkonce.s.*)
 *(.rela.sdata .rela.sdata.* .rela.gnu.linkonce.s.*)
 *(.rel.sbss .rel.sbss.* .rel.gnu.linkonce.sb.*)
 *(.rela.sbss .rela.sbss.* .rela.gnu.linkonce.sb.*)
 *(.rel.sdata2 .rel.sdata2.* .rel.gnu.linkonce.s2.*)
 *(.rela.sdata2 .rela.sdata2.* .rela.gnu.linkonce.s2.*)
 *(.rel.sbss2 .rel.sbss2.* .rel.gnu.linkonce.sb2.*)
 *(.rela.sbss2 .rela.sbss2.* .rela.gnu.linkonce.sb2.*)
 *(.rel.bss .rel.bss.* .rel.gnu.linkonce.b.*)
 *(.rela.bss .rela.bss.* .rela.gnu.linkonce.b.*)
 *(.rel.plt)
 *(.rela.plt)
 *(.rel.dyn)
 *(.init)
 *(.plt)
 *(.text .stub .text.* .gnu.linkonce.t.*)
 .text          0x020001b8       0x38 ../Controller_sw_bsp//obj/HAL/src/crt0.o
                0x020001b8                _start
 .text          0x020001f0      0x1b0 obj/default/driver/Counter.o
                0x020001f0                CounterInit
                0x0200026c                getCounter0Val
                0x0200029c                getCounter1Val
                0x020002cc                SaveCounterToFRAM
                0x02000328                resetCounter1
 .text          0x020003a0      0x380 obj/default/driver/DisDriver.o
                0x020003a0                DisWrData
                0x02000418                DisWrInst
                0x0200048c                DisInit
                0x020004fc                DisShowCur
                0x02000540                DisCurPos
                0x02000600                DisWrStr
                0x02000678                DisClear
                0x020006ac                DisClearRow
                0x020006f4                DisOff
 .text          0x02000720      0x6e4 obj/default/driver/FRAM.o
                0x02000720                FRAM_SendByte
                0x02000938                FRAM_ReadByte
                0x02000b5c                FRAM_Write32Bits
                0x02000c88                FRAM_Read32Bits
                0x02000d90                FRAM_test
 .text          0x02000e04      0x5d0 obj/default/driver/KPLED.o
                0x02000e04                KPLED_getStatus
                0x02000e24                KPLED_setStatus
                0x02000e88                KPLED_All_Bright
                0x02000ee4                KPLED_All_Dim
                0x02000f40                KPLED_All_Off
                0x02000f9c                KPLED_Numbers
                0x02001020                KPLED_RightArrow
                0x020010ac                KPLED_LeftArrow
                0x02001134                KPLED_Menu
                0x020011bc                KPLED_Edit
                0x02001244                KPLED_Enter
                0x020012cc                KPLED_Enable
                0x02001354                KPLED_Fire
 .text          0x020013d4      0x504 obj/default/driver/comInterface.o
                0x020013d4                UartInit
                0x02001408                WriteRAM32Bits
                0x020014e0                ReadRAM32Bits
                0x020016ac                WriteEEPROM8Bits
                0x02001724                WriteEEPROM32Bits
                0x020017f8                Fire
                0x02001840                Stop
                0x02001888                ResetRAMFromEEPROM
 .text          0x020018d8      0x104 obj/default/driver/coverPage.o
                0x020018d8                showCoverPage
 .text          0x020019dc       0x60 obj/default/driver/delay.o
                0x020019dc                delay
 .text          0x02001a3c      0x300 obj/default/driver/loadWriteData.o
                0x02001a3c                loadData
                0x02001a68                LoadRAMRepRate
                0x02001a94                LoadRAMShots
                0x02001ac0                LoadRAMStartTime
                0x02001b00                LoadRAMEndTime
                0x02001b40                LoadCounter0Init
                0x02001b6c                LoadCounter1Init
                0x02001b98                WriteRAMRepRate
                0x02001bcc                WriteRAMShots
                0x02001c00                WriteRAMStartTime
                0x02001c4c                WriteRAMEndTime
                0x02001c98                reloadRegisters
 .text          0x02001d3c      0x1a0 obj/default/driver/powerFailure.o
                0x02001e7c                PowerFailure_Init
 .text          0x02001edc      0x25c obj/default/driver/uart.o
 .text          0x02002138      0x438 obj/default/main/TopMenu.o
                0x02002138                initController
                0x0200223c                refreshTopMenuEntry
                0x02002328                enterTopMenuPage
                0x020023e0                TopMenu
 .text          0x02002570       0x2c obj/default/main/main.o
                0x02002570                main
 .text          0x0200259c      0xe88 obj/default/menuComponent/FireMenu.o
                0x0200259c                entryFireMenu
                0x02002654                PreFiringErrChk
                0x020028bc                showFiringInformation
                0x02002974                PreionFaultHandler
                0x02002a00                PauseSequence
                0x02002d64                StopFiring
                0x02002e30                StartFiring
                0x020031c0                enterFireMenu
                0x02003370                ShowInterlockMessage
 .text          0x02003424       0xa8 obj/default/menuComponent/HeaterWarmingUp.o
                0x02003424                printTime
                0x020034ac                checkHeater
 .text          0x020034cc      0x338 obj/default/menuComponent/ParameterMenu.o
                0x020034cc                entryParameterMenu
                0x020035a0                refreshParameterMenuEntry
                0x02003608                editParameter
                0x02003670                enterParameterMenu
 .text          0x02003804      0x310 obj/default/menuComponent/RemoteMenu.o
                0x02003804                StartRemoteCtrl
                0x0200392c                entryRemoteMenu
                0x020039e4                enterRemoteMenu
 .text          0x02003b14      0x728 obj/default/menuComponent/SaveLoadMenu.o
                0x02003b14                entrySaveLoadMenu
                0x02003bcc                SaveToEEPROM
                0x02003cd8                refreshSaveLoadMenuPage
                0x02003e10                enterSaveLoadMenuPage
                0x020040b4                enterSaveLoadMenu
 .text          0x0200423c      0x570 obj/default/menuComponent/ShotCountersMenu.o
                0x0200423c                entryShotCountersMenu
                0x020042ec                refreshShotCountersMenuPage
                0x0200447c                editShotCountersMenuPage
                0x02004624                enterShotCountersMenu
 .text          0x020047ac      0x6ec obj/default/menuComponent/ShutdownMenu.o
                0x020047ac                getShutdownInst
                0x02004924                entryShutdownMenu
                0x020049dc                confirmShutdown
                0x02004b30                refreshShutdownMenuPage
                0x02004c4c                enterShutdownMenu
 .text          0x02004e98      0x5b8 obj/default/menuComponent/StartupMenu.o
                0x02004e98                getStartupInst
                0x02005088                startupAction
                0x0200512c                entryStartupMenu
                0x020051e4                refreshStartupMenuPage
                0x02005300                enterStartupMenu
 .text          0x02005450      0xe14 obj/default/menuComponent/editNum10.o
                0x02005450                Num10toStr10
                0x020056a0                Str10toDis10
                0x020057a4                Num10Check
                0x02005ab4                Dis10toNum10
                0x02005d34                refreshButtonBarNum10
                0x02005e00                editNum10
 .text          0x02006264      0x534 obj/default/menuComponent/editNum2.o
                0x02006264                Num2toStr2
                0x020062f8                Str2toNum2
                0x02006384                refreshButtonBarNum2
                0x02006450                editNum2
 .text          0x02006798      0x694 obj/default/menuComponent/editNum5.o
                0x02006798                Num5toStr5
                0x020068d4                Str5toNum5
                0x02006a18                refreshButtonBarNum5
                0x02006ae4                editNum5
 .text          0x02006e2c      0x634 obj/default/menuComponent/enterPWD.o
                0x02006e2c                checkPWD
                0x02006f2c                refreshButtonBarPWD
                0x02006ff8                enterPWD
 .text          0x02007460      0xa80 obj/default/menuComponent/errorCheck.o
                0x02007460                getErrFlag
                0x02007500                chkEditedParameter
                0x02007574                chkSingleTiming
                0x02007bf8                refreshErrFlags
                0x02007cdc                chkAllTiming
                0x02007d7c                chkLeftTiming
                0x02007e28                chkRightTiming
 .text          0x02007ee0       0xcc obj/default/menuComponent/pwdPage.o
                0x02007ee0                enterPWDPage
 .text          0x02007fac      0x1ac obj/default/menuComponent/repPage.o
                0x02007fac                entryParameterRepRate
                0x02008088                editParameterRepRate
 .text          0x02008158      0x18c obj/default/menuComponent/shotPage.o
                0x02008158                entryParameterNumOfShots
                0x02008238                editParameterNumOfShot
 .text          0x020082e4      0x8c4 obj/default/menuComponent/timingPage.o
                0x020082e4                convertChnlTitle
                0x020083cc                entryParameterTiming
                0x02008604                editParamterTiming
 .text          0x02008ba8       0x84 c:/altera/13.1/nios2eds/bin/gnu/h-i686-mingw32/bin/../lib/gcc/nios2-elf/4.7.3/mno-hw-mul\libgcc.a(_fixunsdfsi.o)
                0x02008ba8                __fixunsdfsi
 .text          0x02008c2c      0x408 c:/altera/13.1/nios2eds/bin/gnu/h-i686-mingw32/bin/../lib/gcc/nios2-elf/4.7.3/mno-hw-mul\libgcc.a(_addsub_df.o)
                0x02008f80                __adddf3
                0x02008fd4                __subdf3
 .text          0x02009034       0x64 c:/altera/13.1/nios2eds/bin/gnu/h-i686-mingw32/bin/../lib/gcc/nios2-elf/4.7.3/mno-hw-mul\libgcc.a(_ge_df.o)
                0x02009034                __gedf2
 .text          0x02009098       0xd4 c:/altera/13.1/nios2eds/bin/gnu/h-i686-mingw32/bin/../lib/gcc/nios2-elf/4.7.3/mno-hw-mul\libgcc.a(_df_to_si.o)
                0x02009098                __fixdfsi
 .text          0x0200916c        0x0 c:/altera/13.1/nios2eds/bin/gnu/h-i686-mingw32/bin/../lib/gcc/nios2-elf/4.7.3/mno-hw-mul\libgcc.a(_thenan_df.o)
 .text          0x0200916c      0x11c c:/altera/13.1/nios2eds/bin/gnu/h-i686-mingw32/bin/../lib/gcc/nios2-elf/4.7.3/mno-hw-mul\libgcc.a(_usi_to_df.o)
                0x0200916c                __floatunsidf
 .text          0x02009288      0x130 c:/altera/13.1/nios2eds/bin/gnu/h-i686-mingw32/bin/../lib/gcc/nios2-elf/4.7.3/mno-hw-mul\libgcc.a(lib2-divmod.o)
                0x020092fc                __divsi3
                0x0200934c                __modsi3
                0x020093a8                __udivsi3
                0x020093b0                __umodsi3
 .text          0x020093b8       0x28 c:/altera/13.1/nios2eds/bin/gnu/h-i686-mingw32/bin/../lib/gcc/nios2-elf/4.7.3/mno-hw-mul\libgcc.a(lib2-mul.o)
                0x020093b8                __mulsi3
 .text          0x020093e0       0xac c:/altera/13.1/nios2eds/bin/gnu/h-i686-mingw32/bin/../lib/gcc/nios2-elf/4.7.3/mno-hw-mul\libgcc.a(_clzsi2.o)
                0x020093e0                __clzsi2
 .text          0x0200948c      0x224 c:/altera/13.1/nios2eds/bin/gnu/h-i686-mingw32/bin/../lib/gcc/nios2-elf/4.7.3/mno-hw-mul\libgcc.a(_pack_df.o)
                0x0200948c                __pack_d
 .text          0x020096b0      0x104 c:/altera/13.1/nios2eds/bin/gnu/h-i686-mingw32/bin/../lib/gcc/nios2-elf/4.7.3/mno-hw-mul\libgcc.a(_unpack_df.o)
                0x020096b0                __unpack_d
 .text          0x020097b4       0xd0 c:/altera/13.1/nios2eds/bin/gnu/h-i686-mingw32/bin/../lib/gcc/nios2-elf/4.7.3/mno-hw-mul\libgcc.a(_fpcmp_parts_df.o)
                0x020097b4                __fpcmp_parts_d
 .text          0x02009884       0x44 c:/altera/13.1/nios2eds/bin/gnu/h-i686-mingw32/bin/../lib/gcc/nios2-elf/4.7.3/mno-hw-mul\libgcc.a(_lshrdi3.o)
                0x02009884                __lshrdi3
 .text          0x020098c8       0x44 c:/altera/13.1/nios2eds/bin/gnu/h-i686-mingw32/bin/../lib/gcc/nios2-elf/4.7.3/mno-hw-mul\libgcc.a(_ashldi3.o)
                0x020098c8                __ashldi3
 .text          0x0200990c        0x0 c:/altera/13.1/nios2eds/bin/gnu/h-i686-mingw32/bin/../lib/gcc/nios2-elf/4.7.3/mno-hw-mul\libgcc.a(_clz.o)
 .text          0x0200990c       0x68 c:/altera/13.1/nios2eds/bin/gnu/h-i686-mingw32/bin/../lib/gcc/nios2-elf/4.7.3/../../../../../H-i686-mingw32/nios2-elf/lib/mno-hw-mul\libc.a(lib_a-printf.o)
                0x0200990c                _printf_r
                0x02009938                printf
 .text          0x02009974       0x98 c:/altera/13.1/nios2eds/bin/gnu/h-i686-mingw32/bin/../lib/gcc/nios2-elf/4.7.3/../../../../../H-i686-mingw32/nios2-elf/lib/mno-hw-mul\libc.a(lib_a-puts.o)
                0x02009974                _puts_r
                0x020099f8                puts
 .text          0x02009a0c       0xc4 c:/altera/13.1/nios2eds/bin/gnu/h-i686-mingw32/bin/../lib/gcc/nios2-elf/4.7.3/../../../../../H-i686-mingw32/nios2-elf/lib/mno-hw-mul\libc.a(lib_a-sprintf.o)
                0x02009a0c                _sprintf_r
                0x02009a64                sprintf
 .text          0x02009ad0       0x8c c:/altera/13.1/nios2eds/bin/gnu/h-i686-mingw32/bin/../lib/gcc/nios2-elf/4.7.3/../../../../../H-i686-mingw32/nios2-elf/lib/mno-hw-mul\libc.a(lib_a-strlen.o)
                0x02009ad0                strlen
 .text          0x02009b5c     0x1ed4 c:/altera/13.1/nios2eds/bin/gnu/h-i686-mingw32/bin/../lib/gcc/nios2-elf/4.7.3/../../../../../H-i686-mingw32/nios2-elf/lib/mno-hw-mul\libc.a(lib_a-vfprintf.o)
                0x02009b90                ___vfprintf_internal_r
                0x0200ba0c                __vfprintf_internal
 .text          0x0200ba30      0x174 c:/altera/13.1/nios2eds/bin/gnu/h-i686-mingw32/bin/../lib/gcc/nios2-elf/4.7.3/../../../../../H-i686-mingw32/nios2-elf/lib/mno-hw-mul\libc.a(lib_a-wsetup.o)
                0x0200ba30                __swsetup_r
 .text          0x0200bba4     0x1858 c:/altera/13.1/nios2eds/bin/gnu/h-i686-mingw32/bin/../lib/gcc/nios2-elf/4.7.3/../../../../../H-i686-mingw32/nios2-elf/lib/mno-hw-mul\libc.a(lib_a-dtoa.o)
                0x0200bde0                _dtoa_r
 .text          0x0200d3fc      0x218 c:/altera/13.1/nios2eds/bin/gnu/h-i686-mingw32/bin/../lib/gcc/nios2-elf/4.7.3/../../../../../H-i686-mingw32/nios2-elf/lib/mno-hw-mul\libc.a(lib_a-fflush.o)
                0x0200d3fc                _fflush_r
                0x0200d5e4                fflush
 .text          0x0200d614      0x2ec c:/altera/13.1/nios2eds/bin/gnu/h-i686-mingw32/bin/../lib/gcc/nios2-elf/4.7.3/../../../../../H-i686-mingw32/nios2-elf/lib/mno-hw-mul\libc.a(lib_a-findfp.o)
                0x0200d624                _cleanup_r
                0x0200d630                __sfmoreglue
                0x0200d6a8                _cleanup
                0x0200d6b8                __sinit
                0x0200d7c4                __sfp
                0x0200d8c0                __sfp_lock_acquire
                0x0200d8c4                __sfp_lock_release
                0x0200d8c8                __sinit_lock_acquire
                0x0200d8cc                __sinit_lock_release
                0x0200d8d0                __fp_lock_all
                0x0200d8e8                __fp_unlock_all
 .text          0x0200d900      0x40c c:/altera/13.1/nios2eds/bin/gnu/h-i686-mingw32/bin/../lib/gcc/nios2-elf/4.7.3/../../../../../H-i686-mingw32/nios2-elf/lib/mno-hw-mul\libc.a(lib_a-freer.o)
                0x0200d900                _malloc_trim_r
                0x0200da3c                _free_r
 .text          0x0200dd0c      0x4e4 c:/altera/13.1/nios2eds/bin/gnu/h-i686-mingw32/bin/../lib/gcc/nios2-elf/4.7.3/../../../../../H-i686-mingw32/nios2-elf/lib/mno-hw-mul\libc.a(lib_a-fvwrite.o)
                0x0200dd0c                __sfvwrite_r
 .text          0x0200e1f0      0x160 c:/altera/13.1/nios2eds/bin/gnu/h-i686-mingw32/bin/../lib/gcc/nios2-elf/4.7.3/../../../../../H-i686-mingw32/nios2-elf/lib/mno-hw-mul\libc.a(lib_a-fwalk.o)
                0x0200e1f0                _fwalk
                0x0200e298                _fwalk_reent
 .text          0x0200e350        0x0 c:/altera/13.1/nios2eds/bin/gnu/h-i686-mingw32/bin/../lib/gcc/nios2-elf/4.7.3/../../../../../H-i686-mingw32/nios2-elf/lib/mno-hw-mul\libc.a(lib_a-impure.o)
 .text          0x0200e350       0xdc c:/altera/13.1/nios2eds/bin/gnu/h-i686-mingw32/bin/../lib/gcc/nios2-elf/4.7.3/../../../../../H-i686-mingw32/nios2-elf/lib/mno-hw-mul\libc.a(lib_a-locale.o)
                0x0200e350                _setlocale_r
                0x0200e3ec                __locale_charset
                0x0200e3f8                _localeconv_r
                0x0200e404                setlocale
                0x0200e420                localeconv
 .text          0x0200e42c      0x1a8 c:/altera/13.1/nios2eds/bin/gnu/h-i686-mingw32/bin/../lib/gcc/nios2-elf/4.7.3/../../../../../H-i686-mingw32/nios2-elf/lib/mno-hw-mul\libc.a(lib_a-makebuf.o)
                0x0200e42c                __smakebuf_r
 .text          0x0200e5d4      0x784 c:/altera/13.1/nios2eds/bin/gnu/h-i686-mingw32/bin/../lib/gcc/nios2-elf/4.7.3/../../../../../H-i686-mingw32/nios2-elf/lib/mno-hw-mul\libc.a(lib_a-mallocr.o)
                0x0200e5d4                _malloc_r
 .text          0x0200ed58       0xf8 c:/altera/13.1/nios2eds/bin/gnu/h-i686-mingw32/bin/../lib/gcc/nios2-elf/4.7.3/../../../../../H-i686-mingw32/nios2-elf/lib/mno-hw-mul\libc.a(lib_a-memchr.o)
                0x0200ed58                memchr
 .text          0x0200ee50      0x140 c:/altera/13.1/nios2eds/bin/gnu/h-i686-mingw32/bin/../lib/gcc/nios2-elf/4.7.3/../../../../../H-i686-mingw32/nios2-elf/lib/mno-hw-mul\libc.a(lib_a-memcpy.o)
                0x0200ee50                memcpy
 .text          0x0200ef90      0x18c c:/altera/13.1/nios2eds/bin/gnu/h-i686-mingw32/bin/../lib/gcc/nios2-elf/4.7.3/../../../../../H-i686-mingw32/nios2-elf/lib/mno-hw-mul\libc.a(lib_a-memmove.o)
                0x0200ef90                memmove
 .text          0x0200f11c       0xdc c:/altera/13.1/nios2eds/bin/gnu/h-i686-mingw32/bin/../lib/gcc/nios2-elf/4.7.3/../../../../../H-i686-mingw32/nios2-elf/lib/mno-hw-mul\libc.a(lib_a-memset.o)
                0x0200f11c                memset
 .text          0x0200f1f8     0x1050 c:/altera/13.1/nios2eds/bin/gnu/h-i686-mingw32/bin/../lib/gcc/nios2-elf/4.7.3/../../../../../H-i686-mingw32/nios2-elf/lib/mno-hw-mul\libc.a(lib_a-mprec.o)
                0x0200f1f8                _Balloc
                0x0200f2a0                _Bfree
                0x0200f2c8                __multadd
                0x0200f40c                __s2b
                0x0200f510                __hi0bits
                0x0200f578                __lo0bits
                0x0200f628                __i2b
                0x0200f664                __multiply
                0x0200f8bc                __pow5mult
                0x0200f9e8                __lshift
                0x0200fb44                __mcmp
                0x0200fb9c                __mdiff
                0x0200fd44                __ulp
                0x0200fda4                __b2d
                0x0200feec                __d2b
                0x02010030                __ratio
                0x020100d4                _mprec_log10
                0x02010148                __copybits
                0x020101c4                __any_on
 .text          0x02010248      0x5fc c:/altera/13.1/nios2eds/bin/gnu/h-i686-mingw32/bin/../lib/gcc/nios2-elf/4.7.3/../../../../../H-i686-mingw32/nios2-elf/lib/mno-hw-mul\libc.a(lib_a-reallocr.o)
                0x02010248                _realloc_r
 .text          0x02010844       0x38 c:/altera/13.1/nios2eds/bin/gnu/h-i686-mingw32/bin/../lib/gcc/nios2-elf/4.7.3/../../../../../H-i686-mingw32/nios2-elf/lib/mno-hw-mul\libc.a(lib_a-s_isinfd.o)
                0x02010844                __isinfd
 .text          0x0201087c       0x2c c:/altera/13.1/nios2eds/bin/gnu/h-i686-mingw32/bin/../lib/gcc/nios2-elf/4.7.3/../../../../../H-i686-mingw32/nios2-elf/lib/mno-hw-mul\libc.a(lib_a-s_isnand.o)
                0x0201087c                __isnand
 .text          0x020108a8       0x64 c:/altera/13.1/nios2eds/bin/gnu/h-i686-mingw32/bin/../lib/gcc/nios2-elf/4.7.3/../../../../../H-i686-mingw32/nios2-elf/lib/mno-hw-mul\libc.a(lib_a-sbrkr.o)
                0x020108a8                _sbrk_r
 .text          0x0201090c      0x140 c:/altera/13.1/nios2eds/bin/gnu/h-i686-mingw32/bin/../lib/gcc/nios2-elf/4.7.3/../../../../../H-i686-mingw32/nios2-elf/lib/mno-hw-mul\libc.a(lib_a-stdio.o)
                0x0201090c                __sread
                0x02010960                __swrite
                0x020109e8                __sseek
                0x02010a44                __sclose
 .text          0x02010a4c       0xa4 c:/altera/13.1/nios2eds/bin/gnu/h-i686-mingw32/bin/../lib/gcc/nios2-elf/4.7.3/../../../../../H-i686-mingw32/nios2-elf/lib/mno-hw-mul\libc.a(lib_a-strcmp.o)
                0x02010a4c                strcmp
 .text          0x02010af0       0x6c c:/altera/13.1/nios2eds/bin/gnu/h-i686-mingw32/bin/../lib/gcc/nios2-elf/4.7.3/../../../../../H-i686-mingw32/nios2-elf/lib/mno-hw-mul\libc.a(lib_a-writer.o)
                0x02010af0                _write_r
 .text          0x02010b5c       0xcc c:/altera/13.1/nios2eds/bin/gnu/h-i686-mingw32/bin/../lib/gcc/nios2-elf/4.7.3/../../../../../H-i686-mingw32/nios2-elf/lib/mno-hw-mul\libc.a(lib_a-callocr.o)
                0x02010b5c                _calloc_r
 .text          0x02010c28       0x64 c:/altera/13.1/nios2eds/bin/gnu/h-i686-mingw32/bin/../lib/gcc/nios2-elf/4.7.3/../../../../../H-i686-mingw32/nios2-elf/lib/mno-hw-mul\libc.a(lib_a-closer.o)
                0x02010c28                _close_r
 .text          0x02010c8c      0x150 c:/altera/13.1/nios2eds/bin/gnu/h-i686-mingw32/bin/../lib/gcc/nios2-elf/4.7.3/../../../../../H-i686-mingw32/nios2-elf/lib/mno-hw-mul\libc.a(lib_a-fclose.o)
                0x02010c8c                _fclose_r
                0x02010dc8                fclose
 .text          0x02010ddc       0x68 c:/altera/13.1/nios2eds/bin/gnu/h-i686-mingw32/bin/../lib/gcc/nios2-elf/4.7.3/../../../../../H-i686-mingw32/nios2-elf/lib/mno-hw-mul\libc.a(lib_a-fstatr.o)
                0x02010ddc                _fstat_r
 .text          0x02010e44        0x0 c:/altera/13.1/nios2eds/bin/gnu/h-i686-mingw32/bin/../lib/gcc/nios2-elf/4.7.3/../../../../../H-i686-mingw32/nios2-elf/lib/mno-hw-mul\libc.a(lib_a-int_errno.o)
 .text          0x02010e44       0x64 c:/altera/13.1/nios2eds/bin/gnu/h-i686-mingw32/bin/../lib/gcc/nios2-elf/4.7.3/../../../../../H-i686-mingw32/nios2-elf/lib/mno-hw-mul\libc.a(lib_a-isattyr.o)
                0x02010e44                _isatty_r
 .text          0x02010ea8       0x6c c:/altera/13.1/nios2eds/bin/gnu/h-i686-mingw32/bin/../lib/gcc/nios2-elf/4.7.3/../../../../../H-i686-mingw32/nios2-elf/lib/mno-hw-mul\libc.a(lib_a-lseekr.o)
                0x02010ea8                _lseek_r
 .text          0x02010f14       0x6c c:/altera/13.1/nios2eds/bin/gnu/h-i686-mingw32/bin/../lib/gcc/nios2-elf/4.7.3/../../../../../H-i686-mingw32/nios2-elf/lib/mno-hw-mul\libc.a(lib_a-readr.o)
                0x02010f14                _read_r
 .text          0x02010f80      0x650 c:/altera/13.1/nios2eds/bin/gnu/h-i686-mingw32/bin/../lib/gcc/nios2-elf/4.7.3/mno-hw-mul\libgcc.a(_udivdi3.o)
                0x02010f80                __udivdi3
 .text          0x020115d0      0x628 c:/altera/13.1/nios2eds/bin/gnu/h-i686-mingw32/bin/../lib/gcc/nios2-elf/4.7.3/mno-hw-mul\libgcc.a(_umoddi3.o)
                0x020115d0                __umoddi3
 .text          0x02011bf8      0x2e4 c:/altera/13.1/nios2eds/bin/gnu/h-i686-mingw32/bin/../lib/gcc/nios2-elf/4.7.3/mno-hw-mul\libgcc.a(_mul_df.o)
                0x02011bf8                __muldf3
 .text          0x02011edc      0x1b4 c:/altera/13.1/nios2eds/bin/gnu/h-i686-mingw32/bin/../lib/gcc/nios2-elf/4.7.3/mno-hw-mul\libgcc.a(_div_df.o)
                0x02011edc                __divdf3
 .text          0x02012090       0x5c c:/altera/13.1/nios2eds/bin/gnu/h-i686-mingw32/bin/../lib/gcc/nios2-elf/4.7.3/mno-hw-mul\libgcc.a(_eq_df.o)
                0x02012090                __eqdf2
 .text          0x020120ec       0x5c c:/altera/13.1/nios2eds/bin/gnu/h-i686-mingw32/bin/../lib/gcc/nios2-elf/4.7.3/mno-hw-mul\libgcc.a(_ne_df.o)
                0x020120ec                __nedf2
 .text          0x02012148       0x64 c:/altera/13.1/nios2eds/bin/gnu/h-i686-mingw32/bin/../lib/gcc/nios2-elf/4.7.3/mno-hw-mul\libgcc.a(_gt_df.o)
                0x02012148                __gtdf2
 .text          0x020121ac       0x5c c:/altera/13.1/nios2eds/bin/gnu/h-i686-mingw32/bin/../lib/gcc/nios2-elf/4.7.3/mno-hw-mul\libgcc.a(_lt_df.o)
                0x020121ac                __ltdf2
 .text          0x02012208       0xd4 c:/altera/13.1/nios2eds/bin/gnu/h-i686-mingw32/bin/../lib/gcc/nios2-elf/4.7.3/mno-hw-mul\libgcc.a(_si_to_df.o)
                0x02012208                __floatsidf
 .text          0x020122dc      0x110 c:/altera/13.1/nios2eds/bin/gnu/h-i686-mingw32/bin/../lib/gcc/nios2-elf/4.7.3/mno-hw-mul\libgcc.a(_muldi3.o)
                0x020122dc                __muldi3
 .text          0x020123ec      0x11c ../Controller_sw_bsp/\libhal_bsp.a(alt_close.o)
                0x0201243c                close
 .text          0x02012508       0x2c ../Controller_sw_bsp/\libhal_bsp.a(alt_dev.o)
 .text          0x02012534        0x0 ../Controller_sw_bsp/\libhal_bsp.a(alt_errno.o)
 .text          0x02012534      0x100 ../Controller_sw_bsp/\libhal_bsp.a(alt_fstat.o)
                0x02012584                fstat
 .text          0x02012634      0x1d8 ../Controller_sw_bsp/\libhal_bsp.a(alt_iic.o)
                0x02012634                alt_ic_isr_register
                0x02012684                alt_ic_irq_enable
                0x02012720                alt_ic_irq_disable
                0x020127c0                alt_ic_irq_enabled
 .text          0x0201280c       0xf0 ../Controller_sw_bsp/\libhal_bsp.a(alt_iic_isr_register.o)
                0x0201280c                alt_iic_isr_register
 .text          0x020128fc        0x0 ../Controller_sw_bsp/\libhal_bsp.a(alt_irq_entry.o)
 .text          0x020128fc        0x0 ../Controller_sw_bsp/\libhal_bsp.a(alt_irq_handler.o)
 .text          0x020128fc        0x0 ../Controller_sw_bsp/\libhal_bsp.a(alt_irq_vars.o)
 .text          0x020128fc       0xf4 ../Controller_sw_bsp/\libhal_bsp.a(alt_isatty.o)
                0x0201294c                isatty
 .text          0x020129f0      0x124 ../Controller_sw_bsp/\libhal_bsp.a(alt_lseek.o)
                0x02012a40                lseek
 .text          0x02012b14       0x78 ../Controller_sw_bsp/\libhal_bsp.a(alt_main.o)
                0x02012b14                alt_main
 .text          0x02012b8c       0x40 ../Controller_sw_bsp/\libhal_bsp.a(alt_malloc_lock.o)
                0x02012b8c                __malloc_lock
                0x02012bac                __malloc_unlock
 .text          0x02012bcc      0x144 ../Controller_sw_bsp/\libhal_bsp.a(alt_read.o)
                0x02012c1c                read
 .text          0x02012d10       0x80 ../Controller_sw_bsp/\libhal_bsp.a(alt_release_fd.o)
                0x02012d10                alt_release_fd
 .text          0x02012d90       0xb0 ../Controller_sw_bsp/\libhal_bsp.a(alt_sbrk.o)
                0x02012d90                sbrk
 .text          0x02012e40      0x140 ../Controller_sw_bsp/\libhal_bsp.a(alt_write.o)
                0x02012e90                write
 .text          0x02012f80       0xe0 ../Controller_sw_bsp/\libhal_bsp.a(alt_sys_init.o)
                0x02012fb8                alt_irq_init
                0x02012fec                alt_sys_init
 .text          0x02013060      0x990 ../Controller_sw_bsp/\libhal_bsp.a(altera_avalon_epcs_flash_controller.o)
                0x02013098                alt_epcs_flash_init
                0x02013460                alt_epcs_flash_write
                0x020136c0                alt_epcs_flash_get_info
                0x020137e0                alt_epcs_flash_erase_block
                0x02013854                alt_epcs_flash_write_block
                0x02013958                alt_epcs_flash_read
 .text          0x020139f0      0x164 ../Controller_sw_bsp/\libhal_bsp.a(altera_avalon_jtag_uart_fd.o)
                0x020139f0                altera_avalon_jtag_uart_read_fd
                0x02013a50                altera_avalon_jtag_uart_write_fd
                0x02013ab0                altera_avalon_jtag_uart_close_fd
                0x02013b00                altera_avalon_jtag_uart_ioctl_fd
 .text          0x02013b54      0x3d0 ../Controller_sw_bsp/\libhal_bsp.a(altera_avalon_jtag_uart_init.o)
                0x02013b54                altera_avalon_jtag_uart_init
                0x02013ebc                altera_avalon_jtag_uart_close
 .text          0x02013f24       0xf4 ../Controller_sw_bsp/\libhal_bsp.a(altera_avalon_jtag_uart_ioctl.o)
                0x02013f24                altera_avalon_jtag_uart_ioctl
 .text          0x02014018      0x218 ../Controller_sw_bsp/\libhal_bsp.a(altera_avalon_jtag_uart_read.o)
                0x02014018                altera_avalon_jtag_uart_read
 .text          0x02014230      0x224 ../Controller_sw_bsp/\libhal_bsp.a(altera_avalon_jtag_uart_write.o)
                0x02014230                altera_avalon_jtag_uart_write
 .text          0x02014454      0x110 ../Controller_sw_bsp/\libhal_bsp.a(altera_avalon_uart_fd.o)
                0x02014454                altera_avalon_uart_read_fd
                0x020144b4                altera_avalon_uart_write_fd
                0x02014514                altera_avalon_uart_close_fd
 .text          0x02014564      0x3a8 ../Controller_sw_bsp/\libhal_bsp.a(altera_avalon_uart_init.o)
                0x02014564                altera_avalon_uart_init
                0x020148b8                altera_avalon_uart_close
 .text          0x0201490c      0x254 ../Controller_sw_bsp/\libhal_bsp.a(altera_avalon_uart_read.o)
                0x0201495c                altera_avalon_uart_read
 .text          0x02014b60      0x1f8 ../Controller_sw_bsp/\libhal_bsp.a(altera_avalon_uart_write.o)
                0x02014bb0                altera_avalon_uart_write
 .text          0x02014d58      0x624 ../Controller_sw_bsp/\libhal_bsp.a(epcs_commands.o)
                0x02014d58                epcs_read_status_register
                0x02014e24                epcs_sector_erase
                0x02014f1c                epcs_read_buffer
                0x02015010                epcs_write_enable
                0x02015060                epcs_write_status_register
                0x020150c8                epcs_write_buffer
                0x020151e4                epcs_read_electronic_signature
                0x0201524c                epcs_read_device_id
                0x020152cc                epcs_enter_4_bytes_mode
                0x02015324                epcs_exit_4_bytes_mode
 .text          0x0201537c      0x140 ../Controller_sw_bsp/\libhal_bsp.a(alt_alarm_start.o)
                0x0201537c                alt_alarm_start
 .text          0x020154bc       0xf0 ../Controller_sw_bsp/\libhal_bsp.a(alt_dev_llist_insert.o)
                0x0201550c                alt_dev_llist_insert
 .text          0x020155ac       0x5c ../Controller_sw_bsp/\libhal_bsp.a(alt_do_ctors.o)
                0x020155ac                _do_ctors
 .text          0x02015608       0x5c ../Controller_sw_bsp/\libhal_bsp.a(alt_do_dtors.o)
                0x02015608                _do_dtors
 .text          0x02015664        0x0 ../Controller_sw_bsp/\libhal_bsp.a(alt_exception_entry.o)
 .text          0x02015664       0xb8 ../Controller_sw_bsp/\libhal_bsp.a(alt_flash_dev.o)
                0x02015664                alt_flash_open_dev
                0x020156cc                alt_flash_close_dev
 .text          0x0201571c      0x158 ../Controller_sw_bsp/\libhal_bsp.a(alt_io_redirect.o)
                0x020157fc                alt_io_redirect
 .text          0x02015874      0x298 ../Controller_sw_bsp/\libhal_bsp.a(alt_open.o)
                0x020159b4                open
 .text          0x02015b0c      0x19c ../Controller_sw_bsp/\libhal_bsp.a(alt_tick.o)
                0x02015b0c                alt_alarm_stop
                0x02015ba4                alt_tick
 .text          0x02015ca8       0x20 ../Controller_sw_bsp/\libhal_bsp.a(altera_nios2_qsys_irq.o)
                0x02015ca8                altera_nios2_qsys_irq_init
 .text          0x02015cc8      0x208 ../Controller_sw_bsp/\libhal_bsp.a(altera_avalon_spi.o)
                0x02015cc8                alt_avalon_spi_command
 .text          0x02015ed0       0x90 ../Controller_sw_bsp/\libhal_bsp.a(alt_find_dev.o)
                0x02015ed0                alt_find_dev
 .text          0x02015f60      0x114 ../Controller_sw_bsp/\libhal_bsp.a(alt_find_file.o)
                0x02015f60                alt_find_file
 .text          0x02016074       0xd4 ../Controller_sw_bsp/\libhal_bsp.a(alt_get_fd.o)
                0x02016074                alt_get_fd
 .text          0x02016148       0x14 c:/altera/13.1/nios2eds/bin/gnu/h-i686-mingw32/bin/../lib/gcc/nios2-elf/4.7.3/../../../../../H-i686-mingw32/nios2-elf/lib/mno-hw-mul\libc.a(lib_a-atexit.o)
                0x02016148                atexit
 .text          0x0201615c       0x38 c:/altera/13.1/nios2eds/bin/gnu/h-i686-mingw32/bin/../lib/gcc/nios2-elf/4.7.3/../../../../../H-i686-mingw32/nios2-elf/lib/mno-hw-mul\libc.a(lib_a-exit.o)
                0x0201615c                exit
 .text          0x02016194       0x7c c:/altera/13.1/nios2eds/bin/gnu/h-i686-mingw32/bin/../lib/gcc/nios2-elf/4.7.3/../../../../../H-i686-mingw32/nios2-elf/lib/mno-hw-mul\libc.a(lib_a-memcmp.o)
                0x02016194                memcmp
 .text          0x02016210      0x130 c:/altera/13.1/nios2eds/bin/gnu/h-i686-mingw32/bin/../lib/gcc/nios2-elf/4.7.3/../../../../../H-i686-mingw32/nios2-elf/lib/mno-hw-mul\libc.a(lib_a-__atexit.o)
                0x02016210                __register_exitproc
 .text          0x02016340      0x1a0 c:/altera/13.1/nios2eds/bin/gnu/h-i686-mingw32/bin/../lib/gcc/nios2-elf/4.7.3/../../../../../H-i686-mingw32/nios2-elf/lib/mno-hw-mul\libc.a(lib_a-__call_atexit.o)
                0x02016340                __call_exitprocs
 .text          0x020164e0       0x3c ../Controller_sw_bsp/\libhal_bsp.a(alt_exit.o)
                0x020164e0                _exit
 *(.gnu.warning.*)
 *(.fini)
                0x0201651c                PROVIDE (__etext, ABSOLUTE (.))
                0x0201651c                PROVIDE (_etext, ABSOLUTE (.))
                0x0201651c                PROVIDE (etext, ABSOLUTE (.))
 *(.eh_frame_hdr)
                0x0201651c                . = ALIGN (0x4)
                0x0201651c                PROVIDE (__preinit_array_start, ABSOLUTE (.))
 *(.preinit_array)
                0x0201651c                PROVIDE (__preinit_array_end, ABSOLUTE (.))
                0x0201651c                PROVIDE (__init_array_start, ABSOLUTE (.))
 *(.init_array)
                0x0201651c                PROVIDE (__init_array_end, ABSOLUTE (.))
                0x0201651c                PROVIDE (__fini_array_start, ABSOLUTE (.))
 *(.fini_array)
                0x0201651c                PROVIDE (__fini_array_end, ABSOLUTE (.))
 *(.eh_frame)
 *(.gcc_except_table .gcc_except_table.*)
 *(.dynamic)
                0x0201651c                PROVIDE (__CTOR_LIST__, ABSOLUTE (.))
 *(.ctors)
 *(SORT(.ctors.*))
                0x0201651c                PROVIDE (__CTOR_END__, ABSOLUTE (.))
                0x0201651c                PROVIDE (__DTOR_LIST__, ABSOLUTE (.))
 *(.dtors)
 *(SORT(.dtors.*))
                0x0201651c                PROVIDE (__DTOR_END__, ABSOLUTE (.))
 *(.jcr)
                0x0201651c                . = ALIGN (0x4)

.rodata         0x0201651c     0x11fc
                0x0201651c                PROVIDE (__ram_rodata_start, ABSOLUTE (.))
                0x0201651c                . = ALIGN (0x4)
 *(.rodata .rodata.* .gnu.linkonce.r.*)
 .rodata        0x0201651c       0x18 obj/default/driver/DisDriver.o
 .rodata        0x02016534        0x4 obj/default/driver/FRAM.o
 .rodata        0x02016538       0x50 obj/default/driver/comInterface.o
 .rodata        0x02016588       0x50 obj/default/driver/coverPage.o
 .rodata        0x020165d8       0x30 obj/default/driver/powerFailure.o
 .rodata        0x02016608       0x2c obj/default/main/TopMenu.o
 .rodata        0x02016634      0x1f0 obj/default/menuComponent/FireMenu.o
 .rodata        0x02016824        0x4 obj/default/menuComponent/HeaterWarmingUp.o
 .rodata        0x02016828       0x40 obj/default/menuComponent/ParameterMenu.o
 .rodata        0x02016868       0xb8 obj/default/menuComponent/RemoteMenu.o
 .rodata        0x02016920      0x144 obj/default/menuComponent/SaveLoadMenu.o
 .rodata        0x02016a64      0x138 obj/default/menuComponent/ShotCountersMenu.o
 .rodata        0x02016b9c      0x1e0 obj/default/menuComponent/ShutdownMenu.o
 .rodata        0x02016d7c      0x1d0 obj/default/menuComponent/StartupMenu.o
 .rodata        0x02016f4c       0xa0 obj/default/menuComponent/editNum10.o
 .rodata        0x02016fec       0x68 obj/default/menuComponent/editNum2.o
 .rodata        0x02017054       0x6c obj/default/menuComponent/editNum5.o
 .rodata        0x020170c0       0x84 obj/default/menuComponent/enterPWD.o
 .rodata        0x02017144       0x30 obj/default/menuComponent/pwdPage.o
 .rodata        0x02017174       0x7c obj/default/menuComponent/repPage.o
 .rodata        0x020171f0       0x68 obj/default/menuComponent/shotPage.o
 .rodata        0x02017258      0x188 obj/default/menuComponent/timingPage.o
 .rodata        0x020173e0       0x14 c:/altera/13.1/nios2eds/bin/gnu/h-i686-mingw32/bin/../lib/gcc/nios2-elf/4.7.3/mno-hw-mul\libgcc.a(_thenan_df.o)
                0x020173e0                __thenan_df
 .rodata        0x020173f4      0x100 c:/altera/13.1/nios2eds/bin/gnu/h-i686-mingw32/bin/../lib/gcc/nios2-elf/4.7.3/mno-hw-mul\libgcc.a(_clz.o)
                0x020173f4                __clz_tab
 .rodata.str1.4
                0x020174f4        0x2 c:/altera/13.1/nios2eds/bin/gnu/h-i686-mingw32/bin/../lib/gcc/nios2-elf/4.7.3/../../../../../H-i686-mingw32/nios2-elf/lib/mno-hw-mul\libc.a(lib_a-puts.o)
                                  0x4 (size before relaxing)
 *fill*         0x020174f6        0x2 
 .rodata.str1.4
                0x020174f8       0x42 c:/altera/13.1/nios2eds/bin/gnu/h-i686-mingw32/bin/../lib/gcc/nios2-elf/4.7.3/../../../../../H-i686-mingw32/nios2-elf/lib/mno-hw-mul\libc.a(lib_a-vfprintf.o)
                                 0x44 (size before relaxing)
 .rodata        0x0201753a       0x20 c:/altera/13.1/nios2eds/bin/gnu/h-i686-mingw32/bin/../lib/gcc/nios2-elf/4.7.3/../../../../../H-i686-mingw32/nios2-elf/lib/mno-hw-mul\libc.a(lib_a-vfprintf.o)
 *fill*         0x0201755a        0x2 
 .rodata.str1.4
                0x0201755c       0x10 c:/altera/13.1/nios2eds/bin/gnu/h-i686-mingw32/bin/../lib/gcc/nios2-elf/4.7.3/../../../../../H-i686-mingw32/nios2-elf/lib/mno-hw-mul\libc.a(lib_a-dtoa.o)
                                 0x14 (size before relaxing)
 .rodata.str1.4
                0x0201756c        0x2 c:/altera/13.1/nios2eds/bin/gnu/h-i686-mingw32/bin/../lib/gcc/nios2-elf/4.7.3/../../../../../H-i686-mingw32/nios2-elf/lib/mno-hw-mul\libc.a(lib_a-impure.o)
                                  0x4 (size before relaxing)
 *fill*         0x0201756e        0x2 
 .rodata.str1.4
                0x02017570       0x10 c:/altera/13.1/nios2eds/bin/gnu/h-i686-mingw32/bin/../lib/gcc/nios2-elf/4.7.3/../../../../../H-i686-mingw32/nios2-elf/lib/mno-hw-mul\libc.a(lib_a-locale.o)
                                 0x18 (size before relaxing)
 .rodata        0x02017580       0x30 c:/altera/13.1/nios2eds/bin/gnu/h-i686-mingw32/bin/../lib/gcc/nios2-elf/4.7.3/../../../../../H-i686-mingw32/nios2-elf/lib/mno-hw-mul\libc.a(lib_a-locale.o)
 .rodata        0x020175b0      0x124 c:/altera/13.1/nios2eds/bin/gnu/h-i686-mingw32/bin/../lib/gcc/nios2-elf/4.7.3/../../../../../H-i686-mingw32/nios2-elf/lib/mno-hw-mul\libc.a(lib_a-mprec.o)
                0x020175b0                __mprec_tinytens
                0x020175d8                __mprec_bigtens
                0x02017600                __mprec_tens
 .rodata        0x020176d4        0xc ../Controller_sw_bsp/\libhal_bsp.a(alt_dev.o)
 .rodata        0x020176e0       0x10 ../Controller_sw_bsp/\libhal_bsp.a(alt_main.o)
 .rodata        0x020176f0       0x28 ../Controller_sw_bsp/\libhal_bsp.a(alt_sys_init.o)
 *(.rodata1)
                0x02017718                . = ALIGN (0x4)
                0x02017718                PROVIDE (__ram_rodata_end, ABSOLUTE (.))
                0x0201651c                PROVIDE (__flash_rodata_start, LOADADDR (.rodata))

.rwdata         0x02017718     0x1ce0
                0x02017718                PROVIDE (__ram_rwdata_start, ABSOLUTE (.))
                0x02017718                . = ALIGN (0x4)
 *(.got.plt)
 *(.got)
 *(.data1)
 *(.data .data.* .gnu.linkonce.d.*)
 .data          0x02017718        0x0 ../Controller_sw_bsp//obj/HAL/src/crt0.o
 .data          0x02017718        0x0 obj/default/driver/Counter.o
 .data          0x02017718        0x0 obj/default/driver/DisDriver.o
 .data          0x02017718        0x0 obj/default/driver/FRAM.o
 .data          0x02017718        0x0 obj/default/driver/KPLED.o
 .data          0x02017718        0x0 obj/default/driver/comInterface.o
 .data          0x02017718        0x0 obj/default/driver/coverPage.o
 .data          0x02017718        0x0 obj/default/driver/delay.o
 .data          0x02017718        0x0 obj/default/driver/loadWriteData.o
 .data          0x02017718        0x0 obj/default/driver/powerFailure.o
 .data          0x02017718       0xe0 obj/default/driver/uart.o
                0x02017718                uart
 .data          0x020177f8        0x0 obj/default/main/TopMenu.o
 .data          0x020177f8        0x0 obj/default/main/main.o
 .data          0x020177f8       0x14 obj/default/menuComponent/FireMenu.o
                0x020177f8                interlockNames
 .data          0x0201780c        0x0 obj/default/menuComponent/HeaterWarmingUp.o
 .data          0x0201780c        0x0 obj/default/menuComponent/ParameterMenu.o
 .data          0x0201780c        0x0 obj/default/menuComponent/RemoteMenu.o
 .data          0x0201780c        0x0 obj/default/menuComponent/SaveLoadMenu.o
 .data          0x0201780c        0x0 obj/default/menuComponent/ShotCountersMenu.o
 .data          0x0201780c        0x0 obj/default/menuComponent/ShutdownMenu.o
 .data          0x0201780c        0x0 obj/default/menuComponent/StartupMenu.o
 .data          0x0201780c        0x0 obj/default/menuComponent/editNum10.o
 .data          0x0201780c        0x0 obj/default/menuComponent/editNum2.o
 .data          0x0201780c        0x0 obj/default/menuComponent/editNum5.o
 .data          0x0201780c        0x0 obj/default/menuComponent/enterPWD.o
 .data          0x0201780c        0x0 obj/default/menuComponent/errorCheck.o
 .data          0x0201780c        0x0 obj/default/menuComponent/pwdPage.o
 .data          0x0201780c        0x0 obj/default/menuComponent/repPage.o
 .data          0x0201780c        0x0 obj/default/menuComponent/shotPage.o
 .data          0x0201780c        0x0 obj/default/menuComponent/timingPage.o
 .data          0x0201780c        0x0 c:/altera/13.1/nios2eds/bin/gnu/h-i686-mingw32/bin/../lib/gcc/nios2-elf/4.7.3/mno-hw-mul\libgcc.a(_fixunsdfsi.o)
 .data          0x0201780c        0x0 c:/altera/13.1/nios2eds/bin/gnu/h-i686-mingw32/bin/../lib/gcc/nios2-elf/4.7.3/mno-hw-mul\libgcc.a(_addsub_df.o)
 .data          0x0201780c        0x0 c:/altera/13.1/nios2eds/bin/gnu/h-i686-mingw32/bin/../lib/gcc/nios2-elf/4.7.3/mno-hw-mul\libgcc.a(_ge_df.o)
 .data          0x0201780c        0x0 c:/altera/13.1/nios2eds/bin/gnu/h-i686-mingw32/bin/../lib/gcc/nios2-elf/4.7.3/mno-hw-mul\libgcc.a(_df_to_si.o)
 .data          0x0201780c        0x0 c:/altera/13.1/nios2eds/bin/gnu/h-i686-mingw32/bin/../lib/gcc/nios2-elf/4.7.3/mno-hw-mul\libgcc.a(_thenan_df.o)
 .data          0x0201780c        0x0 c:/altera/13.1/nios2eds/bin/gnu/h-i686-mingw32/bin/../lib/gcc/nios2-elf/4.7.3/mno-hw-mul\libgcc.a(_usi_to_df.o)
 .data          0x0201780c        0x0 c:/altera/13.1/nios2eds/bin/gnu/h-i686-mingw32/bin/../lib/gcc/nios2-elf/4.7.3/mno-hw-mul\libgcc.a(lib2-divmod.o)
 .data          0x0201780c        0x0 c:/altera/13.1/nios2eds/bin/gnu/h-i686-mingw32/bin/../lib/gcc/nios2-elf/4.7.3/mno-hw-mul\libgcc.a(lib2-mul.o)
 .data          0x0201780c        0x0 c:/altera/13.1/nios2eds/bin/gnu/h-i686-mingw32/bin/../lib/gcc/nios2-elf/4.7.3/mno-hw-mul\libgcc.a(_clzsi2.o)
 .data          0x0201780c        0x0 c:/altera/13.1/nios2eds/bin/gnu/h-i686-mingw32/bin/../lib/gcc/nios2-elf/4.7.3/mno-hw-mul\libgcc.a(_pack_df.o)
 .data          0x0201780c        0x0 c:/altera/13.1/nios2eds/bin/gnu/h-i686-mingw32/bin/../lib/gcc/nios2-elf/4.7.3/mno-hw-mul\libgcc.a(_unpack_df.o)
 .data          0x0201780c        0x0 c:/altera/13.1/nios2eds/bin/gnu/h-i686-mingw32/bin/../lib/gcc/nios2-elf/4.7.3/mno-hw-mul\libgcc.a(_fpcmp_parts_df.o)
 .data          0x0201780c        0x0 c:/altera/13.1/nios2eds/bin/gnu/h-i686-mingw32/bin/../lib/gcc/nios2-elf/4.7.3/mno-hw-mul\libgcc.a(_lshrdi3.o)
 .data          0x0201780c        0x0 c:/altera/13.1/nios2eds/bin/gnu/h-i686-mingw32/bin/../lib/gcc/nios2-elf/4.7.3/mno-hw-mul\libgcc.a(_ashldi3.o)
 .data          0x0201780c        0x0 c:/altera/13.1/nios2eds/bin/gnu/h-i686-mingw32/bin/../lib/gcc/nios2-elf/4.7.3/mno-hw-mul\libgcc.a(_clz.o)
 .data          0x0201780c        0x0 c:/altera/13.1/nios2eds/bin/gnu/h-i686-mingw32/bin/../lib/gcc/nios2-elf/4.7.3/../../../../../H-i686-mingw32/nios2-elf/lib/mno-hw-mul\libc.a(lib_a-printf.o)
 .data          0x0201780c        0x0 c:/altera/13.1/nios2eds/bin/gnu/h-i686-mingw32/bin/../lib/gcc/nios2-elf/4.7.3/../../../../../H-i686-mingw32/nios2-elf/lib/mno-hw-mul\libc.a(lib_a-puts.o)
 .data          0x0201780c        0x0 c:/altera/13.1/nios2eds/bin/gnu/h-i686-mingw32/bin/../lib/gcc/nios2-elf/4.7.3/../../../../../H-i686-mingw32/nios2-elf/lib/mno-hw-mul\libc.a(lib_a-sprintf.o)
 .data          0x0201780c        0x0 c:/altera/13.1/nios2eds/bin/gnu/h-i686-mingw32/bin/../lib/gcc/nios2-elf/4.7.3/../../../../../H-i686-mingw32/nios2-elf/lib/mno-hw-mul\libc.a(lib_a-strlen.o)
 .data          0x0201780c        0x0 c:/altera/13.1/nios2eds/bin/gnu/h-i686-mingw32/bin/../lib/gcc/nios2-elf/4.7.3/../../../../../H-i686-mingw32/nios2-elf/lib/mno-hw-mul\libc.a(lib_a-vfprintf.o)
 .data          0x0201780c        0x0 c:/altera/13.1/nios2eds/bin/gnu/h-i686-mingw32/bin/../lib/gcc/nios2-elf/4.7.3/../../../../../H-i686-mingw32/nios2-elf/lib/mno-hw-mul\libc.a(lib_a-wsetup.o)
 .data          0x0201780c        0x0 c:/altera/13.1/nios2eds/bin/gnu/h-i686-mingw32/bin/../lib/gcc/nios2-elf/4.7.3/../../../../../H-i686-mingw32/nios2-elf/lib/mno-hw-mul\libc.a(lib_a-dtoa.o)
 .data          0x0201780c        0x0 c:/altera/13.1/nios2eds/bin/gnu/h-i686-mingw32/bin/../lib/gcc/nios2-elf/4.7.3/../../../../../H-i686-mingw32/nios2-elf/lib/mno-hw-mul\libc.a(lib_a-fflush.o)
 .data          0x0201780c        0x0 c:/altera/13.1/nios2eds/bin/gnu/h-i686-mingw32/bin/../lib/gcc/nios2-elf/4.7.3/../../../../../H-i686-mingw32/nios2-elf/lib/mno-hw-mul\libc.a(lib_a-findfp.o)
 .data          0x0201780c        0x0 c:/altera/13.1/nios2eds/bin/gnu/h-i686-mingw32/bin/../lib/gcc/nios2-elf/4.7.3/../../../../../H-i686-mingw32/nios2-elf/lib/mno-hw-mul\libc.a(lib_a-freer.o)
 .data          0x0201780c        0x0 c:/altera/13.1/nios2eds/bin/gnu/h-i686-mingw32/bin/../lib/gcc/nios2-elf/4.7.3/../../../../../H-i686-mingw32/nios2-elf/lib/mno-hw-mul\libc.a(lib_a-fvwrite.o)
 .data          0x0201780c        0x0 c:/altera/13.1/nios2eds/bin/gnu/h-i686-mingw32/bin/../lib/gcc/nios2-elf/4.7.3/../../../../../H-i686-mingw32/nios2-elf/lib/mno-hw-mul\libc.a(lib_a-fwalk.o)
 .data          0x0201780c      0x400 c:/altera/13.1/nios2eds/bin/gnu/h-i686-mingw32/bin/../lib/gcc/nios2-elf/4.7.3/../../../../../H-i686-mingw32/nios2-elf/lib/mno-hw-mul\libc.a(lib_a-impure.o)
 .data          0x02017c0c        0xc c:/altera/13.1/nios2eds/bin/gnu/h-i686-mingw32/bin/../lib/gcc/nios2-elf/4.7.3/../../../../../H-i686-mingw32/nios2-elf/lib/mno-hw-mul\libc.a(lib_a-locale.o)
                0x02017c0c                __lc_ctype
 .data          0x02017c18        0x0 c:/altera/13.1/nios2eds/bin/gnu/h-i686-mingw32/bin/../lib/gcc/nios2-elf/4.7.3/../../../../../H-i686-mingw32/nios2-elf/lib/mno-hw-mul\libc.a(lib_a-makebuf.o)
 .data          0x02017c18      0x408 c:/altera/13.1/nios2eds/bin/gnu/h-i686-mingw32/bin/../lib/gcc/nios2-elf/4.7.3/../../../../../H-i686-mingw32/nios2-elf/lib/mno-hw-mul\libc.a(lib_a-mallocr.o)
                0x02017c18                __malloc_av_
 .data          0x02018020        0x0 c:/altera/13.1/nios2eds/bin/gnu/h-i686-mingw32/bin/../lib/gcc/nios2-elf/4.7.3/../../../../../H-i686-mingw32/nios2-elf/lib/mno-hw-mul\libc.a(lib_a-memchr.o)
 .data          0x02018020        0x0 c:/altera/13.1/nios2eds/bin/gnu/h-i686-mingw32/bin/../lib/gcc/nios2-elf/4.7.3/../../../../../H-i686-mingw32/nios2-elf/lib/mno-hw-mul\libc.a(lib_a-memcpy.o)
 .data          0x02018020        0x0 c:/altera/13.1/nios2eds/bin/gnu/h-i686-mingw32/bin/../lib/gcc/nios2-elf/4.7.3/../../../../../H-i686-mingw32/nios2-elf/lib/mno-hw-mul\libc.a(lib_a-memmove.o)
 .data          0x02018020        0x0 c:/altera/13.1/nios2eds/bin/gnu/h-i686-mingw32/bin/../lib/gcc/nios2-elf/4.7.3/../../../../../H-i686-mingw32/nios2-elf/lib/mno-hw-mul\libc.a(lib_a-memset.o)
 .data          0x02018020        0x0 c:/altera/13.1/nios2eds/bin/gnu/h-i686-mingw32/bin/../lib/gcc/nios2-elf/4.7.3/../../../../../H-i686-mingw32/nios2-elf/lib/mno-hw-mul\libc.a(lib_a-mprec.o)
 .data          0x02018020        0x0 c:/altera/13.1/nios2eds/bin/gnu/h-i686-mingw32/bin/../lib/gcc/nios2-elf/4.7.3/../../../../../H-i686-mingw32/nios2-elf/lib/mno-hw-mul\libc.a(lib_a-reallocr.o)
 .data          0x02018020        0x0 c:/altera/13.1/nios2eds/bin/gnu/h-i686-mingw32/bin/../lib/gcc/nios2-elf/4.7.3/../../../../../H-i686-mingw32/nios2-elf/lib/mno-hw-mul\libc.a(lib_a-s_isinfd.o)
 .data          0x02018020        0x0 c:/altera/13.1/nios2eds/bin/gnu/h-i686-mingw32/bin/../lib/gcc/nios2-elf/4.7.3/../../../../../H-i686-mingw32/nios2-elf/lib/mno-hw-mul\libc.a(lib_a-s_isnand.o)
 .data          0x02018020        0x0 c:/altera/13.1/nios2eds/bin/gnu/h-i686-mingw32/bin/../lib/gcc/nios2-elf/4.7.3/../../../../../H-i686-mingw32/nios2-elf/lib/mno-hw-mul\libc.a(lib_a-sbrkr.o)
 .data          0x02018020        0x0 c:/altera/13.1/nios2eds/bin/gnu/h-i686-mingw32/bin/../lib/gcc/nios2-elf/4.7.3/../../../../../H-i686-mingw32/nios2-elf/lib/mno-hw-mul\libc.a(lib_a-stdio.o)
 .data          0x02018020        0x0 c:/altera/13.1/nios2eds/bin/gnu/h-i686-mingw32/bin/../lib/gcc/nios2-elf/4.7.3/../../../../../H-i686-mingw32/nios2-elf/lib/mno-hw-mul\libc.a(lib_a-strcmp.o)
 .data          0x02018020        0x0 c:/altera/13.1/nios2eds/bin/gnu/h-i686-mingw32/bin/../lib/gcc/nios2-elf/4.7.3/../../../../../H-i686-mingw32/nios2-elf/lib/mno-hw-mul\libc.a(lib_a-writer.o)
 .data          0x02018020        0x0 c:/altera/13.1/nios2eds/bin/gnu/h-i686-mingw32/bin/../lib/gcc/nios2-elf/4.7.3/../../../../../H-i686-mingw32/nios2-elf/lib/mno-hw-mul\libc.a(lib_a-callocr.o)
 .data          0x02018020        0x0 c:/altera/13.1/nios2eds/bin/gnu/h-i686-mingw32/bin/../lib/gcc/nios2-elf/4.7.3/../../../../../H-i686-mingw32/nios2-elf/lib/mno-hw-mul\libc.a(lib_a-closer.o)
 .data          0x02018020        0x0 c:/altera/13.1/nios2eds/bin/gnu/h-i686-mingw32/bin/../lib/gcc/nios2-elf/4.7.3/../../../../../H-i686-mingw32/nios2-elf/lib/mno-hw-mul\libc.a(lib_a-fclose.o)
 .data          0x02018020        0x0 c:/altera/13.1/nios2eds/bin/gnu/h-i686-mingw32/bin/../lib/gcc/nios2-elf/4.7.3/../../../../../H-i686-mingw32/nios2-elf/lib/mno-hw-mul\libc.a(lib_a-fstatr.o)
 .data          0x02018020        0x0 c:/altera/13.1/nios2eds/bin/gnu/h-i686-mingw32/bin/../lib/gcc/nios2-elf/4.7.3/../../../../../H-i686-mingw32/nios2-elf/lib/mno-hw-mul\libc.a(lib_a-int_errno.o)
 .data          0x02018020        0x0 c:/altera/13.1/nios2eds/bin/gnu/h-i686-mingw32/bin/../lib/gcc/nios2-elf/4.7.3/../../../../../H-i686-mingw32/nios2-elf/lib/mno-hw-mul\libc.a(lib_a-isattyr.o)
 .data          0x02018020        0x0 c:/altera/13.1/nios2eds/bin/gnu/h-i686-mingw32/bin/../lib/gcc/nios2-elf/4.7.3/../../../../../H-i686-mingw32/nios2-elf/lib/mno-hw-mul\libc.a(lib_a-lseekr.o)
 .data          0x02018020        0x0 c:/altera/13.1/nios2eds/bin/gnu/h-i686-mingw32/bin/../lib/gcc/nios2-elf/4.7.3/../../../../../H-i686-mingw32/nios2-elf/lib/mno-hw-mul\libc.a(lib_a-readr.o)
 .data          0x02018020        0x0 c:/altera/13.1/nios2eds/bin/gnu/h-i686-mingw32/bin/../lib/gcc/nios2-elf/4.7.3/mno-hw-mul\libgcc.a(_udivdi3.o)
 .data          0x02018020        0x0 c:/altera/13.1/nios2eds/bin/gnu/h-i686-mingw32/bin/../lib/gcc/nios2-elf/4.7.3/mno-hw-mul\libgcc.a(_umoddi3.o)
 .data          0x02018020        0x0 c:/altera/13.1/nios2eds/bin/gnu/h-i686-mingw32/bin/../lib/gcc/nios2-elf/4.7.3/mno-hw-mul\libgcc.a(_mul_df.o)
 .data          0x02018020        0x0 c:/altera/13.1/nios2eds/bin/gnu/h-i686-mingw32/bin/../lib/gcc/nios2-elf/4.7.3/mno-hw-mul\libgcc.a(_div_df.o)
 .data          0x02018020        0x0 c:/altera/13.1/nios2eds/bin/gnu/h-i686-mingw32/bin/../lib/gcc/nios2-elf/4.7.3/mno-hw-mul\libgcc.a(_eq_df.o)
 .data          0x02018020        0x0 c:/altera/13.1/nios2eds/bin/gnu/h-i686-mingw32/bin/../lib/gcc/nios2-elf/4.7.3/mno-hw-mul\libgcc.a(_ne_df.o)
 .data          0x02018020        0x0 c:/altera/13.1/nios2eds/bin/gnu/h-i686-mingw32/bin/../lib/gcc/nios2-elf/4.7.3/mno-hw-mul\libgcc.a(_gt_df.o)
 .data          0x02018020        0x0 c:/altera/13.1/nios2eds/bin/gnu/h-i686-mingw32/bin/../lib/gcc/nios2-elf/4.7.3/mno-hw-mul\libgcc.a(_lt_df.o)
 .data          0x02018020        0x0 c:/altera/13.1/nios2eds/bin/gnu/h-i686-mingw32/bin/../lib/gcc/nios2-elf/4.7.3/mno-hw-mul\libgcc.a(_si_to_df.o)
 .data          0x02018020        0x0 c:/altera/13.1/nios2eds/bin/gnu/h-i686-mingw32/bin/../lib/gcc/nios2-elf/4.7.3/mno-hw-mul\libgcc.a(_muldi3.o)
 .data          0x02018020        0x0 ../Controller_sw_bsp/\libhal_bsp.a(alt_close.o)
 .data          0x02018020      0x1a8 ../Controller_sw_bsp/\libhal_bsp.a(alt_dev.o)
                0x02018020                alt_dev_null
                0x02018048                alt_fd_list
 .data          0x020181c8        0x0 ../Controller_sw_bsp/\libhal_bsp.a(alt_errno.o)
 .data          0x020181c8        0x0 ../Controller_sw_bsp/\libhal_bsp.a(alt_fstat.o)
 .data          0x020181c8        0x0 ../Controller_sw_bsp/\libhal_bsp.a(alt_iic.o)
 .data          0x020181c8        0x0 ../Controller_sw_bsp/\libhal_bsp.a(alt_iic_isr_register.o)
 .data          0x020181c8        0x0 ../Controller_sw_bsp/\libhal_bsp.a(alt_irq_entry.o)
 .data          0x020181c8        0x0 ../Controller_sw_bsp/\libhal_bsp.a(alt_irq_handler.o)
 .data          0x020181c8        0x0 ../Controller_sw_bsp/\libhal_bsp.a(alt_irq_vars.o)
 .data          0x020181c8        0x0 ../Controller_sw_bsp/\libhal_bsp.a(alt_isatty.o)
 .data          0x020181c8        0x0 ../Controller_sw_bsp/\libhal_bsp.a(alt_lseek.o)
 .data          0x020181c8        0x0 ../Controller_sw_bsp/\libhal_bsp.a(alt_main.o)
 .data          0x020181c8        0x0 ../Controller_sw_bsp/\libhal_bsp.a(alt_malloc_lock.o)
 .data          0x020181c8        0x0 ../Controller_sw_bsp/\libhal_bsp.a(alt_read.o)
 .data          0x020181c8        0x0 ../Controller_sw_bsp/\libhal_bsp.a(alt_release_fd.o)
 .data          0x020181c8        0x0 ../Controller_sw_bsp/\libhal_bsp.a(alt_sbrk.o)
 .data          0x020181c8        0x0 ../Controller_sw_bsp/\libhal_bsp.a(alt_write.o)
 .data          0x020181c8     0x11ec ../Controller_sw_bsp/\libhal_bsp.a(alt_sys_init.o)
 .data          0x020193b4        0x0 ../Controller_sw_bsp/\libhal_bsp.a(altera_avalon_epcs_flash_controller.o)
 .data          0x020193b4        0x0 ../Controller_sw_bsp/\libhal_bsp.a(altera_avalon_jtag_uart_fd.o)
 .data          0x020193b4        0x0 ../Controller_sw_bsp/\libhal_bsp.a(altera_avalon_jtag_uart_init.o)
 .data          0x020193b4        0x0 ../Controller_sw_bsp/\libhal_bsp.a(altera_avalon_jtag_uart_ioctl.o)
 .data          0x020193b4        0x0 ../Controller_sw_bsp/\libhal_bsp.a(altera_avalon_jtag_uart_read.o)
 .data          0x020193b4        0x0 ../Controller_sw_bsp/\libhal_bsp.a(altera_avalon_jtag_uart_write.o)
 .data          0x020193b4        0x0 ../Controller_sw_bsp/\libhal_bsp.a(altera_avalon_uart_fd.o)
 .data          0x020193b4        0x0 ../Controller_sw_bsp/\libhal_bsp.a(altera_avalon_uart_init.o)
 .data          0x020193b4        0x0 ../Controller_sw_bsp/\libhal_bsp.a(altera_avalon_uart_read.o)
 .data          0x020193b4        0x0 ../Controller_sw_bsp/\libhal_bsp.a(altera_avalon_uart_write.o)
 .data          0x020193b4        0x0 ../Controller_sw_bsp/\libhal_bsp.a(epcs_commands.o)
 .data          0x020193b4        0x0 ../Controller_sw_bsp/\libhal_bsp.a(alt_alarm_start.o)
 .data          0x020193b4        0x0 ../Controller_sw_bsp/\libhal_bsp.a(alt_dev_llist_insert.o)
 .data          0x020193b4        0x0 ../Controller_sw_bsp/\libhal_bsp.a(alt_do_ctors.o)
 .data          0x020193b4        0x0 ../Controller_sw_bsp/\libhal_bsp.a(alt_do_dtors.o)
 .data          0x020193b4        0x0 ../Controller_sw_bsp/\libhal_bsp.a(alt_exception_entry.o)
 .data          0x020193b4        0x0 ../Controller_sw_bsp/\libhal_bsp.a(alt_flash_dev.o)
 .data          0x020193b4        0x0 ../Controller_sw_bsp/\libhal_bsp.a(alt_io_redirect.o)
 .data          0x020193b4        0x0 ../Controller_sw_bsp/\libhal_bsp.a(alt_open.o)
 .data          0x020193b4        0x0 ../Controller_sw_bsp/\libhal_bsp.a(alt_tick.o)
 .data          0x020193b4        0x0 ../Controller_sw_bsp/\libhal_bsp.a(altera_nios2_qsys_irq.o)
 .data          0x020193b4        0x0 ../Controller_sw_bsp/\libhal_bsp.a(altera_avalon_spi.o)
 .data          0x020193b4        0x0 ../Controller_sw_bsp/\libhal_bsp.a(alt_find_dev.o)
 .data          0x020193b4        0x0 ../Controller_sw_bsp/\libhal_bsp.a(alt_find_file.o)
 .data          0x020193b4        0x0 ../Controller_sw_bsp/\libhal_bsp.a(alt_get_fd.o)
 .data          0x020193b4        0x0 c:/altera/13.1/nios2eds/bin/gnu/h-i686-mingw32/bin/../lib/gcc/nios2-elf/4.7.3/../../../../../H-i686-mingw32/nios2-elf/lib/mno-hw-mul\libc.a(lib_a-atexit.o)
 .data          0x020193b4        0x0 c:/altera/13.1/nios2eds/bin/gnu/h-i686-mingw32/bin/../lib/gcc/nios2-elf/4.7.3/../../../../../H-i686-mingw32/nios2-elf/lib/mno-hw-mul\libc.a(lib_a-exit.o)
 .data          0x020193b4        0x0 c:/altera/13.1/nios2eds/bin/gnu/h-i686-mingw32/bin/../lib/gcc/nios2-elf/4.7.3/../../../../../H-i686-mingw32/nios2-elf/lib/mno-hw-mul\libc.a(lib_a-memcmp.o)
 .data          0x020193b4        0x0 c:/altera/13.1/nios2eds/bin/gnu/h-i686-mingw32/bin/../lib/gcc/nios2-elf/4.7.3/../../../../../H-i686-mingw32/nios2-elf/lib/mno-hw-mul\libc.a(lib_a-__atexit.o)
 .data          0x020193b4        0x0 c:/altera/13.1/nios2eds/bin/gnu/h-i686-mingw32/bin/../lib/gcc/nios2-elf/4.7.3/../../../../../H-i686-mingw32/nios2-elf/lib/mno-hw-mul\libc.a(lib_a-__call_atexit.o)
 .data          0x020193b4        0x0 ../Controller_sw_bsp/\libhal_bsp.a(alt_exit.o)
                0x020213b4                _gp = ABSOLUTE ((. + 0x8000))
                0x020213b4                PROVIDE (gp, _gp)
 *(.rwdata .rwdata.*)
 *(.sdata .sdata.* .gnu.linkonce.s.*)
 .sdata         0x020193b4        0x8 c:/altera/13.1/nios2eds/bin/gnu/h-i686-mingw32/bin/../lib/gcc/nios2-elf/4.7.3/../../../../../H-i686-mingw32/nios2-elf/lib/mno-hw-mul\libc.a(lib_a-impure.o)
                0x020193b4                _global_impure_ptr
                0x020193b8                _impure_ptr
 .sdata         0x020193bc        0x4 c:/altera/13.1/nios2eds/bin/gnu/h-i686-mingw32/bin/../lib/gcc/nios2-elf/4.7.3/../../../../../H-i686-mingw32/nios2-elf/lib/mno-hw-mul\libc.a(lib_a-locale.o)
                0x020193bc                __mb_cur_max
 .sdata         0x020193c0        0x8 c:/altera/13.1/nios2eds/bin/gnu/h-i686-mingw32/bin/../lib/gcc/nios2-elf/4.7.3/../../../../../H-i686-mingw32/nios2-elf/lib/mno-hw-mul\libc.a(lib_a-mallocr.o)
                0x020193c0                __malloc_sbrk_base
                0x020193c4                __malloc_trim_threshold
 .sdata         0x020193c8       0x14 ../Controller_sw_bsp/\libhal_bsp.a(alt_dev.o)
                0x020193c8                alt_fs_list
                0x020193d0                alt_dev_list
                0x020193d8                alt_max_fd
 .sdata         0x020193dc        0x4 ../Controller_sw_bsp/\libhal_bsp.a(alt_errno.o)
                0x020193dc                alt_errno
 .sdata         0x020193e0        0x4 ../Controller_sw_bsp/\libhal_bsp.a(alt_irq_vars.o)
                0x020193e0                alt_priority_mask
 .sdata         0x020193e4        0x4 ../Controller_sw_bsp/\libhal_bsp.a(alt_sbrk.o)
 .sdata         0x020193e8        0x8 ../Controller_sw_bsp/\libhal_bsp.a(alt_flash_dev.o)
                0x020193e8                alt_flash_dev_list
 .sdata         0x020193f0        0x8 ../Controller_sw_bsp/\libhal_bsp.a(alt_tick.o)
                0x020193f0                alt_alarm_list
 *(.sdata2 .sdata2.* .gnu.linkonce.s2.*)
                0x020193f8                . = ALIGN (0x4)
                0x020193f8                _edata = ABSOLUTE (.)
                0x020193f8                PROVIDE (edata, ABSOLUTE (.))
                0x020193f8                PROVIDE (__ram_rwdata_end, ABSOLUTE (.))
                0x02017718                PROVIDE (__flash_rwdata_start, LOADADDR (.rwdata))

.bss            0x020193f8      0x304
                0x020193f8                __bss_start = ABSOLUTE (.)
                0x020193f8                PROVIDE (__sbss_start, ABSOLUTE (.))
                0x020193f8                PROVIDE (___sbss_start, ABSOLUTE (.))
 *(.dynsbss)
 *(.sbss .sbss.* .gnu.linkonce.sb.*)
 .sbss          0x020193f8        0x2 obj/default/driver/KPLED.o
 *fill*         0x020193fa        0x2 
 .sbss          0x020193fc        0xc c:/altera/13.1/nios2eds/bin/gnu/h-i686-mingw32/bin/../lib/gcc/nios2-elf/4.7.3/../../../../../H-i686-mingw32/nios2-elf/lib/mno-hw-mul\libc.a(lib_a-locale.o)
                0x020193fc                _PathLocale
                0x02019400                __mlocale_changed
                0x02019404                __nlocale_changed
 .sbss          0x02019408        0xc c:/altera/13.1/nios2eds/bin/gnu/h-i686-mingw32/bin/../lib/gcc/nios2-elf/4.7.3/../../../../../H-i686-mingw32/nios2-elf/lib/mno-hw-mul\libc.a(lib_a-mallocr.o)
                0x02019408                __malloc_max_total_mem
                0x0201940c                __malloc_max_sbrked_mem
                0x02019410                __malloc_top_pad
 .sbss          0x02019414        0x4 c:/altera/13.1/nios2eds/bin/gnu/h-i686-mingw32/bin/../lib/gcc/nios2-elf/4.7.3/../../../../../H-i686-mingw32/nios2-elf/lib/mno-hw-mul\libc.a(lib_a-int_errno.o)
                0x02019414                errno
 .sbss          0x02019418        0x4 ../Controller_sw_bsp/\libhal_bsp.a(alt_irq_vars.o)
                0x02019418                alt_irq_active
 .sbss          0x0201941c        0xc ../Controller_sw_bsp/\libhal_bsp.a(alt_main.o)
                0x0201941c                alt_argc
                0x02019420                alt_argv
                0x02019424                alt_envp
 .sbss          0x02019428        0x8 ../Controller_sw_bsp/\libhal_bsp.a(alt_tick.o)
                0x02019428                _alt_tick_rate
                0x0201942c                _alt_nticks
 *(.sbss2 .sbss2.* .gnu.linkonce.sb2.*)
 *(.scommon)
                0x02019430                PROVIDE (__sbss_end, ABSOLUTE (.))
                0x02019430                PROVIDE (___sbss_end, ABSOLUTE (.))
 *(.dynbss)
 *(.bss .bss.* .gnu.linkonce.b.*)
 .bss           0x02019430        0x0 ../Controller_sw_bsp//obj/HAL/src/crt0.o
 .bss           0x02019430        0x0 obj/default/driver/Counter.o
 .bss           0x02019430        0x0 obj/default/driver/DisDriver.o
 .bss           0x02019430        0x0 obj/default/driver/FRAM.o
 .bss           0x02019430        0x0 obj/default/driver/KPLED.o
 .bss           0x02019430        0x0 obj/default/driver/comInterface.o
 .bss           0x02019430        0x0 obj/default/driver/coverPage.o
 .bss           0x02019430        0x0 obj/default/driver/delay.o
 .bss           0x02019430        0x0 obj/default/driver/loadWriteData.o
 .bss           0x02019430        0x0 obj/default/driver/powerFailure.o
 .bss           0x02019430        0x0 obj/default/driver/uart.o
 .bss           0x02019430        0x0 obj/default/main/TopMenu.o
 .bss           0x02019430        0x0 obj/default/main/main.o
 .bss           0x02019430        0x0 obj/default/menuComponent/FireMenu.o
 .bss           0x02019430        0x0 obj/default/menuComponent/HeaterWarmingUp.o
 .bss           0x02019430        0x0 obj/default/menuComponent/ParameterMenu.o
 .bss           0x02019430        0x0 obj/default/menuComponent/RemoteMenu.o
 .bss           0x02019430        0x0 obj/default/menuComponent/SaveLoadMenu.o
 .bss           0x02019430        0x0 obj/default/menuComponent/ShotCountersMenu.o
 .bss           0x02019430        0x0 obj/default/menuComponent/ShutdownMenu.o
 .bss           0x02019430        0x0 obj/default/menuComponent/StartupMenu.o
 .bss           0x02019430        0x0 obj/default/menuComponent/editNum10.o
 .bss           0x02019430        0x0 obj/default/menuComponent/editNum2.o
 .bss           0x02019430        0x0 obj/default/menuComponent/editNum5.o
 .bss           0x02019430        0x0 obj/default/menuComponent/enterPWD.o
 .bss           0x02019430       0x12 obj/default/menuComponent/errorCheck.o
 .bss           0x02019442        0x0 obj/default/menuComponent/pwdPage.o
 .bss           0x02019442        0x0 obj/default/menuComponent/repPage.o
 .bss           0x02019442        0x0 obj/default/menuComponent/shotPage.o
 .bss           0x02019442        0x0 obj/default/menuComponent/timingPage.o
 .bss           0x02019442        0x0 c:/altera/13.1/nios2eds/bin/gnu/h-i686-mingw32/bin/../lib/gcc/nios2-elf/4.7.3/mno-hw-mul\libgcc.a(_fixunsdfsi.o)
 .bss           0x02019442        0x0 c:/altera/13.1/nios2eds/bin/gnu/h-i686-mingw32/bin/../lib/gcc/nios2-elf/4.7.3/mno-hw-mul\libgcc.a(_addsub_df.o)
 .bss           0x02019442        0x0 c:/altera/13.1/nios2eds/bin/gnu/h-i686-mingw32/bin/../lib/gcc/nios2-elf/4.7.3/mno-hw-mul\libgcc.a(_ge_df.o)
 .bss           0x02019442        0x0 c:/altera/13.1/nios2eds/bin/gnu/h-i686-mingw32/bin/../lib/gcc/nios2-elf/4.7.3/mno-hw-mul\libgcc.a(_df_to_si.o)
 .bss           0x02019442        0x0 c:/altera/13.1/nios2eds/bin/gnu/h-i686-mingw32/bin/../lib/gcc/nios2-elf/4.7.3/mno-hw-mul\libgcc.a(_thenan_df.o)
 .bss           0x02019442        0x0 c:/altera/13.1/nios2eds/bin/gnu/h-i686-mingw32/bin/../lib/gcc/nios2-elf/4.7.3/mno-hw-mul\libgcc.a(_usi_to_df.o)
 .bss           0x02019442        0x0 c:/altera/13.1/nios2eds/bin/gnu/h-i686-mingw32/bin/../lib/gcc/nios2-elf/4.7.3/mno-hw-mul\libgcc.a(lib2-divmod.o)
 .bss           0x02019442        0x0 c:/altera/13.1/nios2eds/bin/gnu/h-i686-mingw32/bin/../lib/gcc/nios2-elf/4.7.3/mno-hw-mul\libgcc.a(lib2-mul.o)
 .bss           0x02019442        0x0 c:/altera/13.1/nios2eds/bin/gnu/h-i686-mingw32/bin/../lib/gcc/nios2-elf/4.7.3/mno-hw-mul\libgcc.a(_clzsi2.o)
 .bss           0x02019442        0x0 c:/altera/13.1/nios2eds/bin/gnu/h-i686-mingw32/bin/../lib/gcc/nios2-elf/4.7.3/mno-hw-mul\libgcc.a(_pack_df.o)
 .bss           0x02019442        0x0 c:/altera/13.1/nios2eds/bin/gnu/h-i686-mingw32/bin/../lib/gcc/nios2-elf/4.7.3/mno-hw-mul\libgcc.a(_unpack_df.o)
 .bss           0x02019442        0x0 c:/altera/13.1/nios2eds/bin/gnu/h-i686-mingw32/bin/../lib/gcc/nios2-elf/4.7.3/mno-hw-mul\libgcc.a(_fpcmp_parts_df.o)
 .bss           0x02019442        0x0 c:/altera/13.1/nios2eds/bin/gnu/h-i686-mingw32/bin/../lib/gcc/nios2-elf/4.7.3/mno-hw-mul\libgcc.a(_lshrdi3.o)
 .bss           0x02019442        0x0 c:/altera/13.1/nios2eds/bin/gnu/h-i686-mingw32/bin/../lib/gcc/nios2-elf/4.7.3/mno-hw-mul\libgcc.a(_ashldi3.o)
 .bss           0x02019442        0x0 c:/altera/13.1/nios2eds/bin/gnu/h-i686-mingw32/bin/../lib/gcc/nios2-elf/4.7.3/mno-hw-mul\libgcc.a(_clz.o)
 .bss           0x02019442        0x0 c:/altera/13.1/nios2eds/bin/gnu/h-i686-mingw32/bin/../lib/gcc/nios2-elf/4.7.3/../../../../../H-i686-mingw32/nios2-elf/lib/mno-hw-mul\libc.a(lib_a-printf.o)
 .bss           0x02019442        0x0 c:/altera/13.1/nios2eds/bin/gnu/h-i686-mingw32/bin/../lib/gcc/nios2-elf/4.7.3/../../../../../H-i686-mingw32/nios2-elf/lib/mno-hw-mul\libc.a(lib_a-puts.o)
 .bss           0x02019442        0x0 c:/altera/13.1/nios2eds/bin/gnu/h-i686-mingw32/bin/../lib/gcc/nios2-elf/4.7.3/../../../../../H-i686-mingw32/nios2-elf/lib/mno-hw-mul\libc.a(lib_a-sprintf.o)
 .bss           0x02019442        0x0 c:/altera/13.1/nios2eds/bin/gnu/h-i686-mingw32/bin/../lib/gcc/nios2-elf/4.7.3/../../../../../H-i686-mingw32/nios2-elf/lib/mno-hw-mul\libc.a(lib_a-strlen.o)
 .bss           0x02019442        0x0 c:/altera/13.1/nios2eds/bin/gnu/h-i686-mingw32/bin/../lib/gcc/nios2-elf/4.7.3/../../../../../H-i686-mingw32/nios2-elf/lib/mno-hw-mul\libc.a(lib_a-vfprintf.o)
 .bss           0x02019442        0x0 c:/altera/13.1/nios2eds/bin/gnu/h-i686-mingw32/bin/../lib/gcc/nios2-elf/4.7.3/../../../../../H-i686-mingw32/nios2-elf/lib/mno-hw-mul\libc.a(lib_a-wsetup.o)
 .bss           0x02019442        0x0 c:/altera/13.1/nios2eds/bin/gnu/h-i686-mingw32/bin/../lib/gcc/nios2-elf/4.7.3/../../../../../H-i686-mingw32/nios2-elf/lib/mno-hw-mul\libc.a(lib_a-dtoa.o)
 .bss           0x02019442        0x0 c:/altera/13.1/nios2eds/bin/gnu/h-i686-mingw32/bin/../lib/gcc/nios2-elf/4.7.3/../../../../../H-i686-mingw32/nios2-elf/lib/mno-hw-mul\libc.a(lib_a-fflush.o)
 .bss           0x02019442        0x0 c:/altera/13.1/nios2eds/bin/gnu/h-i686-mingw32/bin/../lib/gcc/nios2-elf/4.7.3/../../../../../H-i686-mingw32/nios2-elf/lib/mno-hw-mul\libc.a(lib_a-findfp.o)
 .bss           0x02019442        0x0 c:/altera/13.1/nios2eds/bin/gnu/h-i686-mingw32/bin/../lib/gcc/nios2-elf/4.7.3/../../../../../H-i686-mingw32/nios2-elf/lib/mno-hw-mul\libc.a(lib_a-freer.o)
 .bss           0x02019442        0x0 c:/altera/13.1/nios2eds/bin/gnu/h-i686-mingw32/bin/../lib/gcc/nios2-elf/4.7.3/../../../../../H-i686-mingw32/nios2-elf/lib/mno-hw-mul\libc.a(lib_a-fvwrite.o)
 .bss           0x02019442        0x0 c:/altera/13.1/nios2eds/bin/gnu/h-i686-mingw32/bin/../lib/gcc/nios2-elf/4.7.3/../../../../../H-i686-mingw32/nios2-elf/lib/mno-hw-mul\libc.a(lib_a-fwalk.o)
 .bss           0x02019442        0x0 c:/altera/13.1/nios2eds/bin/gnu/h-i686-mingw32/bin/../lib/gcc/nios2-elf/4.7.3/../../../../../H-i686-mingw32/nios2-elf/lib/mno-hw-mul\libc.a(lib_a-impure.o)
 .bss           0x02019442        0x0 c:/altera/13.1/nios2eds/bin/gnu/h-i686-mingw32/bin/../lib/gcc/nios2-elf/4.7.3/../../../../../H-i686-mingw32/nios2-elf/lib/mno-hw-mul\libc.a(lib_a-locale.o)
 .bss           0x02019442        0x0 c:/altera/13.1/nios2eds/bin/gnu/h-i686-mingw32/bin/../lib/gcc/nios2-elf/4.7.3/../../../../../H-i686-mingw32/nios2-elf/lib/mno-hw-mul\libc.a(lib_a-makebuf.o)
 *fill*         0x02019442        0x2 
 .bss           0x02019444       0x28 c:/altera/13.1/nios2eds/bin/gnu/h-i686-mingw32/bin/../lib/gcc/nios2-elf/4.7.3/../../../../../H-i686-mingw32/nios2-elf/lib/mno-hw-mul\libc.a(lib_a-mallocr.o)
                0x02019444                __malloc_current_mallinfo
 .bss           0x0201946c        0x0 c:/altera/13.1/nios2eds/bin/gnu/h-i686-mingw32/bin/../lib/gcc/nios2-elf/4.7.3/../../../../../H-i686-mingw32/nios2-elf/lib/mno-hw-mul\libc.a(lib_a-memchr.o)
 .bss           0x0201946c        0x0 c:/altera/13.1/nios2eds/bin/gnu/h-i686-mingw32/bin/../lib/gcc/nios2-elf/4.7.3/../../../../../H-i686-mingw32/nios2-elf/lib/mno-hw-mul\libc.a(lib_a-memcpy.o)
 .bss           0x0201946c        0x0 c:/altera/13.1/nios2eds/bin/gnu/h-i686-mingw32/bin/../lib/gcc/nios2-elf/4.7.3/../../../../../H-i686-mingw32/nios2-elf/lib/mno-hw-mul\libc.a(lib_a-memmove.o)
 .bss           0x0201946c        0x0 c:/altera/13.1/nios2eds/bin/gnu/h-i686-mingw32/bin/../lib/gcc/nios2-elf/4.7.3/../../../../../H-i686-mingw32/nios2-elf/lib/mno-hw-mul\libc.a(lib_a-memset.o)
 .bss           0x0201946c        0x0 c:/altera/13.1/nios2eds/bin/gnu/h-i686-mingw32/bin/../lib/gcc/nios2-elf/4.7.3/../../../../../H-i686-mingw32/nios2-elf/lib/mno-hw-mul\libc.a(lib_a-mprec.o)
 .bss           0x0201946c        0x0 c:/altera/13.1/nios2eds/bin/gnu/h-i686-mingw32/bin/../lib/gcc/nios2-elf/4.7.3/../../../../../H-i686-mingw32/nios2-elf/lib/mno-hw-mul\libc.a(lib_a-reallocr.o)
 .bss           0x0201946c        0x0 c:/altera/13.1/nios2eds/bin/gnu/h-i686-mingw32/bin/../lib/gcc/nios2-elf/4.7.3/../../../../../H-i686-mingw32/nios2-elf/lib/mno-hw-mul\libc.a(lib_a-s_isinfd.o)
 .bss           0x0201946c        0x0 c:/altera/13.1/nios2eds/bin/gnu/h-i686-mingw32/bin/../lib/gcc/nios2-elf/4.7.3/../../../../../H-i686-mingw32/nios2-elf/lib/mno-hw-mul\libc.a(lib_a-s_isnand.o)
 .bss           0x0201946c        0x0 c:/altera/13.1/nios2eds/bin/gnu/h-i686-mingw32/bin/../lib/gcc/nios2-elf/4.7.3/../../../../../H-i686-mingw32/nios2-elf/lib/mno-hw-mul\libc.a(lib_a-sbrkr.o)
 .bss           0x0201946c        0x0 c:/altera/13.1/nios2eds/bin/gnu/h-i686-mingw32/bin/../lib/gcc/nios2-elf/4.7.3/../../../../../H-i686-mingw32/nios2-elf/lib/mno-hw-mul\libc.a(lib_a-stdio.o)
 .bss           0x0201946c        0x0 c:/altera/13.1/nios2eds/bin/gnu/h-i686-mingw32/bin/../lib/gcc/nios2-elf/4.7.3/../../../../../H-i686-mingw32/nios2-elf/lib/mno-hw-mul\libc.a(lib_a-strcmp.o)
 .bss           0x0201946c        0x0 c:/altera/13.1/nios2eds/bin/gnu/h-i686-mingw32/bin/../lib/gcc/nios2-elf/4.7.3/../../../../../H-i686-mingw32/nios2-elf/lib/mno-hw-mul\libc.a(lib_a-writer.o)
 .bss           0x0201946c        0x0 c:/altera/13.1/nios2eds/bin/gnu/h-i686-mingw32/bin/../lib/gcc/nios2-elf/4.7.3/../../../../../H-i686-mingw32/nios2-elf/lib/mno-hw-mul\libc.a(lib_a-callocr.o)
 .bss           0x0201946c        0x0 c:/altera/13.1/nios2eds/bin/gnu/h-i686-mingw32/bin/../lib/gcc/nios2-elf/4.7.3/../../../../../H-i686-mingw32/nios2-elf/lib/mno-hw-mul\libc.a(lib_a-closer.o)
 .bss           0x0201946c        0x0 c:/altera/13.1/nios2eds/bin/gnu/h-i686-mingw32/bin/../lib/gcc/nios2-elf/4.7.3/../../../../../H-i686-mingw32/nios2-elf/lib/mno-hw-mul\libc.a(lib_a-fclose.o)
 .bss           0x0201946c        0x0 c:/altera/13.1/nios2eds/bin/gnu/h-i686-mingw32/bin/../lib/gcc/nios2-elf/4.7.3/../../../../../H-i686-mingw32/nios2-elf/lib/mno-hw-mul\libc.a(lib_a-fstatr.o)
 .bss           0x0201946c        0x0 c:/altera/13.1/nios2eds/bin/gnu/h-i686-mingw32/bin/../lib/gcc/nios2-elf/4.7.3/../../../../../H-i686-mingw32/nios2-elf/lib/mno-hw-mul\libc.a(lib_a-int_errno.o)
 .bss           0x0201946c        0x0 c:/altera/13.1/nios2eds/bin/gnu/h-i686-mingw32/bin/../lib/gcc/nios2-elf/4.7.3/../../../../../H-i686-mingw32/nios2-elf/lib/mno-hw-mul\libc.a(lib_a-isattyr.o)
 .bss           0x0201946c        0x0 c:/altera/13.1/nios2eds/bin/gnu/h-i686-mingw32/bin/../lib/gcc/nios2-elf/4.7.3/../../../../../H-i686-mingw32/nios2-elf/lib/mno-hw-mul\libc.a(lib_a-lseekr.o)
 .bss           0x0201946c        0x0 c:/altera/13.1/nios2eds/bin/gnu/h-i686-mingw32/bin/../lib/gcc/nios2-elf/4.7.3/../../../../../H-i686-mingw32/nios2-elf/lib/mno-hw-mul\libc.a(lib_a-readr.o)
 .bss           0x0201946c        0x0 c:/altera/13.1/nios2eds/bin/gnu/h-i686-mingw32/bin/../lib/gcc/nios2-elf/4.7.3/mno-hw-mul\libgcc.a(_udivdi3.o)
 .bss           0x0201946c        0x0 c:/altera/13.1/nios2eds/bin/gnu/h-i686-mingw32/bin/../lib/gcc/nios2-elf/4.7.3/mno-hw-mul\libgcc.a(_umoddi3.o)
 .bss           0x0201946c        0x0 c:/altera/13.1/nios2eds/bin/gnu/h-i686-mingw32/bin/../lib/gcc/nios2-elf/4.7.3/mno-hw-mul\libgcc.a(_mul_df.o)
 .bss           0x0201946c        0x0 c:/altera/13.1/nios2eds/bin/gnu/h-i686-mingw32/bin/../lib/gcc/nios2-elf/4.7.3/mno-hw-mul\libgcc.a(_div_df.o)
 .bss           0x0201946c        0x0 c:/altera/13.1/nios2eds/bin/gnu/h-i686-mingw32/bin/../lib/gcc/nios2-elf/4.7.3/mno-hw-mul\libgcc.a(_eq_df.o)
 .bss           0x0201946c        0x0 c:/altera/13.1/nios2eds/bin/gnu/h-i686-mingw32/bin/../lib/gcc/nios2-elf/4.7.3/mno-hw-mul\libgcc.a(_ne_df.o)
 .bss           0x0201946c        0x0 c:/altera/13.1/nios2eds/bin/gnu/h-i686-mingw32/bin/../lib/gcc/nios2-elf/4.7.3/mno-hw-mul\libgcc.a(_gt_df.o)
 .bss           0x0201946c        0x0 c:/altera/13.1/nios2eds/bin/gnu/h-i686-mingw32/bin/../lib/gcc/nios2-elf/4.7.3/mno-hw-mul\libgcc.a(_lt_df.o)
 .bss           0x0201946c        0x0 c:/altera/13.1/nios2eds/bin/gnu/h-i686-mingw32/bin/../lib/gcc/nios2-elf/4.7.3/mno-hw-mul\libgcc.a(_si_to_df.o)
 .bss           0x0201946c        0x0 c:/altera/13.1/nios2eds/bin/gnu/h-i686-mingw32/bin/../lib/gcc/nios2-elf/4.7.3/mno-hw-mul\libgcc.a(_muldi3.o)
 .bss           0x0201946c        0x0 ../Controller_sw_bsp/\libhal_bsp.a(alt_close.o)
 .bss           0x0201946c        0x0 ../Controller_sw_bsp/\libhal_bsp.a(alt_dev.o)
 .bss           0x0201946c        0x0 ../Controller_sw_bsp/\libhal_bsp.a(alt_errno.o)
 .bss           0x0201946c        0x0 ../Controller_sw_bsp/\libhal_bsp.a(alt_fstat.o)
 .bss           0x0201946c        0x0 ../Controller_sw_bsp/\libhal_bsp.a(alt_iic.o)
 .bss           0x0201946c        0x0 ../Controller_sw_bsp/\libhal_bsp.a(alt_iic_isr_register.o)
 .bss           0x0201946c        0x0 ../Controller_sw_bsp/\libhal_bsp.a(alt_irq_entry.o)
 .bss           0x0201946c        0x0 ../Controller_sw_bsp/\libhal_bsp.a(alt_irq_handler.o)
 .bss           0x0201946c        0x0 ../Controller_sw_bsp/\libhal_bsp.a(alt_irq_vars.o)
 .bss           0x0201946c        0x0 ../Controller_sw_bsp/\libhal_bsp.a(alt_isatty.o)
 .bss           0x0201946c        0x0 ../Controller_sw_bsp/\libhal_bsp.a(alt_lseek.o)
 .bss           0x0201946c        0x0 ../Controller_sw_bsp/\libhal_bsp.a(alt_main.o)
 .bss           0x0201946c        0x0 ../Controller_sw_bsp/\libhal_bsp.a(alt_malloc_lock.o)
 .bss           0x0201946c        0x0 ../Controller_sw_bsp/\libhal_bsp.a(alt_read.o)
 .bss           0x0201946c        0x0 ../Controller_sw_bsp/\libhal_bsp.a(alt_release_fd.o)
 .bss           0x0201946c        0x0 ../Controller_sw_bsp/\libhal_bsp.a(alt_sbrk.o)
 .bss           0x0201946c        0x0 ../Controller_sw_bsp/\libhal_bsp.a(alt_write.o)
 .bss           0x0201946c        0x0 ../Controller_sw_bsp/\libhal_bsp.a(alt_sys_init.o)
 .bss           0x0201946c        0x0 ../Controller_sw_bsp/\libhal_bsp.a(altera_avalon_epcs_flash_controller.o)
 .bss           0x0201946c        0x0 ../Controller_sw_bsp/\libhal_bsp.a(altera_avalon_jtag_uart_fd.o)
 .bss           0x0201946c        0x0 ../Controller_sw_bsp/\libhal_bsp.a(altera_avalon_jtag_uart_init.o)
 .bss           0x0201946c        0x0 ../Controller_sw_bsp/\libhal_bsp.a(altera_avalon_jtag_uart_ioctl.o)
 .bss           0x0201946c        0x0 ../Controller_sw_bsp/\libhal_bsp.a(altera_avalon_jtag_uart_read.o)
 .bss           0x0201946c        0x0 ../Controller_sw_bsp/\libhal_bsp.a(altera_avalon_jtag_uart_write.o)
 .bss           0x0201946c        0x0 ../Controller_sw_bsp/\libhal_bsp.a(altera_avalon_uart_fd.o)
 .bss           0x0201946c        0x0 ../Controller_sw_bsp/\libhal_bsp.a(altera_avalon_uart_init.o)
 .bss           0x0201946c        0x0 ../Controller_sw_bsp/\libhal_bsp.a(altera_avalon_uart_read.o)
 .bss           0x0201946c        0x0 ../Controller_sw_bsp/\libhal_bsp.a(altera_avalon_uart_write.o)
 .bss           0x0201946c        0x0 ../Controller_sw_bsp/\libhal_bsp.a(epcs_commands.o)
 .bss           0x0201946c        0x0 ../Controller_sw_bsp/\libhal_bsp.a(alt_alarm_start.o)
 .bss           0x0201946c        0x0 ../Controller_sw_bsp/\libhal_bsp.a(alt_dev_llist_insert.o)
 .bss           0x0201946c        0x0 ../Controller_sw_bsp/\libhal_bsp.a(alt_do_ctors.o)
 .bss           0x0201946c        0x0 ../Controller_sw_bsp/\libhal_bsp.a(alt_do_dtors.o)
 .bss           0x0201946c        0x0 ../Controller_sw_bsp/\libhal_bsp.a(alt_exception_entry.o)
 .bss           0x0201946c        0x0 ../Controller_sw_bsp/\libhal_bsp.a(alt_flash_dev.o)
 .bss           0x0201946c        0x0 ../Controller_sw_bsp/\libhal_bsp.a(alt_io_redirect.o)
 .bss           0x0201946c        0x0 ../Controller_sw_bsp/\libhal_bsp.a(alt_open.o)
 .bss           0x0201946c        0x0 ../Controller_sw_bsp/\libhal_bsp.a(alt_tick.o)
 .bss           0x0201946c        0x0 ../Controller_sw_bsp/\libhal_bsp.a(altera_nios2_qsys_irq.o)
 .bss           0x0201946c        0x0 ../Controller_sw_bsp/\libhal_bsp.a(altera_avalon_spi.o)
 .bss           0x0201946c        0x0 ../Controller_sw_bsp/\libhal_bsp.a(alt_find_dev.o)
 .bss           0x0201946c        0x0 ../Controller_sw_bsp/\libhal_bsp.a(alt_find_file.o)
 .bss           0x0201946c        0x0 ../Controller_sw_bsp/\libhal_bsp.a(alt_get_fd.o)
 .bss           0x0201946c        0x0 c:/altera/13.1/nios2eds/bin/gnu/h-i686-mingw32/bin/../lib/gcc/nios2-elf/4.7.3/../../../../../H-i686-mingw32/nios2-elf/lib/mno-hw-mul\libc.a(lib_a-atexit.o)
 .bss           0x0201946c        0x0 c:/altera/13.1/nios2eds/bin/gnu/h-i686-mingw32/bin/../lib/gcc/nios2-elf/4.7.3/../../../../../H-i686-mingw32/nios2-elf/lib/mno-hw-mul\libc.a(lib_a-exit.o)
 .bss           0x0201946c        0x0 c:/altera/13.1/nios2eds/bin/gnu/h-i686-mingw32/bin/../lib/gcc/nios2-elf/4.7.3/../../../../../H-i686-mingw32/nios2-elf/lib/mno-hw-mul\libc.a(lib_a-memcmp.o)
 .bss           0x0201946c        0x0 c:/altera/13.1/nios2eds/bin/gnu/h-i686-mingw32/bin/../lib/gcc/nios2-elf/4.7.3/../../../../../H-i686-mingw32/nios2-elf/lib/mno-hw-mul\libc.a(lib_a-__atexit.o)
 .bss           0x0201946c        0x0 c:/altera/13.1/nios2eds/bin/gnu/h-i686-mingw32/bin/../lib/gcc/nios2-elf/4.7.3/../../../../../H-i686-mingw32/nios2-elf/lib/mno-hw-mul\libc.a(lib_a-__call_atexit.o)
 .bss           0x0201946c        0x0 ../Controller_sw_bsp/\libhal_bsp.a(alt_exit.o)
 *(COMMON)
 COMMON         0x0201946c      0x100 ../Controller_sw_bsp/\libhal_bsp.a(alt_irq_handler.o)
                0x0201946c                alt_irq
 COMMON         0x0201956c      0x190 c:/altera/13.1/nios2eds/bin/gnu/h-i686-mingw32/bin/../lib/gcc/nios2-elf/4.7.3/../../../../../H-i686-mingw32/nios2-elf/lib/mno-hw-mul\libc.a(lib_a-atexit.o)
                0x0201956c                _atexit0
                0x020196fc                . = ALIGN (0x4)
                0x020196fc                __bss_end = ABSOLUTE (.)

.sdram          0x020196fc        0x0
                0x020196fc                PROVIDE (_alt_partition_sdram_start, ABSOLUTE (.))
 *(.sdram .sdram. sdram.*)
                0x020196fc                . = ALIGN (0x4)
                0x020196fc                PROVIDE (_alt_partition_sdram_end, ABSOLUTE (.))
                0x020196fc                _end = ABSOLUTE (.)
                0x020196fc                end = ABSOLUTE (.)
                0x020196fc                __alt_stack_base = ABSOLUTE (.)
                0x020196fc                PROVIDE (_alt_partition_sdram_load_addr, LOADADDR (.sdram))

.epcs           0x04001020        0x0
                0x04001020                PROVIDE (_alt_partition_epcs_start, ABSOLUTE (.))
 *(.epcs .epcs. epcs.*)
                0x04001020                . = ALIGN (0x4)
                0x04001020                PROVIDE (_alt_partition_epcs_end, ABSOLUTE (.))
                0x04001020                PROVIDE (_alt_partition_epcs_load_addr, LOADADDR (.epcs))

.stab
 *(.stab)

.stabstr
 *(.stabstr)

.stab.excl
 *(.stab.excl)

.stab.exclstr
 *(.stab.exclstr)

.stab.index
 *(.stab.index)

.stab.indexstr
 *(.stab.indexstr)

.comment        0x00000000       0x23
 *(.comment)
 .comment       0x00000000       0x23 obj/default/driver/Counter.o
                                 0x24 (size before relaxing)
 .comment       0x00000000       0x24 obj/default/driver/DisDriver.o
 .comment       0x00000000       0x24 obj/default/driver/FRAM.o
 .comment       0x00000000       0x24 obj/default/driver/KPLED.o
 .comment       0x00000000       0x24 obj/default/driver/comInterface.o
 .comment       0x00000000       0x24 obj/default/driver/coverPage.o
 .comment       0x00000000       0x24 obj/default/driver/delay.o
 .comment       0x00000000       0x24 obj/default/driver/loadWriteData.o
 .comment       0x00000000       0x24 obj/default/driver/powerFailure.o
 .comment       0x00000000       0x24 obj/default/driver/uart.o
 .comment       0x00000000       0x24 obj/default/main/TopMenu.o
 .comment       0x00000000       0x24 obj/default/main/main.o
 .comment       0x00000000       0x24 obj/default/menuComponent/FireMenu.o
 .comment       0x00000000       0x24 obj/default/menuComponent/HeaterWarmingUp.o
 .comment       0x00000000       0x24 obj/default/menuComponent/ParameterMenu.o
 .comment       0x00000000       0x24 obj/default/menuComponent/RemoteMenu.o
 .comment       0x00000000       0x24 obj/default/menuComponent/SaveLoadMenu.o
 .comment       0x00000000       0x24 obj/default/menuComponent/ShotCountersMenu.o
 .comment       0x00000000       0x24 obj/default/menuComponent/ShutdownMenu.o
 .comment       0x00000000       0x24 obj/default/menuComponent/StartupMenu.o
 .comment       0x00000000       0x24 obj/default/menuComponent/editNum10.o
 .comment       0x00000000       0x24 obj/default/menuComponent/editNum2.o
 .comment       0x00000000       0x24 obj/default/menuComponent/editNum5.o
 .comment       0x00000000       0x24 obj/default/menuComponent/enterPWD.o
 .comment       0x00000000       0x24 obj/default/menuComponent/errorCheck.o
 .comment       0x00000000       0x24 obj/default/menuComponent/pwdPage.o
 .comment       0x00000000       0x24 obj/default/menuComponent/repPage.o
 .comment       0x00000000       0x24 obj/default/menuComponent/shotPage.o
 .comment       0x00000000       0x24 obj/default/menuComponent/timingPage.o
 .comment       0x00000000       0x24 c:/altera/13.1/nios2eds/bin/gnu/h-i686-mingw32/bin/../lib/gcc/nios2-elf/4.7.3/mno-hw-mul\libgcc.a(_fixunsdfsi.o)
 .comment       0x00000000       0x24 c:/altera/13.1/nios2eds/bin/gnu/h-i686-mingw32/bin/../lib/gcc/nios2-elf/4.7.3/mno-hw-mul\libgcc.a(_addsub_df.o)
 .comment       0x00000000       0x24 c:/altera/13.1/nios2eds/bin/gnu/h-i686-mingw32/bin/../lib/gcc/nios2-elf/4.7.3/mno-hw-mul\libgcc.a(_ge_df.o)